../Core/Src/main.c:88:5:main	136	static
../Core/Src/main.c:194:6:SystemClock_Config	88	static
../Core/Src/main.c:236:13:MX_TIM3_Init	64	static
../Core/Src/main.c:307:13:MX_USART1_UART_Init	8	static
../Core/Src/main.c:340:13:MX_GPIO_Init	16	static
../Core/Src/main.c:355:6:uart1_rx_callback	8	static,ignoring_inline_asm
../Core/Src/main.c:382:6:programing_mode	24	static
../Core/Src/main.c:403:6:interpreter	40	static,ignoring_inline_asm
../Core/Src/main.c:480:6:uart_comunication	16	static
../Core/Src/main.c:498:6:execution_from_memory	24	static
../Core/Src/main.c:519:6:HAL_TIM_PeriodElapsedCallback	16	static
../Core/Src/main.c:566:6:Error_Handler	4	static,ignoring_inline_asm
