../Core/Src/main.c:100:5:main	136	static
../Core/Src/main.c:212:6:SystemClock_Config	88	static
../Core/Src/main.c:254:13:MX_TIM3_Init	64	static
../Core/Src/main.c:325:13:MX_USART1_UART_Init	8	static
../Core/Src/main.c:358:13:MX_GPIO_Init	16	static
../Core/Src/main.c:373:6:uart1_rx_callback	8	static,ignoring_inline_asm
../Core/Src/main.c:380:6:function_of_S	24	static,ignoring_inline_asm
../Core/Src/main.c:400:6:programing_mode	24	static
../Core/Src/main.c:421:6:interpreter	24	static,ignoring_inline_asm
../Core/Src/main.c:493:6:uart_comunication	16	static
../Core/Src/main.c:511:6:execution_from_memory	24	static
../Core/Src/main.c:534:6:HAL_TIM_PeriodElapsedCallback	16	static
../Core/Src/main.c:581:6:Error_Handler	4	static,ignoring_inline_asm
