../Core/Src/main.c:117:5:main	144	static
../Core/Src/main.c:233:6:SystemClock_Config	88	static
../Core/Src/main.c:275:13:MX_SPI1_Init	8	static
../Core/Src/main.c:313:13:MX_TIM3_Init	40	static
../Core/Src/main.c:359:13:MX_TIM4_Init	64	static
../Core/Src/main.c:418:13:MX_USART1_UART_Init	8	static
../Core/Src/main.c:451:13:MX_GPIO_Init	40	static
../Core/Src/main.c:522:6:uart1_rx_callback	8	static,ignoring_inline_asm
../Core/Src/main.c:529:6:HAL_GPIO_EXTI_Callback	16	static
../Core/Src/main.c:538:6:enter_programing	8	static
../Core/Src/main.c:548:6:exit_programing	8	static
../Core/Src/main.c:563:6:write_to_exm	24	static
../Core/Src/main.c:583:6:read_from_exm	16	static
../Core/Src/main.c:604:6:erase_exm	16	static
../Core/Src/main.c:614:6:start_motor	16	static
../Core/Src/main.c:624:6:speed_regulation	4	static
../Core/Src/main.c:629:6:stop_motor	4	static
../Core/Src/main.c:643:6:programing_mode	48	static
../Core/Src/main.c:695:6:interpreter	40	static,ignoring_inline_asm
../Core/Src/main.c:851:6:uart_comunication	24	static
../Core/Src/main.c:874:6:execution_from_memory	24	static
../Core/Src/main.c:945:6:HAL_TIM_PeriodElapsedCallback	16	static
../Core/Src/main.c:996:6:Error_Handler	4	static,ignoring_inline_asm
