Archive member included to satisfy reference by file (symbol)

O:/programs/STMicroelectronics/STM32CubeIDE_1.13.1/STM32CubeIDE/plugins/com.st.stm32cube.ide.mcu.externaltools.gnu-tools-for-stm32.11.3.rel1.win32_1.1.0.202305231506/tools/bin/../lib/gcc/arm-none-eabi/11.3.1/../../../../arm-none-eabi/lib/thumb/v7e-m+fp/hard\libc_nano.a(libc_a-exit.o)
                              O:/programs/STMicroelectronics/STM32CubeIDE_1.13.1/STM32CubeIDE/plugins/com.st.stm32cube.ide.mcu.externaltools.gnu-tools-for-stm32.11.3.rel1.win32_1.1.0.202305231506/tools/bin/../lib/gcc/arm-none-eabi/11.3.1/../../../../arm-none-eabi/lib/thumb/v7e-m+fp/hard/crt0.o (exit)
O:/programs/STMicroelectronics/STM32CubeIDE_1.13.1/STM32CubeIDE/plugins/com.st.stm32cube.ide.mcu.externaltools.gnu-tools-for-stm32.11.3.rel1.win32_1.1.0.202305231506/tools/bin/../lib/gcc/arm-none-eabi/11.3.1/../../../../arm-none-eabi/lib/thumb/v7e-m+fp/hard\libc_nano.a(libc_a-findfp.o)
                              O:/programs/STMicroelectronics/STM32CubeIDE_1.13.1/STM32CubeIDE/plugins/com.st.stm32cube.ide.mcu.externaltools.gnu-tools-for-stm32.11.3.rel1.win32_1.1.0.202305231506/tools/bin/../lib/gcc/arm-none-eabi/11.3.1/../../../../arm-none-eabi/lib/thumb/v7e-m+fp/hard\libc_nano.a(libc_a-exit.o) (__stdio_exit_handler)
O:/programs/STMicroelectronics/STM32CubeIDE_1.13.1/STM32CubeIDE/plugins/com.st.stm32cube.ide.mcu.externaltools.gnu-tools-for-stm32.11.3.rel1.win32_1.1.0.202305231506/tools/bin/../lib/gcc/arm-none-eabi/11.3.1/../../../../arm-none-eabi/lib/thumb/v7e-m+fp/hard\libc_nano.a(libc_a-fwalk.o)
                              O:/programs/STMicroelectronics/STM32CubeIDE_1.13.1/STM32CubeIDE/plugins/com.st.stm32cube.ide.mcu.externaltools.gnu-tools-for-stm32.11.3.rel1.win32_1.1.0.202305231506/tools/bin/../lib/gcc/arm-none-eabi/11.3.1/../../../../arm-none-eabi/lib/thumb/v7e-m+fp/hard\libc_nano.a(libc_a-findfp.o) (_fwalk_sglue)
O:/programs/STMicroelectronics/STM32CubeIDE_1.13.1/STM32CubeIDE/plugins/com.st.stm32cube.ide.mcu.externaltools.gnu-tools-for-stm32.11.3.rel1.win32_1.1.0.202305231506/tools/bin/../lib/gcc/arm-none-eabi/11.3.1/../../../../arm-none-eabi/lib/thumb/v7e-m+fp/hard\libc_nano.a(libc_a-stdio.o)
                              O:/programs/STMicroelectronics/STM32CubeIDE_1.13.1/STM32CubeIDE/plugins/com.st.stm32cube.ide.mcu.externaltools.gnu-tools-for-stm32.11.3.rel1.win32_1.1.0.202305231506/tools/bin/../lib/gcc/arm-none-eabi/11.3.1/../../../../arm-none-eabi/lib/thumb/v7e-m+fp/hard\libc_nano.a(libc_a-findfp.o) (__sread)
O:/programs/STMicroelectronics/STM32CubeIDE_1.13.1/STM32CubeIDE/plugins/com.st.stm32cube.ide.mcu.externaltools.gnu-tools-for-stm32.11.3.rel1.win32_1.1.0.202305231506/tools/bin/../lib/gcc/arm-none-eabi/11.3.1/../../../../arm-none-eabi/lib/thumb/v7e-m+fp/hard\libc_nano.a(libc_a-memset.o)
                              O:/programs/STMicroelectronics/STM32CubeIDE_1.13.1/STM32CubeIDE/plugins/com.st.stm32cube.ide.mcu.externaltools.gnu-tools-for-stm32.11.3.rel1.win32_1.1.0.202305231506/tools/bin/../lib/gcc/arm-none-eabi/11.3.1/../../../../arm-none-eabi/lib/thumb/v7e-m+fp/hard/crt0.o (memset)
O:/programs/STMicroelectronics/STM32CubeIDE_1.13.1/STM32CubeIDE/plugins/com.st.stm32cube.ide.mcu.externaltools.gnu-tools-for-stm32.11.3.rel1.win32_1.1.0.202305231506/tools/bin/../lib/gcc/arm-none-eabi/11.3.1/../../../../arm-none-eabi/lib/thumb/v7e-m+fp/hard\libc_nano.a(libc_a-closer.o)
                              O:/programs/STMicroelectronics/STM32CubeIDE_1.13.1/STM32CubeIDE/plugins/com.st.stm32cube.ide.mcu.externaltools.gnu-tools-for-stm32.11.3.rel1.win32_1.1.0.202305231506/tools/bin/../lib/gcc/arm-none-eabi/11.3.1/../../../../arm-none-eabi/lib/thumb/v7e-m+fp/hard\libc_nano.a(libc_a-stdio.o) (_close_r)
O:/programs/STMicroelectronics/STM32CubeIDE_1.13.1/STM32CubeIDE/plugins/com.st.stm32cube.ide.mcu.externaltools.gnu-tools-for-stm32.11.3.rel1.win32_1.1.0.202305231506/tools/bin/../lib/gcc/arm-none-eabi/11.3.1/../../../../arm-none-eabi/lib/thumb/v7e-m+fp/hard\libc_nano.a(libc_a-reent.o)
                              O:/programs/STMicroelectronics/STM32CubeIDE_1.13.1/STM32CubeIDE/plugins/com.st.stm32cube.ide.mcu.externaltools.gnu-tools-for-stm32.11.3.rel1.win32_1.1.0.202305231506/tools/bin/../lib/gcc/arm-none-eabi/11.3.1/../../../../arm-none-eabi/lib/thumb/v7e-m+fp/hard\libc_nano.a(libc_a-closer.o) (errno)
O:/programs/STMicroelectronics/STM32CubeIDE_1.13.1/STM32CubeIDE/plugins/com.st.stm32cube.ide.mcu.externaltools.gnu-tools-for-stm32.11.3.rel1.win32_1.1.0.202305231506/tools/bin/../lib/gcc/arm-none-eabi/11.3.1/../../../../arm-none-eabi/lib/thumb/v7e-m+fp/hard\libc_nano.a(libc_a-impure.o)
                              O:/programs/STMicroelectronics/STM32CubeIDE_1.13.1/STM32CubeIDE/plugins/com.st.stm32cube.ide.mcu.externaltools.gnu-tools-for-stm32.11.3.rel1.win32_1.1.0.202305231506/tools/bin/../lib/gcc/arm-none-eabi/11.3.1/../../../../arm-none-eabi/lib/thumb/v7e-m+fp/hard\libc_nano.a(libc_a-reent.o) (_impure_ptr)
[...]
Memory Configuration

Name             Origin             Length             Attributes
RAM              0x0000000020000000 0x0000000000020000 xrw
FLASH            0x0000000008000000 0x0000000000080000 xr
*default*        0x0000000000000000 0xffffffffffffffff

Linker script and memory map

LOAD O:/programs/STMicroelectronics/STM32CubeIDE_1.13.1/STM32CubeIDE/plugins/com.st.stm32cube.ide.mcu.externaltools.gnu-tools-for-stm32.11.3.rel1.win32_1.1.0.202305231506/tools/bin/../lib/gcc/arm-none-eabi/11.3.1/thumb/v7e-m+fp/hard/crti.o
LOAD O:/programs/STMicroelectronics/STM32CubeIDE_1.13.1/STM32CubeIDE/plugins/com.st.stm32cube.ide.mcu.externaltools.gnu-tools-for-stm32.11.3.rel1.win32_1.1.0.202305231506/tools/bin/../lib/gcc/arm-none-eabi/11.3.1/thumb/v7e-m+fp/hard/crtbegin.o
LOAD O:/programs/STMicroelectronics/STM32CubeIDE_1.13.1/STM32CubeIDE/plugins/com.st.stm32cube.ide.mcu.externaltools.gnu-tools-for-stm32.11.3.rel1.win32_1.1.0.202305231506/tools/bin/../lib/gcc/arm-none-eabi/11.3.1/../../../../arm-none-eabi/lib/thumb/v7e-m+fp/hard/crt0.o
LOAD ./Core/Src/freertos.o
LOAD ./Core/Src/main.o
LOAD ./Core/Src/stm32f4xx_hal_msp.o
LOAD ./Core/Src/stm32f4xx_hal_timebase_tim.o
LOAD ./Core/Src/stm32f4xx_it.o
LOAD ./Core/Src/syscalls.o
LOAD ./Core/Src/sysmem.o
LOAD ./Core/Src/system_stm32f4xx.o
LOAD ./Core/Startup/startup_stm32f411ceux.o
LOAD ./Drivers/STM32F4xx_HAL_Driver/Src/stm32f4xx_hal.o
LOAD ./Drivers/STM32F4xx_HAL_Driver/Src/stm32f4xx_hal_cortex.o
LOAD ./Drivers/STM32F4xx_HAL_Driver/Src/stm32f4xx_hal_dma.o
LOAD ./Drivers/STM32F4xx_HAL_Driver/Src/stm32f4xx_hal_dma_ex.o
LOAD ./Drivers/STM32F4xx_HAL_Driver/Src/stm32f4xx_hal_exti.o
LOAD ./Drivers/STM32F4xx_HAL_Driver/Src/stm32f4xx_hal_flash.o
LOAD ./Drivers/STM32F4xx_HAL_Driver/Src/stm32f4xx_hal_flash_ex.o
LOAD ./Drivers/STM32F4xx_HAL_Driver/Src/stm32f4xx_hal_flash_ramfunc.o
LOAD ./Drivers/STM32F4xx_HAL_Driver/Src/stm32f4xx_hal_gpio.o
LOAD ./Drivers/STM32F4xx_HAL_Driver/Src/stm32f4xx_hal_pwr.o
LOAD ./Drivers/STM32F4xx_HAL_Driver/Src/stm32f4xx_hal_pwr_ex.o
LOAD ./Drivers/STM32F4xx_HAL_Driver/Src/stm32f4xx_hal_rcc.o
LOAD ./Drivers/STM32F4xx_HAL_Driver/Src/stm32f4xx_hal_rcc_ex.o
LOAD ./Drivers/STM32F4xx_HAL_Driver/Src/stm32f4xx_hal_tim.o
LOAD ./Drivers/STM32F4xx_HAL_Driver/Src/stm32f4xx_hal_tim_ex.o
LOAD ./Drivers/STM32F4xx_HAL_Driver/Src/stm32f4xx_hal_uart.o
LOAD ./Middlewares/Third_Party/FreeRTOS/Source/CMSIS_RTOS/cmsis_os.o
LOAD ./Middlewares/Third_Party/FreeRTOS/Source/croutine.o
LOAD ./Middlewares/Third_Party/FreeRTOS/Source/event_groups.o
LOAD ./Middlewares/Third_Party/FreeRTOS/Source/list.o
LOAD ./Middlewares/Third_Party/FreeRTOS/Source/queue.o
LOAD ./Middlewares/Third_Party/FreeRTOS/Source/stream_buffer.o
LOAD ./Middlewares/Third_Party/FreeRTOS/Source/tasks.o
LOAD ./Middlewares/Third_Party/FreeRTOS/Source/timers.o
LOAD ./Middlewares/Third_Party/FreeRTOS/Source/portable/GCC/ARM_CM4F/port.o
LOAD ./Middlewares/Third_Party/FreeRTOS/Source/portable/MemMang/heap_4.o
START GROUP
LOAD O:/programs/STMicroelectronics/STM32CubeIDE_1.13.1/STM32CubeIDE/plugins/com.st.stm32cube.ide.mcu.externaltools.gnu-tools-for-stm32.11.3.rel1.win32_1.1.0.202305231506/tools/bin/../lib/gcc/arm-none-eabi/11.3.1/../../../../arm-none-eabi/lib/thumb/v7e-m+fp/hard\libc_nano.a
LOAD O:/programs/STMicroelectronics/STM32CubeIDE_1.13.1/STM32CubeIDE/plugins/com.st.stm32cube.ide.mcu.externaltools.gnu-tools-for-stm32.11.3.rel1.win32_1.1.0.202305231506/tools/bin/../lib/gcc/arm-none-eabi/11.3.1/../../../../arm-none-eabi/lib/thumb/v7e-m+fp/hard\libm.a
END GROUP
START GROUP
LOAD O:/programs/STMicroelectronics/STM32CubeIDE_1.13.1/STM32CubeIDE/plugins/com.st.stm32cube.ide.mcu.externaltools.gnu-tools-for-stm32.11.3.rel1.win32_1.1.0.202305231506/tools/bin/../lib/gcc/arm-none-eabi/11.3.1/thumb/v7e-m+fp/hard\libgcc.a
LOAD O:/programs/STMicroelectronics/STM32CubeIDE_1.13.1/STM32CubeIDE/plugins/com.st.stm32cube.ide.mcu.externaltools.gnu-tools-for-stm32.11.3.rel1.win32_1.1.0.202305231506/tools/bin/../lib/gcc/arm-none-eabi/11.3.1/../../../../arm-none-eabi/lib/thumb/v7e-m+fp/hard\libc_nano.a
END GROUP
START GROUP
LOAD O:/programs/STMicroelectronics/STM32CubeIDE_1.13.1/STM32CubeIDE/plugins/com.st.stm32cube.ide.mcu.externaltools.gnu-tools-for-stm32.11.3.rel1.win32_1.1.0.202305231506/tools/bin/../lib/gcc/arm-none-eabi/11.3.1/thumb/v7e-m+fp/hard\libgcc.a
LOAD O:/programs/STMicroelectronics/STM32CubeIDE_1.13.1/STM32CubeIDE/plugins/com.st.stm32cube.ide.mcu.externaltools.gnu-tools-for-stm32.11.3.rel1.win32_1.1.0.202305231506/tools/bin/../lib/gcc/arm-none-eabi/11.3.1/../../../../arm-none-eabi/lib/thumb/v7e-m+fp/hard\libc_nano.a
LOAD O:/programs/STMicroelectronics/STM32CubeIDE_1.13.1/STM32CubeIDE/plugins/com.st.stm32cube.ide.mcu.externaltools.gnu-tools-for-stm32.11.3.rel1.win32_1.1.0.202305231506/tools/bin/../lib/gcc/arm-none-eabi/11.3.1/../../../../arm-none-eabi/lib/thumb/v7e-m+fp/hard\libnosys.a
END GROUP
START GROUP
LOAD O:/programs/STMicroelectronics/STM32CubeIDE_1.13.1/STM32CubeIDE/plugins/com.st.stm32cube.ide.mcu.externaltools.gnu-tools-for-stm32.11.3.rel1.win32_1.1.0.202305231506/tools/bin/../lib/gcc/arm-none-eabi/11.3.1/thumb/v7e-m+fp/hard\libgcc.a
LOAD O:/programs/STMicroelectronics/STM32CubeIDE_1.13.1/STM32CubeIDE/plugins/com.st.stm32cube.ide.mcu.externaltools.gnu-tools-for-stm32.11.3.rel1.win32_1.1.0.202305231506/tools/bin/../lib/gcc/arm-none-eabi/11.3.1/../../../../arm-none-eabi/lib/thumb/v7e-m+fp/hard\libc_nano.a
LOAD O:/programs/STMicroelectronics/STM32CubeIDE_1.13.1/STM32CubeIDE/plugins/com.st.stm32cube.ide.mcu.externaltools.gnu-tools-for-stm32.11.3.rel1.win32_1.1.0.202305231506/tools/bin/../lib/gcc/arm-none-eabi/11.3.1/../../../../arm-none-eabi/lib/thumb/v7e-m+fp/hard\libnosys.a
END GROUP
LOAD O:/programs/STMicroelectronics/STM32CubeIDE_1.13.1/STM32CubeIDE/plugins/com.st.stm32cube.ide.mcu.externaltools.gnu-tools-for-stm32.11.3.rel1.win32_1.1.0.202305231506/tools/bin/../lib/gcc/arm-none-eabi/11.3.1/thumb/v7e-m+fp/hard/crtend.o
LOAD O:/programs/STMicroelectronics/STM32CubeIDE_1.13.1/STM32CubeIDE/plugins/com.st.stm32cube.ide.mcu.externaltools.gnu-tools-for-stm32.11.3.rel1.win32_1.1.0.202305231506/tools/bin/../lib/gcc/arm-none-eabi/11.3.1/thumb/v7e-m+fp/hard/crtn.o
                0x0000000020020000                _estack = (ORIGIN (RAM) + LENGTH (RAM))
                0x0000000000000200                _Min_Heap_Size = 0x200
                0x0000000000000400                _Min_Stack_Size = 0x400

.isr_vector     0x0000000008000000      0x198
                0x0000000008000000                . = ALIGN (0x4)
 *(.isr_vector)
 .isr_vector    0x0000000008000000      0x198 ./Core/Startup/startup_stm32f411ceux.o
                0x0000000008000000                g_pfnVectors
                0x0000000008000198                . = ALIGN (0x4)

.text           0x00000000080001a0     0x60e8
                0x00000000080001a0                . = ALIGN (0x4)
 *(.text)
 .text          0x00000000080001a0       0x40 O:/programs/STMicroelectronics/STM32CubeIDE_1.13.1/STM32CubeIDE/plugins/com.st.stm32cube.ide.mcu.externaltools.gnu-tools-for-stm32.11.3.rel1.win32_1.1.0.202305231506/tools/bin/../lib/gcc/arm-none-eabi/11.3.1/thumb/v7e-m+fp/hard/crtbegin.o
 .text          0x00000000080001e0       0x30 O:/programs/STMicroelectronics/STM32CubeIDE_1.13.1/STM32CubeIDE/plugins/com.st.stm32cube.ide.mcu.externaltools.gnu-tools-for-stm32.11.3.rel1.win32_1.1.0.202305231506/tools/bin/../lib/gcc/arm-none-eabi/11.3.1/thumb/v7e-m+fp/hard\libgcc.a(_aeabi_uldivmod.o)
                0x00000000080001e0                __aeabi_uldivmod
 .text          0x0000000008000210      0x2c8 O:/programs/STMicroelectronics/STM32CubeIDE_1.13.1/STM32CubeIDE/plugins/com.st.stm32cube.ide.mcu.externaltools.gnu-tools-for-stm32.11.3.rel1.win32_1.1.0.202305231506/tools/bin/../lib/gcc/arm-none-eabi/11.3.1/thumb/v7e-m+fp/hard\libgcc.a(_udivmoddi4.o)
                0x0000000008000210                __udivmoddi4
 .text          0x00000000080004d8        0x4 O:/programs/STMicroelectronics/STM32CubeIDE_1.13.1/STM32CubeIDE/plugins/com.st.stm32cube.ide.mcu.externaltools.gnu-tools-for-stm32.11.3.rel1.win32_1.1.0.202305231506/tools/bin/../lib/gcc/arm-none-eabi/11.3.1/thumb/v7e-m+fp/hard\libgcc.a(_dvmd_tls.o)
                0x00000000080004d8                __aeabi_idiv0
                0x00000000080004d8                __aeabi_ldiv0
 *(.text*)
 .text.vApplicationGetIdleTaskMemory
                0x00000000080004dc       0x34 ./Core/Src/freertos.o
                0x00000000080004dc                vApplicationGetIdleTaskMemory
 .text.main     0x0000000008000510      0x1a8 ./Core/Src/main.o
                0x0000000008000510                main
 .text.SystemClock_Config
                0x00000000080006b8       0xbc ./Core/Src/main.o
                0x00000000080006b8                SystemClock_Config
 .text.MX_TIM10_Init
                0x0000000008000774       0x9c ./Core/Src/main.o
 .text.MX_USART1_UART_Init
                0x0000000008000810       0x58 ./Core/Src/main.o
 .text.MX_GPIO_Init
                0x0000000008000868       0x88 ./Core/Src/main.o
 .text.uart1_rx_callback
                0x00000000080008f0       0x20 ./Core/Src/main.o
                0x00000000080008f0                uart1_rx_callback
 .text.enter_programing
                0x0000000008000910       0x34 ./Core/Src/main.o
                0x0000000008000910                enter_programing
 .text.exit_programing
                0x0000000008000944       0x30 ./Core/Src/main.o
                0x0000000008000944                exit_programing
 .text.write_to_exm
                0x0000000008000974       0x54 ./Core/Src/main.o
                0x0000000008000974                write_to_exm
 .text.erase_exm
                0x00000000080009c8       0x34 ./Core/Src/main.o
                0x00000000080009c8                erase_exm
 .text.perform_instruction_from_exm
                0x00000000080009fc        0xe ./Core/Src/main.o
                0x00000000080009fc                perform_instruction_from_exm
 .text.function_of_S
                0x0000000008000a0a       0x10 ./Core/Src/main.o
                0x0000000008000a0a                function_of_S
 *fill*         0x0000000008000a1a        0x2 
 .text.programing_mode
                0x0000000008000a1c       0x8c ./Core/Src/main.o
                0x0000000008000a1c                programing_mode
 .text.interpreter
                0x0000000008000aa8      0x180 ./Core/Src/main.o
                0x0000000008000aa8                interpreter
 .text.uart_comunication
                0x0000000008000c28       0x28 ./Core/Src/main.o
                0x0000000008000c28                uart_comunication
 .text.execution_from_memory
                0x0000000008000c50       0x40 ./Core/Src/main.o
                0x0000000008000c50                execution_from_memory
 .text.HAL_TIM_PeriodElapsedCallback
                0x0000000008000c90       0x1e ./Core/Src/main.o
                0x0000000008000c90                HAL_TIM_PeriodElapsedCallback
 .text.Error_Handler
                0x0000000008000cae        0xa ./Core/Src/main.o
                0x0000000008000cae                Error_Handler
 .text.HAL_MspInit
                0x0000000008000cb8       0x58 ./Core/Src/stm32f4xx_hal_msp.o
                0x0000000008000cb8                HAL_MspInit
 .text.HAL_TIM_Base_MspInit
                0x0000000008000d10       0x44 ./Core/Src/stm32f4xx_hal_msp.o
                0x0000000008000d10                HAL_TIM_Base_MspInit
 .text.HAL_TIM_MspPostInit
                0x0000000008000d54       0x74 ./Core/Src/stm32f4xx_hal_msp.o
                0x0000000008000d54                HAL_TIM_MspPostInit
 .text.HAL_UART_MspInit
                0x0000000008000dc8       0xa0 ./Core/Src/stm32f4xx_hal_msp.o
                0x0000000008000dc8                HAL_UART_MspInit
 .text.HAL_InitTick
                0x0000000008000e68       0xf8 ./Core/Src/stm32f4xx_hal_timebase_tim.o
                0x0000000008000e68                HAL_InitTick
 .text.NMI_Handler
                0x0000000008000f60        0x6 ./Core/Src/stm32f4xx_it.o
                0x0000000008000f60                NMI_Handler
 .text.HardFault_Handler
                0x0000000008000f66        0x6 ./Core/Src/stm32f4xx_it.o
                0x0000000008000f66                HardFault_Handler
 .text.MemManage_Handler
                0x0000000008000f6c        0x6 ./Core/Src/stm32f4xx_it.o
                0x0000000008000f6c                MemManage_Handler
 .text.BusFault_Handler
                0x0000000008000f72        0x6 ./Core/Src/stm32f4xx_it.o
                0x0000000008000f72                BusFault_Handler
 .text.UsageFault_Handler
                0x0000000008000f78        0x6 ./Core/Src/stm32f4xx_it.o
                0x0000000008000f78                UsageFault_Handler
 .text.DebugMon_Handler
                0x0000000008000f7e        0xe ./Core/Src/stm32f4xx_it.o
                0x0000000008000f7e                DebugMon_Handler
 .text.TIM2_IRQHandler
                0x0000000008000f8c       0x14 ./Core/Src/stm32f4xx_it.o
                0x0000000008000f8c                TIM2_IRQHandler
 .text.USART1_IRQHandler
                0x0000000008000fa0       0x28 ./Core/Src/stm32f4xx_it.o
                0x0000000008000fa0                USART1_IRQHandler
 .text.SystemInit
                0x0000000008000fc8       0x24 ./Core/Src/system_stm32f4xx.o
                0x0000000008000fc8                SystemInit
 .text.Reset_Handler
                0x0000000008000fec       0x50 ./Core/Startup/startup_stm32f411ceux.o
                0x0000000008000fec                Reset_Handler
 .text.Default_Handler
                0x000000000800103c        0x2 ./Core/Startup/startup_stm32f411ceux.o
                0x000000000800103c                RTC_Alarm_IRQHandler
                0x000000000800103c                EXTI2_IRQHandler
                0x000000000800103c                SPI4_IRQHandler
                0x000000000800103c                TIM1_CC_IRQHandler
                0x000000000800103c                DMA2_Stream5_IRQHandler
                0x000000000800103c                DMA1_Stream5_IRQHandler
                0x000000000800103c                PVD_IRQHandler
                0x000000000800103c                SDIO_IRQHandler
                0x000000000800103c                TAMP_STAMP_IRQHandler
                0x000000000800103c                EXTI3_IRQHandler
                0x000000000800103c                TIM1_UP_TIM10_IRQHandler
                0x000000000800103c                I2C3_ER_IRQHandler
                0x000000000800103c                EXTI0_IRQHandler
                0x000000000800103c                I2C2_EV_IRQHandler
                0x000000000800103c                DMA1_Stream2_IRQHandler
                0x000000000800103c                FPU_IRQHandler
                0x000000000800103c                DMA2_Stream2_IRQHandler
                0x000000000800103c                SPI1_IRQHandler
                0x000000000800103c                TIM1_BRK_TIM9_IRQHandler
                0x000000000800103c                DMA2_Stream3_IRQHandler
                0x000000000800103c                USART6_IRQHandler
                0x000000000800103c                DMA2_Stream0_IRQHandler
                0x000000000800103c                TIM4_IRQHandler
                0x000000000800103c                I2C1_EV_IRQHandler
                0x000000000800103c                DMA1_Stream6_IRQHandler
                0x000000000800103c                DMA1_Stream1_IRQHandler
                0x000000000800103c                TIM3_IRQHandler
                0x000000000800103c                RCC_IRQHandler
                0x000000000800103c                Default_Handler
                0x000000000800103c                EXTI15_10_IRQHandler
                0x000000000800103c                ADC_IRQHandler
                0x000000000800103c                DMA1_Stream7_IRQHandler
                0x000000000800103c                SPI5_IRQHandler
                0x000000000800103c                TIM5_IRQHandler
                0x000000000800103c                DMA2_Stream7_IRQHandler
                0x000000000800103c                I2C3_EV_IRQHandler
                0x000000000800103c                EXTI9_5_IRQHandler
                0x000000000800103c                RTC_WKUP_IRQHandler
                0x000000000800103c                SPI2_IRQHandler
                0x000000000800103c                DMA1_Stream0_IRQHandler
                0x000000000800103c                EXTI4_IRQHandler
                0x000000000800103c                WWDG_IRQHandler
                0x000000000800103c                OTG_FS_WKUP_IRQHandler
                0x000000000800103c                TIM1_TRG_COM_TIM11_IRQHandler
                0x000000000800103c                EXTI1_IRQHandler
                0x000000000800103c                USART2_IRQHandler
                0x000000000800103c                I2C2_ER_IRQHandler
                0x000000000800103c                DMA2_Stream1_IRQHandler
                0x000000000800103c                FLASH_IRQHandler
                0x000000000800103c                DMA2_Stream4_IRQHandler
                0x000000000800103c                OTG_FS_IRQHandler
                0x000000000800103c                SPI3_IRQHandler
                0x000000000800103c                DMA1_Stream4_IRQHandler
                0x000000000800103c                I2C1_ER_IRQHandler
                0x000000000800103c                DMA2_Stream6_IRQHandler
                0x000000000800103c                DMA1_Stream3_IRQHandler
 *fill*         0x000000000800103e        0x2 
 .text.HAL_Init
                0x0000000008001040       0x44 ./Drivers/STM32F4xx_HAL_Driver/Src/stm32f4xx_hal.o
                0x0000000008001040                HAL_Init
 .text.HAL_IncTick
                0x0000000008001084       0x28 ./Drivers/STM32F4xx_HAL_Driver/Src/stm32f4xx_hal.o
                0x0000000008001084                HAL_IncTick
 .text.HAL_GetTick
                0x00000000080010ac       0x18 ./Drivers/STM32F4xx_HAL_Driver/Src/stm32f4xx_hal.o
                0x00000000080010ac                HAL_GetTick
 .text.__NVIC_SetPriorityGrouping
                0x00000000080010c4       0x48 ./Drivers/STM32F4xx_HAL_Driver/Src/stm32f4xx_hal_cortex.o
 .text.__NVIC_GetPriorityGrouping
                0x000000000800110c       0x1c ./Drivers/STM32F4xx_HAL_Driver/Src/stm32f4xx_hal_cortex.o
 .text.__NVIC_EnableIRQ
                0x0000000008001128       0x3c ./Drivers/STM32F4xx_HAL_Driver/Src/stm32f4xx_hal_cortex.o
 .text.__NVIC_SetPriority
                0x0000000008001164       0x54 ./Drivers/STM32F4xx_HAL_Driver/Src/stm32f4xx_hal_cortex.o
 .text.NVIC_EncodePriority
                0x00000000080011b8       0x66 ./Drivers/STM32F4xx_HAL_Driver/Src/stm32f4xx_hal_cortex.o
 .text.HAL_NVIC_SetPriorityGrouping
                0x000000000800121e       0x16 ./Drivers/STM32F4xx_HAL_Driver/Src/stm32f4xx_hal_cortex.o
                0x000000000800121e                HAL_NVIC_SetPriorityGrouping
 .text.HAL_NVIC_SetPriority
                0x0000000008001234       0x38 ./Drivers/STM32F4xx_HAL_Driver/Src/stm32f4xx_hal_cortex.o
                0x0000000008001234                HAL_NVIC_SetPriority
 .text.HAL_NVIC_EnableIRQ
                0x000000000800126c       0x1c ./Drivers/STM32F4xx_HAL_Driver/Src/stm32f4xx_hal_cortex.o
                0x000000000800126c                HAL_NVIC_EnableIRQ
 .text.HAL_DMA_Abort
                0x0000000008001288       0xe0 ./Drivers/STM32F4xx_HAL_Driver/Src/stm32f4xx_hal_dma.o
                0x0000000008001288                HAL_DMA_Abort
 .text.HAL_DMA_Abort_IT
                0x0000000008001368       0x44 ./Drivers/STM32F4xx_HAL_Driver/Src/stm32f4xx_hal_dma.o
                0x0000000008001368                HAL_DMA_Abort_IT
 .text.HAL_GPIO_Init
                0x00000000080013ac      0x308 ./Drivers/STM32F4xx_HAL_Driver/Src/stm32f4xx_hal_gpio.o
                0x00000000080013ac                HAL_GPIO_Init
 .text.HAL_GPIO_WritePin
                0x00000000080016b4       0x32 ./Drivers/STM32F4xx_HAL_Driver/Src/stm32f4xx_hal_gpio.o
                0x00000000080016b4                HAL_GPIO_WritePin
 *fill*         0x00000000080016e6        0x2 
 .text.HAL_RCC_OscConfig
                0x00000000080016e8      0x4f0 ./Drivers/STM32F4xx_HAL_Driver/Src/stm32f4xx_hal_rcc.o
                0x00000000080016e8                HAL_RCC_OscConfig
 .text.HAL_RCC_ClockConfig
                0x0000000008001bd8      0x1cc ./Drivers/STM32F4xx_HAL_Driver/Src/stm32f4xx_hal_rcc.o
                0x0000000008001bd8                HAL_RCC_ClockConfig
 .text.HAL_RCC_GetSysClockFreq
                0x0000000008001da4      0x18c ./Drivers/STM32F4xx_HAL_Driver/Src/stm32f4xx_hal_rcc.o
                0x0000000008001da4                HAL_RCC_GetSysClockFreq
 .text.HAL_RCC_GetHCLKFreq
                0x0000000008001f30       0x18 ./Drivers/STM32F4xx_HAL_Driver/Src/stm32f4xx_hal_rcc.o
                0x0000000008001f30                HAL_RCC_GetHCLKFreq
 .text.HAL_RCC_GetPCLK1Freq
                0x0000000008001f48       0x28 ./Drivers/STM32F4xx_HAL_Driver/Src/stm32f4xx_hal_rcc.o
                0x0000000008001f48                HAL_RCC_GetPCLK1Freq
 .text.HAL_RCC_GetPCLK2Freq
                0x0000000008001f70       0x28 ./Drivers/STM32F4xx_HAL_Driver/Src/stm32f4xx_hal_rcc.o
                0x0000000008001f70                HAL_RCC_GetPCLK2Freq
 .text.HAL_RCC_GetClockConfig
                0x0000000008001f98       0x64 ./Drivers/STM32F4xx_HAL_Driver/Src/stm32f4xx_hal_rcc.o
                0x0000000008001f98                HAL_RCC_GetClockConfig
 .text.HAL_TIM_Base_Init
                0x0000000008001ffc       0x9e ./Drivers/STM32F4xx_HAL_Driver/Src/stm32f4xx_hal_tim.o
                0x0000000008001ffc                HAL_TIM_Base_Init
 *fill*         0x000000000800209a        0x2 
 .text.HAL_TIM_Base_Start_IT
                0x000000000800209c       0xc4 ./Drivers/STM32F4xx_HAL_Driver/Src/stm32f4xx_hal_tim.o
                0x000000000800209c                HAL_TIM_Base_Start_IT
 .text.HAL_TIM_PWM_Init
                0x0000000008002160       0x9e ./Drivers/STM32F4xx_HAL_Driver/Src/stm32f4xx_hal_tim.o
                0x0000000008002160                HAL_TIM_PWM_Init
 .text.HAL_TIM_PWM_MspInit
                0x00000000080021fe       0x14 ./Drivers/STM32F4xx_HAL_Driver/Src/stm32f4xx_hal_tim.o
                0x00000000080021fe                HAL_TIM_PWM_MspInit
 *fill*         0x0000000008002212        0x2 
 .text.HAL_TIM_PWM_Start
                0x0000000008002214      0x160 ./Drivers/STM32F4xx_HAL_Driver/Src/stm32f4xx_hal_tim.o
                0x0000000008002214                HAL_TIM_PWM_Start
 .text.HAL_TIM_IRQHandler
                0x0000000008002374      0x210 ./Drivers/STM32F4xx_HAL_Driver/Src/stm32f4xx_hal_tim.o
                0x0000000008002374                HAL_TIM_IRQHandler
 .text.HAL_TIM_PWM_ConfigChannel
                0x0000000008002584      0x184 ./Drivers/STM32F4xx_HAL_Driver/Src/stm32f4xx_hal_tim.o
                0x0000000008002584                HAL_TIM_PWM_ConfigChannel
 .text.HAL_TIM_OC_DelayElapsedCallback
                0x0000000008002708       0x14 ./Drivers/STM32F4xx_HAL_Driver/Src/stm32f4xx_hal_tim.o
                0x0000000008002708                HAL_TIM_OC_DelayElapsedCallback
 .text.HAL_TIM_IC_CaptureCallback
                0x000000000800271c       0x14 ./Drivers/STM32F4xx_HAL_Driver/Src/stm32f4xx_hal_tim.o
                0x000000000800271c                HAL_TIM_IC_CaptureCallback
 .text.HAL_TIM_PWM_PulseFinishedCallback
                0x0000000008002730       0x14 ./Drivers/STM32F4xx_HAL_Driver/Src/stm32f4xx_hal_tim.o
                0x0000000008002730                HAL_TIM_PWM_PulseFinishedCallback
 .text.HAL_TIM_TriggerCallback
                0x0000000008002744       0x14 ./Drivers/STM32F4xx_HAL_Driver/Src/stm32f4xx_hal_tim.o
                0x0000000008002744                HAL_TIM_TriggerCallback
 .text.TIM_Base_SetConfig
                0x0000000008002758      0x100 ./Drivers/STM32F4xx_HAL_Driver/Src/stm32f4xx_hal_tim.o
                0x0000000008002758                TIM_Base_SetConfig
 .text.TIM_OC1_SetConfig
                0x0000000008002858       0xcc ./Drivers/STM32F4xx_HAL_Driver/Src/stm32f4xx_hal_tim.o
 .text.TIM_OC2_SetConfig
                0x0000000008002924       0xd8 ./Drivers/STM32F4xx_HAL_Driver/Src/stm32f4xx_hal_tim.o
                0x0000000008002924                TIM_OC2_SetConfig
 .text.TIM_OC3_SetConfig
                0x00000000080029fc       0xd4 ./Drivers/STM32F4xx_HAL_Driver/Src/stm32f4xx_hal_tim.o
 .text.TIM_OC4_SetConfig
                0x0000000008002ad0       0xa0 ./Drivers/STM32F4xx_HAL_Driver/Src/stm32f4xx_hal_tim.o
 .text.TIM_CCxChannelCmd
                0x0000000008002b70       0x4a ./Drivers/STM32F4xx_HAL_Driver/Src/stm32f4xx_hal_tim.o
                0x0000000008002b70                TIM_CCxChannelCmd
 .text.HAL_TIMEx_CommutCallback
                0x0000000008002bba       0x14 ./Drivers/STM32F4xx_HAL_Driver/Src/stm32f4xx_hal_tim_ex.o
                0x0000000008002bba                HAL_TIMEx_CommutCallback
 .text.HAL_TIMEx_BreakCallback
                0x0000000008002bce       0x14 ./Drivers/STM32F4xx_HAL_Driver/Src/stm32f4xx_hal_tim_ex.o
                0x0000000008002bce                HAL_TIMEx_BreakCallback
 .text.HAL_UART_Init
                0x0000000008002be2       0x9a ./Drivers/STM32F4xx_HAL_Driver/Src/stm32f4xx_hal_uart.o
                0x0000000008002be2                HAL_UART_Init
 .text.HAL_UART_Transmit
                0x0000000008002c7c      0x124 ./Drivers/STM32F4xx_HAL_Driver/Src/stm32f4xx_hal_uart.o
                0x0000000008002c7c                HAL_UART_Transmit
 .text.HAL_UART_IRQHandler
                0x0000000008002da0      0x51c ./Drivers/STM32F4xx_HAL_Driver/Src/stm32f4xx_hal_uart.o
                0x0000000008002da0                HAL_UART_IRQHandler
 .text.HAL_UART_TxCpltCallback
                0x00000000080032bc       0x14 ./Drivers/STM32F4xx_HAL_Driver/Src/stm32f4xx_hal_uart.o
                0x00000000080032bc                HAL_UART_TxCpltCallback
 .text.HAL_UART_RxCpltCallback
                0x00000000080032d0       0x14 ./Drivers/STM32F4xx_HAL_Driver/Src/stm32f4xx_hal_uart.o
                0x00000000080032d0                HAL_UART_RxCpltCallback
 .text.HAL_UART_ErrorCallback
                0x00000000080032e4       0x14 ./Drivers/STM32F4xx_HAL_Driver/Src/stm32f4xx_hal_uart.o
                0x00000000080032e4                HAL_UART_ErrorCallback
 .text.HAL_UARTEx_RxEventCallback
                0x00000000080032f8       0x18 ./Drivers/STM32F4xx_HAL_Driver/Src/stm32f4xx_hal_uart.o
                0x00000000080032f8                HAL_UARTEx_RxEventCallback
 .text.UART_WaitOnFlagUntilTimeout
                0x0000000008003310       0xdc ./Drivers/STM32F4xx_HAL_Driver/Src/stm32f4xx_hal_uart.o
 .text.UART_EndRxTransfer
                0x00000000080033ec       0xc6 ./Drivers/STM32F4xx_HAL_Driver/Src/stm32f4xx_hal_uart.o
 .text.UART_DMAAbortOnError
                0x00000000080034b2       0x28 ./Drivers/STM32F4xx_HAL_Driver/Src/stm32f4xx_hal_uart.o
 .text.UART_Transmit_IT
                0x00000000080034da       0xa0 ./Drivers/STM32F4xx_HAL_Driver/Src/stm32f4xx_hal_uart.o
 .text.UART_EndTransmit_IT
                0x000000000800357a       0x30 ./Drivers/STM32F4xx_HAL_Driver/Src/stm32f4xx_hal_uart.o
 .text.UART_Receive_IT
                0x00000000080035aa      0x176 ./Drivers/STM32F4xx_HAL_Driver/Src/stm32f4xx_hal_uart.o
 .text.UART_SetConfig
                0x0000000008003720      0x4e8 ./Drivers/STM32F4xx_HAL_Driver/Src/stm32f4xx_hal_uart.o
 .text.makeFreeRtosPriority
                0x0000000008003c08       0x30 ./Middlewares/Third_Party/FreeRTOS/Source/CMSIS_RTOS/cmsis_os.o
 .text.osKernelStart
                0x0000000008003c38        0xe ./Middlewares/Third_Party/FreeRTOS/Source/CMSIS_RTOS/cmsis_os.o
                0x0000000008003c38                osKernelStart
 .text.osThreadCreate
                0x0000000008003c46       0x98 ./Middlewares/Third_Party/FreeRTOS/Source/CMSIS_RTOS/cmsis_os.o
                0x0000000008003c46                osThreadCreate
 .text.xEventGroupCreate
                0x0000000008003cde       0x34 ./Middlewares/Third_Party/FreeRTOS/Source/event_groups.o
                0x0000000008003cde                xEventGroupCreate
 *fill*         0x0000000008003d12        0x2 
 .text.xEventGroupWaitBits
                0x0000000008003d14      0x19c ./Middlewares/Third_Party/FreeRTOS/Source/event_groups.o
                0x0000000008003d14                xEventGroupWaitBits
 .text.xEventGroupClearBits
                0x0000000008003eb0       0x70 ./Middlewares/Third_Party/FreeRTOS/Source/event_groups.o
                0x0000000008003eb0                xEventGroupClearBits
 .text.xEventGroupSetBits
                0x0000000008003f20      0x116 ./Middlewares/Third_Party/FreeRTOS/Source/event_groups.o
                0x0000000008003f20                xEventGroupSetBits
 .text.prvTestWaitCondition
                0x0000000008004036       0x44 ./Middlewares/Third_Party/FreeRTOS/Source/event_groups.o
 .text.vListInitialise
                0x000000000800407a       0x40 ./Middlewares/Third_Party/FreeRTOS/Source/list.o
                0x000000000800407a                vListInitialise
 .text.vListInitialiseItem
                0x00000000080040ba       0x1a ./Middlewares/Third_Party/FreeRTOS/Source/list.o
                0x00000000080040ba                vListInitialiseItem
 .text.vListInsertEnd
                0x00000000080040d4       0x48 ./Middlewares/Third_Party/FreeRTOS/Source/list.o
                0x00000000080040d4                vListInsertEnd
 .text.vListInsert
                0x000000000800411c       0x72 ./Middlewares/Third_Party/FreeRTOS/Source/list.o
                0x000000000800411c                vListInsert
 .text.uxListRemove
                0x000000000800418e       0x54 ./Middlewares/Third_Party/FreeRTOS/Source/list.o
                0x000000000800418e                uxListRemove
 *fill*         0x00000000080041e2        0x2 
 .text.xQueueGenericReset
                0x00000000080041e4       0xd0 ./Middlewares/Third_Party/FreeRTOS/Source/queue.o
                0x00000000080041e4                xQueueGenericReset
 .text.xQueueGenericCreate
                0x00000000080042b4       0x74 ./Middlewares/Third_Party/FreeRTOS/Source/queue.o
                0x00000000080042b4                xQueueGenericCreate
 .text.prvInitialiseNewQueue
                0x0000000008004328       0x3e ./Middlewares/Third_Party/FreeRTOS/Source/queue.o
 *fill*         0x0000000008004366        0x2 
 .text.xQueueGenericSend
                0x0000000008004368      0x1fc ./Middlewares/Third_Party/FreeRTOS/Source/queue.o
                0x0000000008004368                xQueueGenericSend
 .text.xQueueGenericSendFromISR
                0x0000000008004564      0x136 ./Middlewares/Third_Party/FreeRTOS/Source/queue.o
                0x0000000008004564                xQueueGenericSendFromISR
 *fill*         0x000000000800469a        0x2 
 .text.xQueueReceive
                0x000000000800469c      0x1c0 ./Middlewares/Third_Party/FreeRTOS/Source/queue.o
                0x000000000800469c                xQueueReceive
 .text.prvCopyDataToQueue
                0x000000000800485c       0xd4 ./Middlewares/Third_Party/FreeRTOS/Source/queue.o
 .text.prvCopyDataFromQueue
                0x0000000008004930       0x4c ./Middlewares/Third_Party/FreeRTOS/Source/queue.o
 .text.prvUnlockQueue
                0x000000000800497c       0xa4 ./Middlewares/Third_Party/FreeRTOS/Source/queue.o
 .text.prvIsQueueEmpty
                0x0000000008004a20       0x2c ./Middlewares/Third_Party/FreeRTOS/Source/queue.o
 .text.prvIsQueueFull
                0x0000000008004a4c       0x30 ./Middlewares/Third_Party/FreeRTOS/Source/queue.o
 .text.xTaskCreateStatic
                0x0000000008004a7c       0xba ./Middlewares/Third_Party/FreeRTOS/Source/tasks.o
                0x0000000008004a7c                xTaskCreateStatic
 .text.xTaskCreate
                0x0000000008004b36       0x8a ./Middlewares/Third_Party/FreeRTOS/Source/tasks.o
                0x0000000008004b36                xTaskCreate
 .text.prvInitialiseNewTask
                0x0000000008004bc0      0x10e ./Middlewares/Third_Party/FreeRTOS/Source/tasks.o
 *fill*         0x0000000008004cce        0x2 
 .text.prvAddNewTaskToReadyList
                0x0000000008004cd0       0xd4 ./Middlewares/Third_Party/FreeRTOS/Source/tasks.o
 .text.vTaskDelay
                0x0000000008004da4       0x68 ./Middlewares/Third_Party/FreeRTOS/Source/tasks.o
                0x0000000008004da4                vTaskDelay
 .text.vTaskStartScheduler
                0x0000000008004e0c       0xc0 ./Middlewares/Third_Party/FreeRTOS/Source/tasks.o
                0x0000000008004e0c                vTaskStartScheduler
 .text.vTaskSuspendAll
                0x0000000008004ecc       0x1c ./Middlewares/Third_Party/FreeRTOS/Source/tasks.o
                0x0000000008004ecc                vTaskSuspendAll
 .text.xTaskResumeAll
                0x0000000008004ee8      0x138 ./Middlewares/Third_Party/FreeRTOS/Source/tasks.o
                0x0000000008004ee8                xTaskResumeAll
 .text.xTaskIncrementTick
                0x0000000008005020      0x170 ./Middlewares/Third_Party/FreeRTOS/Source/tasks.o
                0x0000000008005020                xTaskIncrementTick
 .text.vTaskSwitchContext
                0x0000000008005190       0xb8 ./Middlewares/Third_Party/FreeRTOS/Source/tasks.o
                0x0000000008005190                vTaskSwitchContext
 .text.vTaskPlaceOnEventList
                0x0000000008005248       0x48 ./Middlewares/Third_Party/FreeRTOS/Source/tasks.o
                0x0000000008005248                vTaskPlaceOnEventList
 .text.vTaskPlaceOnUnorderedEventList
                0x0000000008005290       0x78 ./Middlewares/Third_Party/FreeRTOS/Source/tasks.o
                0x0000000008005290                vTaskPlaceOnUnorderedEventList
 .text.xTaskRemoveFromEventList
                0x0000000008005308       0xc4 ./Middlewares/Third_Party/FreeRTOS/Source/tasks.o
                0x0000000008005308                xTaskRemoveFromEventList
 .text.vTaskRemoveFromUnorderedEventList
                0x00000000080053cc       0xc4 ./Middlewares/Third_Party/FreeRTOS/Source/tasks.o
                0x00000000080053cc                vTaskRemoveFromUnorderedEventList
 .text.vTaskInternalSetTimeOutState
                0x0000000008005490       0x2c ./Middlewares/Third_Party/FreeRTOS/Source/tasks.o
                0x0000000008005490                vTaskInternalSetTimeOutState
 .text.xTaskCheckForTimeOut
                0x00000000080054bc       0xc4 ./Middlewares/Third_Party/FreeRTOS/Source/tasks.o
                0x00000000080054bc                xTaskCheckForTimeOut
 .text.vTaskMissedYield
                0x0000000008005580       0x18 ./Middlewares/Third_Party/FreeRTOS/Source/tasks.o
                0x0000000008005580                vTaskMissedYield
 .text.prvIdleTask
                0x0000000008005598       0x30 ./Middlewares/Third_Party/FreeRTOS/Source/tasks.o
 .text.prvInitialiseTaskLists
                0x00000000080055c8       0x80 ./Middlewares/Third_Party/FreeRTOS/Source/tasks.o
 .text.prvCheckTasksWaitingTermination
                0x0000000008005648       0x5c ./Middlewares/Third_Party/FreeRTOS/Source/tasks.o
 .text.prvDeleteTCB
                0x00000000080056a4       0x5e ./Middlewares/Third_Party/FreeRTOS/Source/tasks.o
 *fill*         0x0000000008005702        0x2 
 .text.prvResetNextTaskUnblockTime
                0x0000000008005704       0x40 ./Middlewares/Third_Party/FreeRTOS/Source/tasks.o
 .text.xTaskGetSchedulerState
                0x0000000008005744       0x3c ./Middlewares/Third_Party/FreeRTOS/Source/tasks.o
                0x0000000008005744                xTaskGetSchedulerState
 .text.xTaskPriorityDisinherit
                0x0000000008005780      0x10c ./Middlewares/Third_Party/FreeRTOS/Source/tasks.o
                0x0000000008005780                xTaskPriorityDisinherit
 .text.uxTaskResetEventItemValue
                0x000000000800588c       0x30 ./Middlewares/Third_Party/FreeRTOS/Source/tasks.o
                0x000000000800588c                uxTaskResetEventItemValue
 .text.prvAddCurrentTaskToDelayedList
                0x00000000080058bc       0xcc ./Middlewares/Third_Party/FreeRTOS/Source/tasks.o
 .text.pxPortInitialiseStack
                0x0000000008005988       0x68 ./Middlewares/Third_Party/FreeRTOS/Source/portable/GCC/ARM_CM4F/port.o
                0x0000000008005988                pxPortInitialiseStack
 .text.prvTaskExitError
                0x00000000080059f0       0x58 ./Middlewares/Third_Party/FreeRTOS/Source/portable/GCC/ARM_CM4F/port.o
 *fill*         0x0000000008005a48        0x8 
 .text.SVC_Handler
                0x0000000008005a50       0x28 ./Middlewares/Third_Party/FreeRTOS/Source/portable/GCC/ARM_CM4F/port.o
                0x0000000008005a50                SVC_Handler
 .text.prvPortStartFirstTask
                0x0000000008005a78       0x28 ./Middlewares/Third_Party/FreeRTOS/Source/portable/GCC/ARM_CM4F/port.o
 .text.xPortStartScheduler
                0x0000000008005aa0      0x144 ./Middlewares/Third_Party/FreeRTOS/Source/portable/GCC/ARM_CM4F/port.o
                0x0000000008005aa0                xPortStartScheduler
 .text.vPortEnterCritical
                0x0000000008005be4       0x60 ./Middlewares/Third_Party/FreeRTOS/Source/portable/GCC/ARM_CM4F/port.o
                0x0000000008005be4                vPortEnterCritical
 .text.vPortExitCritical
                0x0000000008005c44       0x54 ./Middlewares/Third_Party/FreeRTOS/Source/portable/GCC/ARM_CM4F/port.o
                0x0000000008005c44                vPortExitCritical
 *fill*         0x0000000008005c98        0x8 
 .text.PendSV_Handler
                0x0000000008005ca0       0x68 ./Middlewares/Third_Party/FreeRTOS/Source/portable/GCC/ARM_CM4F/port.o
                0x0000000008005ca0                PendSV_Handler
 .text.SysTick_Handler
                0x0000000008005d08       0x44 ./Middlewares/Third_Party/FreeRTOS/Source/portable/GCC/ARM_CM4F/port.o
                0x0000000008005d08                SysTick_Handler
 .text.vPortSetupTimerInterrupt
                0x0000000008005d4c       0x48 ./Middlewares/Third_Party/FreeRTOS/Source/portable/GCC/ARM_CM4F/port.o
                0x0000000008005d4c                vPortSetupTimerInterrupt
 .text.vPortEnableVFP
                0x0000000008005d94       0x14 ./Middlewares/Third_Party/FreeRTOS/Source/portable/GCC/ARM_CM4F/port.o
 .text.vPortValidateInterruptPriority
                0x0000000008005da8       0x80 ./Middlewares/Third_Party/FreeRTOS/Source/portable/GCC/ARM_CM4F/port.o
                0x0000000008005da8                vPortValidateInterruptPriority
 .text.pvPortMalloc
                0x0000000008005e28      0x198 ./Middlewares/Third_Party/FreeRTOS/Source/portable/MemMang/heap_4.o
                0x0000000008005e28                pvPortMalloc
 .text.vPortFree
                0x0000000008005fc0       0xc4 ./Middlewares/Third_Party/FreeRTOS/Source/portable/MemMang/heap_4.o
                0x0000000008005fc0                vPortFree
 .text.prvHeapInit
                0x0000000008006084       0xc4 ./Middlewares/Third_Party/FreeRTOS/Source/portable/MemMang/heap_4.o
 .text.prvInsertBlockIntoFreeList
                0x0000000008006148       0xb4 ./Middlewares/Third_Party/FreeRTOS/Source/portable/MemMang/heap_4.o
 .text.memset   0x00000000080061fc       0x10 O:/programs/STMicroelectronics/STM32CubeIDE_1.13.1/STM32CubeIDE/plugins/com.st.stm32cube.ide.mcu.externaltools.gnu-tools-for-stm32.11.3.rel1.win32_1.1.0.202305231506/tools/bin/../lib/gcc/arm-none-eabi/11.3.1/../../../../arm-none-eabi/lib/thumb/v7e-m+fp/hard\libc_nano.a(libc_a-memset.o)
                0x00000000080061fc                memset
 .text.__libc_init_array
                0x000000000800620c       0x48 O:/programs/STMicroelectronics/STM32CubeIDE_1.13.1/STM32CubeIDE/plugins/com.st.stm32cube.ide.mcu.externaltools.gnu-tools-for-stm32.11.3.rel1.win32_1.1.0.202305231506/tools/bin/../lib/gcc/arm-none-eabi/11.3.1/../../../../arm-none-eabi/lib/thumb/v7e-m+fp/hard\libc_nano.a(libc_a-init.o)
                0x000000000800620c                __libc_init_array
 .text.memcpy   0x0000000008006254       0x1c O:/programs/STMicroelectronics/STM32CubeIDE_1.13.1/STM32CubeIDE/plugins/com.st.stm32cube.ide.mcu.externaltools.gnu-tools-for-stm32.11.3.rel1.win32_1.1.0.202305231506/tools/bin/../lib/gcc/arm-none-eabi/11.3.1/../../../../arm-none-eabi/lib/thumb/v7e-m+fp/hard\libc_nano.a(libc_a-memcpy-stub.o)
                0x0000000008006254                memcpy
 *(.glue_7)
 .glue_7        0x0000000008006270        0x0 linker stubs
 *(.glue_7t)
 .glue_7t       0x0000000008006270        0x0 linker stubs
 *(.eh_frame)
 .eh_frame      0x0000000008006270        0x0 O:/programs/STMicroelectronics/STM32CubeIDE_1.13.1/STM32CubeIDE/plugins/com.st.stm32cube.ide.mcu.externaltools.gnu-tools-for-stm32.11.3.rel1.win32_1.1.0.202305231506/tools/bin/../lib/gcc/arm-none-eabi/11.3.1/thumb/v7e-m+fp/hard/crtbegin.o
 *(.init)
 .init          0x0000000008006270        0x4 O:/programs/STMicroelectronics/STM32CubeIDE_1.13.1/STM32CubeIDE/plugins/com.st.stm32cube.ide.mcu.externaltools.gnu-tools-for-stm32.11.3.rel1.win32_1.1.0.202305231506/tools/bin/../lib/gcc/arm-none-eabi/11.3.1/thumb/v7e-m+fp/hard/crti.o
                0x0000000008006270                _init
 .init          0x0000000008006274        0x8 O:/programs/STMicroelectronics/STM32CubeIDE_1.13.1/STM32CubeIDE/plugins/com.st.stm32cube.ide.mcu.externaltools.gnu-tools-for-stm32.11.3.rel1.win32_1.1.0.202305231506/tools/bin/../lib/gcc/arm-none-eabi/11.3.1/thumb/v7e-m+fp/hard/crtn.o
 *(.fini)
 .fini          0x000000000800627c        0x4 O:/programs/STMicroelectronics/STM32CubeIDE_1.13.1/STM32CubeIDE/plugins/com.st.stm32cube.ide.mcu.externaltools.gnu-tools-for-stm32.11.3.rel1.win32_1.1.0.202305231506/tools/bin/../lib/gcc/arm-none-eabi/11.3.1/thumb/v7e-m+fp/hard/crti.o
                0x000000000800627c                _fini
 .fini          0x0000000008006280        0x8 O:/programs/STMicroelectronics/STM32CubeIDE_1.13.1/STM32CubeIDE/plugins/com.st.stm32cube.ide.mcu.externaltools.gnu-tools-for-stm32.11.3.rel1.win32_1.1.0.202305231506/tools/bin/../lib/gcc/arm-none-eabi/11.3.1/thumb/v7e-m+fp/hard/crtn.o
                0x0000000008006288                . = ALIGN (0x4)
                0x0000000008006288                _etext = .

.vfp11_veneer   0x0000000008006288        0x0
 .vfp11_veneer  0x0000000008006288        0x0 linker stubs

.v4_bx          0x0000000008006288        0x0
 .v4_bx         0x0000000008006288        0x0 linker stubs

.iplt           0x0000000008006288        0x0
 .iplt          0x0000000008006288        0x0 O:/programs/STMicroelectronics/STM32CubeIDE_1.13.1/STM32CubeIDE/plugins/com.st.stm32cube.ide.mcu.externaltools.gnu-tools-for-stm32.11.3.rel1.win32_1.1.0.202305231506/tools/bin/../lib/gcc/arm-none-eabi/11.3.1/thumb/v7e-m+fp/hard/crtbegin.o

.rodata         0x0000000008006288       0xfc
                0x0000000008006288                . = ALIGN (0x4)
 *(.rodata)
 .rodata        0x0000000008006288       0xdb ./Core/Src/main.o
 *fill*         0x0000000008006363        0x1 
 .rodata        0x0000000008006364        0x5 ./Middlewares/Third_Party/FreeRTOS/Source/tasks.o
 *(.rodata*)
 *fill*         0x0000000008006369        0x3 
 .rodata.AHBPrescTable
                0x000000000800636c       0x10 ./Core/Src/system_stm32f4xx.o
                0x000000000800636c                AHBPrescTable
 .rodata.APBPrescTable
                0x000000000800637c        0x8 ./Core/Src/system_stm32f4xx.o
                0x000000000800637c                APBPrescTable
                0x0000000008006384                . = ALIGN (0x4)

.ARM.extab      0x0000000008006384        0x0
                0x0000000008006384                . = ALIGN (0x4)
 *(.ARM.extab* .gnu.linkonce.armextab.*)
                0x0000000008006384                . = ALIGN (0x4)

.ARM            0x0000000008006384        0x8
                0x0000000008006384                . = ALIGN (0x4)
                0x0000000008006384                __exidx_start = .
 *(.ARM.exidx*)
 .ARM.exidx     0x0000000008006384        0x8 O:/programs/STMicroelectronics/STM32CubeIDE_1.13.1/STM32CubeIDE/plugins/com.st.stm32cube.ide.mcu.externaltools.gnu-tools-for-stm32.11.3.rel1.win32_1.1.0.202305231506/tools/bin/../lib/gcc/arm-none-eabi/11.3.1/thumb/v7e-m+fp/hard\libgcc.a(_udivmoddi4.o)
                0x000000000800638c                __exidx_end = .
                0x000000000800638c                . = ALIGN (0x4)

.rel.dyn        0x000000000800638c        0x0
 .rel.iplt      0x000000000800638c        0x0 O:/programs/STMicroelectronics/STM32CubeIDE_1.13.1/STM32CubeIDE/plugins/com.st.stm32cube.ide.mcu.externaltools.gnu-tools-for-stm32.11.3.rel1.win32_1.1.0.202305231506/tools/bin/../lib/gcc/arm-none-eabi/11.3.1/thumb/v7e-m+fp/hard/crtbegin.o

.preinit_array  0x000000000800638c        0x0
                0x000000000800638c                . = ALIGN (0x4)
                0x000000000800638c                PROVIDE (__preinit_array_start = .)
 *(.preinit_array*)
                0x000000000800638c                PROVIDE (__preinit_array_end = .)
                0x000000000800638c                . = ALIGN (0x4)

.init_array     0x000000000800638c        0x4
                0x000000000800638c                . = ALIGN (0x4)
                0x000000000800638c                PROVIDE (__init_array_start = .)
 *(SORT_BY_NAME(.init_array.*))
 *(.init_array*)
 .init_array    0x000000000800638c        0x4 O:/programs/STMicroelectronics/STM32CubeIDE_1.13.1/STM32CubeIDE/plugins/com.st.stm32cube.ide.mcu.externaltools.gnu-tools-for-stm32.11.3.rel1.win32_1.1.0.202305231506/tools/bin/../lib/gcc/arm-none-eabi/11.3.1/thumb/v7e-m+fp/hard/crtbegin.o
                0x0000000008006390                PROVIDE (__init_array_end = .)
                0x0000000008006390                . = ALIGN (0x4)

.fini_array     0x0000000008006390        0x4
                0x0000000008006390                . = ALIGN (0x4)
                [!provide]                        PROVIDE (__fini_array_start = .)
 *(SORT_BY_NAME(.fini_array.*))
 *(.fini_array*)
 .fini_array    0x0000000008006390        0x4 O:/programs/STMicroelectronics/STM32CubeIDE_1.13.1/STM32CubeIDE/plugins/com.st.stm32cube.ide.mcu.externaltools.gnu-tools-for-stm32.11.3.rel1.win32_1.1.0.202305231506/tools/bin/../lib/gcc/arm-none-eabi/11.3.1/thumb/v7e-m+fp/hard/crtbegin.o
                [!provide]                        PROVIDE (__fini_array_end = .)
                0x0000000008006394                . = ALIGN (0x4)
                0x0000000008006394                _sidata = LOADADDR (.data)

.data           0x0000000020000000       0x10 load address 0x0000000008006394
                0x0000000020000000                . = ALIGN (0x4)
                0x0000000020000000                _sdata = .
 *(.data)
 *(.data*)
 .data.SystemCoreClock
                0x0000000020000000        0x4 ./Core/Src/system_stm32f4xx.o
                0x0000000020000000                SystemCoreClock
 .data.uwTickPrio
                0x0000000020000004        0x4 ./Drivers/STM32F4xx_HAL_Driver/Src/stm32f4xx_hal.o
                0x0000000020000004                uwTickPrio
 .data.uwTickFreq
                0x0000000020000008        0x1 ./Drivers/STM32F4xx_HAL_Driver/Src/stm32f4xx_hal.o
                0x0000000020000008                uwTickFreq
 *fill*         0x0000000020000009        0x3 
 .data.uxCriticalNesting
                0x000000002000000c        0x4 ./Middlewares/Third_Party/FreeRTOS/Source/portable/GCC/ARM_CM4F/port.o
 *(.RamFunc)
 *(.RamFunc*)
                0x0000000020000010                . = ALIGN (0x4)
                0x0000000020000010                _edata = .

.igot.plt       0x0000000020000010        0x0 load address 0x00000000080063a4
 .igot.plt      0x0000000020000010        0x0 O:/programs/STMicroelectronics/STM32CubeIDE_1.13.1/STM32CubeIDE/plugins/com.st.stm32cube.ide.mcu.externaltools.gnu-tools-for-stm32.11.3.rel1.win32_1.1.0.202305231506/tools/bin/../lib/gcc/arm-none-eabi/11.3.1/thumb/v7e-m+fp/hard/crtbegin.o
                0x0000000020000010                . = ALIGN (0x4)

.bss            0x0000000020000010     0x4148 load address 0x00000000080063a4
                0x0000000020000010                _sbss = .
                0x0000000020000010                __bss_start__ = _sbss
 *(.bss)
 .bss           0x0000000020000010       0x1c O:/programs/STMicroelectronics/STM32CubeIDE_1.13.1/STM32CubeIDE/plugins/com.st.stm32cube.ide.mcu.externaltools.gnu-tools-for-stm32.11.3.rel1.win32_1.1.0.202305231506/tools/bin/../lib/gcc/arm-none-eabi/11.3.1/thumb/v7e-m+fp/hard/crtbegin.o
 *(.bss*)
 .bss.xIdleTaskTCBBuffer
                0x000000002000002c       0x64 ./Core/Src/freertos.o
 .bss.xIdleStack
                0x0000000020000090      0x200 ./Core/Src/freertos.o
 .bss.htim10    0x0000000020000290       0x48 ./Core/Src/main.o
                0x0000000020000290                htim10
 .bss.huart1    0x00000000200002d8       0x44 ./Core/Src/main.o
                0x00000000200002d8                huart1
 .bss.ProgramingModeHandle
                0x000000002000031c        0x4 ./Core/Src/main.o
                0x000000002000031c                ProgramingModeHandle
 .bss.InterpreterHandle
                0x0000000020000320        0x4 ./Core/Src/main.o
                0x0000000020000320                InterpreterHandle
 .bss.UART_comunicationHandle
                0x0000000020000324        0x4 ./Core/Src/main.o
                0x0000000020000324                UART_comunicationHandle
 .bss.ExecutionFromMemoryHandle
                0x0000000020000328        0x4 ./Core/Src/main.o
                0x0000000020000328                ExecutionFromMemoryHandle
 .bss.uart_queue_rx
                0x000000002000032c        0x4 ./Core/Src/main.o
                0x000000002000032c                uart_queue_rx
 .bss.programing_queue
                0x0000000020000330        0x4 ./Core/Src/main.o
                0x0000000020000330                programing_queue
 .bss.exm       0x0000000020000334       0x80 ./Core/Src/main.o
                0x0000000020000334                exm
 .bss.EventGroup
                0x00000000200003b4        0x4 ./Core/Src/main.o
                0x00000000200003b4                EventGroup
 .bss.htim2     0x00000000200003b8       0x48 ./Core/Src/stm32f4xx_hal_timebase_tim.o
                0x00000000200003b8                htim2
 .bss.uwTick    0x0000000020000400        0x4 ./Drivers/STM32F4xx_HAL_Driver/Src/stm32f4xx_hal.o
                0x0000000020000400                uwTick
 .bss.pxCurrentTCB
                0x0000000020000404        0x4 ./Middlewares/Third_Party/FreeRTOS/Source/tasks.o
                0x0000000020000404                pxCurrentTCB
 .bss.pxReadyTasksLists
                0x0000000020000408       0x8c ./Middlewares/Third_Party/FreeRTOS/Source/tasks.o
 .bss.xDelayedTaskList1
                0x0000000020000494       0x14 ./Middlewares/Third_Party/FreeRTOS/Source/tasks.o
 .bss.xDelayedTaskList2
                0x00000000200004a8       0x14 ./Middlewares/Third_Party/FreeRTOS/Source/tasks.o
 .bss.pxDelayedTaskList
                0x00000000200004bc        0x4 ./Middlewares/Third_Party/FreeRTOS/Source/tasks.o
 .bss.pxOverflowDelayedTaskList
                0x00000000200004c0        0x4 ./Middlewares/Third_Party/FreeRTOS/Source/tasks.o
 .bss.xPendingReadyList
                0x00000000200004c4       0x14 ./Middlewares/Third_Party/FreeRTOS/Source/tasks.o
 .bss.xTasksWaitingTermination
                0x00000000200004d8       0x14 ./Middlewares/Third_Party/FreeRTOS/Source/tasks.o
 .bss.uxDeletedTasksWaitingCleanUp
                0x00000000200004ec        0x4 ./Middlewares/Third_Party/FreeRTOS/Source/tasks.o
 .bss.xSuspendedTaskList
                0x00000000200004f0       0x14 ./Middlewares/Third_Party/FreeRTOS/Source/tasks.o
 .bss.uxCurrentNumberOfTasks
                0x0000000020000504        0x4 ./Middlewares/Third_Party/FreeRTOS/Source/tasks.o
 .bss.xTickCount
                0x0000000020000508        0x4 ./Middlewares/Third_Party/FreeRTOS/Source/tasks.o
 .bss.uxTopReadyPriority
                0x000000002000050c        0x4 ./Middlewares/Third_Party/FreeRTOS/Source/tasks.o
 .bss.xSchedulerRunning
                0x0000000020000510        0x4 ./Middlewares/Third_Party/FreeRTOS/Source/tasks.o
 .bss.xPendedTicks
                0x0000000020000514        0x4 ./Middlewares/Third_Party/FreeRTOS/Source/tasks.o
 .bss.xYieldPending
                0x0000000020000518        0x4 ./Middlewares/Third_Party/FreeRTOS/Source/tasks.o
 .bss.xNumOfOverflows
                0x000000002000051c        0x4 ./Middlewares/Third_Party/FreeRTOS/Source/tasks.o
 .bss.uxTaskNumber
                0x0000000020000520        0x4 ./Middlewares/Third_Party/FreeRTOS/Source/tasks.o
 .bss.xNextTaskUnblockTime
                0x0000000020000524        0x4 ./Middlewares/Third_Party/FreeRTOS/Source/tasks.o
 .bss.xIdleTaskHandle
                0x0000000020000528        0x4 ./Middlewares/Third_Party/FreeRTOS/Source/tasks.o
 .bss.uxSchedulerSuspended
                0x000000002000052c        0x4 ./Middlewares/Third_Party/FreeRTOS/Source/tasks.o
 .bss.ucMaxSysCallPriority
                0x0000000020000530        0x1 ./Middlewares/Third_Party/FreeRTOS/Source/portable/GCC/ARM_CM4F/port.o
 *fill*         0x0000000020000531        0x3 
 .bss.ulMaxPRIGROUPValue
                0x0000000020000534        0x4 ./Middlewares/Third_Party/FreeRTOS/Source/portable/GCC/ARM_CM4F/port.o
 .bss.ucHeap    0x0000000020000538     0x3c00 ./Middlewares/Third_Party/FreeRTOS/Source/portable/MemMang/heap_4.o
 .bss.xStart    0x0000000020004138        0x8 ./Middlewares/Third_Party/FreeRTOS/Source/portable/MemMang/heap_4.o
 .bss.pxEnd     0x0000000020004140        0x4 ./Middlewares/Third_Party/FreeRTOS/Source/portable/MemMang/heap_4.o
 .bss.xFreeBytesRemaining
                0x0000000020004144        0x4 ./Middlewares/Third_Party/FreeRTOS/Source/portable/MemMang/heap_4.o
 .bss.xMinimumEverFreeBytesRemaining
                0x0000000020004148        0x4 ./Middlewares/Third_Party/FreeRTOS/Source/portable/MemMang/heap_4.o
 .bss.xNumberOfSuccessfulAllocations
                0x000000002000414c        0x4 ./Middlewares/Third_Party/FreeRTOS/Source/portable/MemMang/heap_4.o
 .bss.xNumberOfSuccessfulFrees
                0x0000000020004150        0x4 ./Middlewares/Third_Party/FreeRTOS/Source/portable/MemMang/heap_4.o
 .bss.xBlockAllocatedBit
                0x0000000020004154        0x4 ./Middlewares/Third_Party/FreeRTOS/Source/portable/MemMang/heap_4.o
 *(COMMON)
                0x0000000020004158                . = ALIGN (0x4)
                0x0000000020004158                _ebss = .
                0x0000000020004158                __bss_end__ = _ebss

._user_heap_stack
                0x0000000020004158      0x600 load address 0x00000000080063a4
                0x0000000020004158                . = ALIGN (0x8)
                [!provide]                        PROVIDE (end = .)
                0x0000000020004158                PROVIDE (_end = .)
                0x0000000020004358                . = (. + _Min_Heap_Size)
 *fill*         0x0000000020004158      0x200 
                0x0000000020004758                . = (. + _Min_Stack_Size)
 *fill*         0x0000000020004358      0x400 
                0x0000000020004758                . = ALIGN (0x8)

/DISCARD/
 libc.a(*)
 libm.a(*)
 libgcc.a(*)

.ARM.attributes
                0x0000000000000000       0x30
 *(.ARM.attributes)
 .ARM.attributes
                0x0000000000000000       0x1e O:/programs/STMicroelectronics/STM32CubeIDE_1.13.1/STM32CubeIDE/plugins/com.st.stm32cube.ide.mcu.externaltools.gnu-tools-for-stm32.11.3.rel1.win32_1.1.0.202305231506/tools/bin/../lib/gcc/arm-none-eabi/11.3.1/thumb/v7e-m+fp/hard/crti.o
 .ARM.attributes
                0x000000000000001e       0x34 O:/programs/STMicroelectronics/STM32CubeIDE_1.13.1/STM32CubeIDE/plugins/com.st.stm32cube.ide.mcu.externaltools.gnu-tools-for-stm32.11.3.rel1.win32_1.1.0.202305231506/tools/bin/../lib/gcc/arm-none-eabi/11.3.1/thumb/v7e-m+fp/hard/crtbegin.o
 .ARM.attributes
                0x0000000000000052       0x34 ./Core/Src/freertos.o
 .ARM.attributes
                0x0000000000000086       0x34 ./Core/Src/main.o
 .ARM.attributes
                0x00000000000000ba       0x34 ./Core/Src/stm32f4xx_hal_msp.o
 .ARM.attributes
                0x00000000000000ee       0x34 ./Core/Src/stm32f4xx_hal_timebase_tim.o
 .ARM.attributes
                0x0000000000000122       0x34 ./Core/Src/stm32f4xx_it.o
 .ARM.attributes
                0x0000000000000156       0x34 ./Core/Src/system_stm32f4xx.o
 .ARM.attributes
                0x000000000000018a       0x21 ./Core/Startup/startup_stm32f411ceux.o
 .ARM.attributes
                0x00000000000001ab       0x34 ./Drivers/STM32F4xx_HAL_Driver/Src/stm32f4xx_hal.o
 .ARM.attributes
                0x00000000000001df       0x34 ./Drivers/STM32F4xx_HAL_Driver/Src/stm32f4xx_hal_cortex.o
 .ARM.attributes
                0x0000000000000213       0x34 ./Drivers/STM32F4xx_HAL_Driver/Src/stm32f4xx_hal_dma.o
 .ARM.attributes
                0x0000000000000247       0x34 ./Drivers/STM32F4xx_HAL_Driver/Src/stm32f4xx_hal_gpio.o
 .ARM.attributes
                0x000000000000027b       0x34 ./Drivers/STM32F4xx_HAL_Driver/Src/stm32f4xx_hal_rcc.o
 .ARM.attributes
                0x00000000000002af       0x34 ./Drivers/STM32F4xx_HAL_Driver/Src/stm32f4xx_hal_tim.o
 .ARM.attributes
                0x00000000000002e3       0x34 ./Drivers/STM32F4xx_HAL_Driver/Src/stm32f4xx_hal_tim_ex.o
 .ARM.attributes
                0x0000000000000317       0x34 ./Drivers/STM32F4xx_HAL_Driver/Src/stm32f4xx_hal_uart.o
 .ARM.attributes
                0x000000000000034b       0x34 ./Middlewares/Third_Party/FreeRTOS/Source/CMSIS_RTOS/cmsis_os.o
 .ARM.attributes
                0x000000000000037f       0x34 ./Middlewares/Third_Party/FreeRTOS/Source/event_groups.o
 .ARM.attributes
                0x00000000000003b3       0x34 ./Middlewares/Third_Party/FreeRTOS/Source/list.o
 .ARM.attributes
                0x00000000000003e7       0x34 ./Middlewares/Third_Party/FreeRTOS/Source/queue.o
 .ARM.attributes
                0x000000000000041b       0x34 ./Middlewares/Third_Party/FreeRTOS/Source/tasks.o
 .ARM.attributes
                0x000000000000044f       0x34 ./Middlewares/Third_Party/FreeRTOS/Source/portable/GCC/ARM_CM4F/port.o
 .ARM.attributes
                0x0000000000000483       0x34 ./Middlewares/Third_Party/FreeRTOS/Source/portable/MemMang/heap_4.o
 .ARM.attributes
                0x00000000000004b7       0x34 O:/programs/STMicroelectronics/STM32CubeIDE_1.13.1/STM32CubeIDE/plugins/com.st.stm32cube.ide.mcu.externaltools.gnu-tools-for-stm32.11.3.rel1.win32_1.1.0.202305231506/tools/bin/../lib/gcc/arm-none-eabi/11.3.1/../../../../arm-none-eabi/lib/thumb/v7e-m+fp/hard\libc_nano.a(libc_a-memset.o)
 .ARM.attributes
                0x00000000000004eb       0x34 O:/programs/STMicroelectronics/STM32CubeIDE_1.13.1/STM32CubeIDE/plugins/com.st.stm32cube.ide.mcu.externaltools.gnu-tools-for-stm32.11.3.rel1.win32_1.1.0.202305231506/tools/bin/../lib/gcc/arm-none-eabi/11.3.1/../../../../arm-none-eabi/lib/thumb/v7e-m+fp/hard\libc_nano.a(libc_a-init.o)
 .ARM.attributes
                0x000000000000051f       0x34 O:/programs/STMicroelectronics/STM32CubeIDE_1.13.1/STM32CubeIDE/plugins/com.st.stm32cube.ide.mcu.externaltools.gnu-tools-for-stm32.11.3.rel1.win32_1.1.0.202305231506/tools/bin/../lib/gcc/arm-none-eabi/11.3.1/../../../../arm-none-eabi/lib/thumb/v7e-m+fp/hard\libc_nano.a(libc_a-memcpy-stub.o)
 .ARM.attributes
                0x0000000000000553       0x1e O:/programs/STMicroelectronics/STM32CubeIDE_1.13.1/STM32CubeIDE/plugins/com.st.stm32cube.ide.mcu.externaltools.gnu-tools-for-stm32.11.3.rel1.win32_1.1.0.202305231506/tools/bin/../lib/gcc/arm-none-eabi/11.3.1/thumb/v7e-m+fp/hard\libgcc.a(_aeabi_uldivmod.o)
 .ARM.attributes
                0x0000000000000571       0x34 O:/programs/STMicroelectronics/STM32CubeIDE_1.13.1/STM32CubeIDE/plugins/com.st.stm32cube.ide.mcu.externaltools.gnu-tools-for-stm32.11.3.rel1.win32_1.1.0.202305231506/tools/bin/../lib/gcc/arm-none-eabi/11.3.1/thumb/v7e-m+fp/hard\libgcc.a(_udivmoddi4.o)
 .ARM.attributes
                0x00000000000005a5       0x1e O:/programs/STMicroelectronics/STM32CubeIDE_1.13.1/STM32CubeIDE/plugins/com.st.stm32cube.ide.mcu.externaltools.gnu-tools-for-stm32.11.3.rel1.win32_1.1.0.202305231506/tools/bin/../lib/gcc/arm-none-eabi/11.3.1/thumb/v7e-m+fp/hard\libgcc.a(_dvmd_tls.o)
 .ARM.attributes
                0x00000000000005c3       0x1e O:/programs/STMicroelectronics/STM32CubeIDE_1.13.1/STM32CubeIDE/plugins/com.st.stm32cube.ide.mcu.externaltools.gnu-tools-for-stm32.11.3.rel1.win32_1.1.0.202305231506/tools/bin/../lib/gcc/arm-none-eabi/11.3.1/thumb/v7e-m+fp/hard/crtn.o
OUTPUT(simple_f411.elf elf32-littlearm)
LOAD linker stubs
LOAD O:/programs/STMicroelectronics/STM32CubeIDE_1.13.1/STM32CubeIDE/plugins/com.st.stm32cube.ide.mcu.externaltools.gnu-tools-for-stm32.11.3.rel1.win32_1.1.0.202305231506/tools/bin/../lib/gcc/arm-none-eabi/11.3.1/../../../../arm-none-eabi/lib/thumb/v7e-m+fp/hard\libc.a
LOAD O:/programs/STMicroelectronics/STM32CubeIDE_1.13.1/STM32CubeIDE/plugins/com.st.stm32cube.ide.mcu.externaltools.gnu-tools-for-stm32.11.3.rel1.win32_1.1.0.202305231506/tools/bin/../lib/gcc/arm-none-eabi/11.3.1/../../../../arm-none-eabi/lib/thumb/v7e-m+fp/hard\libm.a
LOAD O:/programs/STMicroelectronics/STM32CubeIDE_1.13.1/STM32CubeIDE/plugins/com.st.stm32cube.ide.mcu.externaltools.gnu-tools-for-stm32.11.3.rel1.win32_1.1.0.202305231506/tools/bin/../lib/gcc/arm-none-eabi/11.3.1/thumb/v7e-m+fp/hard\libgcc.a

.comment        0x0000000000000000       0x43
 .comment       0x0000000000000000       0x43 O:/programs/STMicroelectronics/STM32CubeIDE_1.13.1/STM32CubeIDE/plugins/com.st.stm32cube.ide.mcu.externaltools.gnu-tools-for-stm32.11.3.rel1.win32_1.1.0.202305231506/tools/bin/../lib/gcc/arm-none-eabi/11.3.1/thumb/v7e-m+fp/hard/crtbegin.o
                                         0x44 (size before relaxing)
 .comment       0x0000000000000043       0x44 ./Core/Src/freertos.o
 .comment       0x0000000000000043       0x44 ./Core/Src/main.o
 .comment       0x0000000000000043       0x44 ./Core/Src/stm32f4xx_hal_msp.o
 .comment       0x0000000000000043       0x44 ./Core/Src/stm32f4xx_hal_timebase_tim.o
 .comment       0x0000000000000043       0x44 ./Core/Src/stm32f4xx_it.o
 .comment       0x0000000000000043       0x44 ./Core/Src/system_stm32f4xx.o
 .comment       0x0000000000000043       0x44 ./Drivers/STM32F4xx_HAL_Driver/Src/stm32f4xx_hal.o
 .comment       0x0000000000000043       0x44 ./Drivers/STM32F4xx_HAL_Driver/Src/stm32f4xx_hal_cortex.o
 .comment       0x0000000000000043       0x44 ./Drivers/STM32F4xx_HAL_Driver/Src/stm32f4xx_hal_dma.o
 .comment       0x0000000000000043       0x44 ./Drivers/STM32F4xx_HAL_Driver/Src/stm32f4xx_hal_gpio.o
 .comment       0x0000000000000043       0x44 ./Drivers/STM32F4xx_HAL_Driver/Src/stm32f4xx_hal_rcc.o
 .comment       0x0000000000000043       0x44 ./Drivers/STM32F4xx_HAL_Driver/Src/stm32f4xx_hal_tim.o
 .comment       0x0000000000000043       0x44 ./Drivers/STM32F4xx_HAL_Driver/Src/stm32f4xx_hal_tim_ex.o
 .comment       0x0000000000000043       0x44 ./Drivers/STM32F4xx_HAL_Driver/Src/stm32f4xx_hal_uart.o
 .comment       0x0000000000000043       0x44 ./Middlewares/Third_Party/FreeRTOS/Source/CMSIS_RTOS/cmsis_os.o
 .comment       0x0000000000000043       0x44 ./Middlewares/Third_Party/FreeRTOS/Source/event_groups.o
 .comment       0x0000000000000043       0x44 ./Middlewares/Third_Party/FreeRTOS/Source/list.o
 .comment       0x0000000000000043       0x44 ./Middlewares/Third_Party/FreeRTOS/Source/queue.o
 .comment       0x0000000000000043       0x44 ./Middlewares/Third_Party/FreeRTOS/Source/tasks.o
 .comment       0x0000000000000043       0x44 ./Middlewares/Third_Party/FreeRTOS/Source/portable/GCC/ARM_CM4F/port.o
 .comment       0x0000000000000043       0x44 ./Middlewares/Third_Party/FreeRTOS/Source/portable/MemMang/heap_4.o

.debug_info     0x0000000000000000    0x14663
 .debug_info    0x0000000000000000      0x279 ./Core/Src/freertos.o
 .debug_info    0x0000000000000279     0x1841 ./Core/Src/main.o
 .debug_info    0x0000000000001aba      0xeeb ./Core/Src/stm32f4xx_hal_msp.o
 .debug_info    0x00000000000029a5      0xb83 ./Core/Src/stm32f4xx_hal_timebase_tim.o
 .debug_info    0x0000000000003528      0x961 ./Core/Src/stm32f4xx_it.o
 .debug_info    0x0000000000003e89      0x53e ./Core/Src/system_stm32f4xx.o
 .debug_info    0x00000000000043c7       0x23 ./Core/Startup/startup_stm32f411ceux.o
 .debug_info    0x00000000000043ea      0x8c4 ./Drivers/STM32F4xx_HAL_Driver/Src/stm32f4xx_hal.o
 .debug_info    0x0000000000004cae      0xcb6 ./Drivers/STM32F4xx_HAL_Driver/Src/stm32f4xx_hal_cortex.o
 .debug_info    0x0000000000005964      0x8e6 ./Drivers/STM32F4xx_HAL_Driver/Src/stm32f4xx_hal_dma.o
 .debug_info    0x000000000000624a      0x6f9 ./Drivers/STM32F4xx_HAL_Driver/Src/stm32f4xx_hal_gpio.o
 .debug_info    0x0000000000006943      0x8f2 ./Drivers/STM32F4xx_HAL_Driver/Src/stm32f4xx_hal_rcc.o
 .debug_info    0x0000000000007235     0x2941 ./Drivers/STM32F4xx_HAL_Driver/Src/stm32f4xx_hal_tim.o
 .debug_info    0x0000000000009b76     0x14a7 ./Drivers/STM32F4xx_HAL_Driver/Src/stm32f4xx_hal_tim_ex.o
 .debug_info    0x000000000000b01d     0x2fbf ./Drivers/STM32F4xx_HAL_Driver/Src/stm32f4xx_hal_uart.o
 .debug_info    0x000000000000dfdc     0x1b60 ./Middlewares/Third_Party/FreeRTOS/Source/CMSIS_RTOS/cmsis_os.o
 .debug_info    0x000000000000fb3c      0xa51 ./Middlewares/Third_Party/FreeRTOS/Source/event_groups.o
 .debug_info    0x000000000001058d      0x2af ./Middlewares/Third_Party/FreeRTOS/Source/list.o
 .debug_info    0x000000000001083c     0x17cd ./Middlewares/Third_Party/FreeRTOS/Source/queue.o
 .debug_info    0x0000000000012009     0x1ca7 ./Middlewares/Third_Party/FreeRTOS/Source/tasks.o
 .debug_info    0x0000000000013cb0      0x4de ./Middlewares/Third_Party/FreeRTOS/Source/portable/GCC/ARM_CM4F/port.o
 .debug_info    0x000000000001418e      0x4d5 ./Middlewares/Third_Party/FreeRTOS/Source/portable/MemMang/heap_4.o

.debug_abbrev   0x0000000000000000     0x32fd
 .debug_abbrev  0x0000000000000000       0xd2 ./Core/Src/freertos.o
 .debug_abbrev  0x00000000000000d2      0x3c0 ./Core/Src/main.o
 .debug_abbrev  0x0000000000000492      0x1fb ./Core/Src/stm32f4xx_hal_msp.o
 .debug_abbrev  0x000000000000068d      0x207 ./Core/Src/stm32f4xx_hal_timebase_tim.o
 .debug_abbrev  0x0000000000000894      0x1eb ./Core/Src/stm32f4xx_it.o
 .debug_abbrev  0x0000000000000a7f      0x11a ./Core/Src/system_stm32f4xx.o
 .debug_abbrev  0x0000000000000b99       0x12 ./Core/Startup/startup_stm32f411ceux.o
 .debug_abbrev  0x0000000000000bab      0x24b ./Drivers/STM32F4xx_HAL_Driver/Src/stm32f4xx_hal.o
 .debug_abbrev  0x0000000000000df6      0x327 ./Drivers/STM32F4xx_HAL_Driver/Src/stm32f4xx_hal_cortex.o
 .debug_abbrev  0x000000000000111d      0x221 ./Drivers/STM32F4xx_HAL_Driver/Src/stm32f4xx_hal_dma.o
 .debug_abbrev  0x000000000000133e      0x1d3 ./Drivers/STM32F4xx_HAL_Driver/Src/stm32f4xx_hal_gpio.o
 .debug_abbrev  0x0000000000001511      0x2b5 ./Drivers/STM32F4xx_HAL_Driver/Src/stm32f4xx_hal_rcc.o
 .debug_abbrev  0x00000000000017c6      0x284 ./Drivers/STM32F4xx_HAL_Driver/Src/stm32f4xx_hal_tim.o
 .debug_abbrev  0x0000000000001a4a      0x28f ./Drivers/STM32F4xx_HAL_Driver/Src/stm32f4xx_hal_tim_ex.o
 .debug_abbrev  0x0000000000001cd9      0x31b ./Drivers/STM32F4xx_HAL_Driver/Src/stm32f4xx_hal_uart.o
 .debug_abbrev  0x0000000000001ff4      0x3a7 ./Middlewares/Third_Party/FreeRTOS/Source/CMSIS_RTOS/cmsis_os.o
 .debug_abbrev  0x000000000000239b      0x2e6 ./Middlewares/Third_Party/FreeRTOS/Source/event_groups.o
 .debug_abbrev  0x0000000000002681       0xf5 ./Middlewares/Third_Party/FreeRTOS/Source/list.o
 .debug_abbrev  0x0000000000002776      0x3b5 ./Middlewares/Third_Party/FreeRTOS/Source/queue.o
 .debug_abbrev  0x0000000000002b2b      0x359 ./Middlewares/Third_Party/FreeRTOS/Source/tasks.o
 .debug_abbrev  0x0000000000002e84      0x25c ./Middlewares/Third_Party/FreeRTOS/Source/portable/GCC/ARM_CM4F/port.o
 .debug_abbrev  0x00000000000030e0      0x21d ./Middlewares/Third_Party/FreeRTOS/Source/portable/MemMang/heap_4.o

.debug_aranges  0x0000000000000000     0x12b8
 .debug_aranges
                0x0000000000000000       0x20 ./Core/Src/freertos.o
 .debug_aranges
                0x0000000000000020       0xa8 ./Core/Src/main.o
 .debug_aranges
                0x00000000000000c8       0x48 ./Core/Src/stm32f4xx_hal_msp.o
 .debug_aranges
                0x0000000000000110       0x30 ./Core/Src/stm32f4xx_hal_timebase_tim.o
 .debug_aranges
                0x0000000000000140       0x58 ./Core/Src/stm32f4xx_it.o
 .debug_aranges
                0x0000000000000198       0x28 ./Core/Src/system_stm32f4xx.o
 .debug_aranges
                0x00000000000001c0       0x28 ./Core/Startup/startup_stm32f411ceux.o
 .debug_aranges
                0x00000000000001e8       0xf0 ./Drivers/STM32F4xx_HAL_Driver/Src/stm32f4xx_hal.o
 .debug_aranges
                0x00000000000002d8      0x118 ./Drivers/STM32F4xx_HAL_Driver/Src/stm32f4xx_hal_cortex.o
 .debug_aranges
                0x00000000000003f0       0x90 ./Drivers/STM32F4xx_HAL_Driver/Src/stm32f4xx_hal_dma.o
 .debug_aranges
                0x0000000000000480       0x58 ./Drivers/STM32F4xx_HAL_Driver/Src/stm32f4xx_hal_gpio.o
 .debug_aranges
                0x00000000000004d8       0x88 ./Drivers/STM32F4xx_HAL_Driver/Src/stm32f4xx_hal_rcc.o
 .debug_aranges
                0x0000000000000560      0x3d0 ./Drivers/STM32F4xx_HAL_Driver/Src/stm32f4xx_hal_tim.o
 .debug_aranges
                0x0000000000000930      0x168 ./Drivers/STM32F4xx_HAL_Driver/Src/stm32f4xx_hal_tim_ex.o
 .debug_aranges
                0x0000000000000a98      0x200 ./Drivers/STM32F4xx_HAL_Driver/Src/stm32f4xx_hal_uart.o
 .debug_aranges
                0x0000000000000c98      0x1d8 ./Middlewares/Third_Party/FreeRTOS/Source/CMSIS_RTOS/cmsis_os.o
 .debug_aranges
                0x0000000000000e70       0x70 ./Middlewares/Third_Party/FreeRTOS/Source/event_groups.o
 .debug_aranges
                0x0000000000000ee0       0x40 ./Middlewares/Third_Party/FreeRTOS/Source/list.o
 .debug_aranges
                0x0000000000000f20      0x108 ./Middlewares/Third_Party/FreeRTOS/Source/queue.o
 .debug_aranges
                0x0000000000001028      0x1b8 ./Middlewares/Third_Party/FreeRTOS/Source/tasks.o
 .debug_aranges
                0x00000000000011e0       0x80 ./Middlewares/Third_Party/FreeRTOS/Source/portable/GCC/ARM_CM4F/port.o
 .debug_aranges
                0x0000000000001260       0x58 ./Middlewares/Third_Party/FreeRTOS/Source/portable/MemMang/heap_4.o

.debug_rnglists
                0x0000000000000000      0xe8e
 .debug_rnglists
                0x0000000000000000       0x13 ./Core/Src/freertos.o
 .debug_rnglists
                0x0000000000000013       0x7f ./Core/Src/main.o
 .debug_rnglists
                0x0000000000000092       0x32 ./Core/Src/stm32f4xx_hal_msp.o
 .debug_rnglists
                0x00000000000000c4       0x20 ./Core/Src/stm32f4xx_hal_timebase_tim.o
 .debug_rnglists
                0x00000000000000e4       0x3d ./Core/Src/stm32f4xx_it.o
 .debug_rnglists
                0x0000000000000121       0x1a ./Core/Src/system_stm32f4xx.o
 .debug_rnglists
                0x000000000000013b       0x19 ./Core/Startup/startup_stm32f411ceux.o
 .debug_rnglists
                0x0000000000000154       0xaf ./Drivers/STM32F4xx_HAL_Driver/Src/stm32f4xx_hal.o
 .debug_rnglists
                0x0000000000000203       0xce ./Drivers/STM32F4xx_HAL_Driver/Src/stm32f4xx_hal_cortex.o
 .debug_rnglists
                0x00000000000002d1       0x70 ./Drivers/STM32F4xx_HAL_Driver/Src/stm32f4xx_hal_dma.o
 .debug_rnglists
                0x0000000000000341       0x3f ./Drivers/STM32F4xx_HAL_Driver/Src/stm32f4xx_hal_gpio.o
 .debug_rnglists
                0x0000000000000380       0x66 ./Drivers/STM32F4xx_HAL_Driver/Src/stm32f4xx_hal_rcc.o
 .debug_rnglists
                0x00000000000003e6      0x31a ./Drivers/STM32F4xx_HAL_Driver/Src/stm32f4xx_hal_tim.o
 .debug_rnglists
                0x0000000000000700      0x125 ./Drivers/STM32F4xx_HAL_Driver/Src/stm32f4xx_hal_tim_ex.o
 .debug_rnglists
                0x0000000000000825      0x1b7 ./Drivers/STM32F4xx_HAL_Driver/Src/stm32f4xx_hal_uart.o
 .debug_rnglists
                0x00000000000009dc      0x16a ./Middlewares/Third_Party/FreeRTOS/Source/CMSIS_RTOS/cmsis_os.o
 .debug_rnglists
                0x0000000000000b46       0x52 ./Middlewares/Third_Party/FreeRTOS/Source/event_groups.o
 .debug_rnglists
                0x0000000000000b98       0x2b ./Middlewares/Third_Party/FreeRTOS/Source/list.o
 .debug_rnglists
                0x0000000000000bc3       0xcd ./Middlewares/Third_Party/FreeRTOS/Source/queue.o
 .debug_rnglists
                0x0000000000000c90      0x15f ./Middlewares/Third_Party/FreeRTOS/Source/tasks.o
 .debug_rnglists
                0x0000000000000def       0x5d ./Middlewares/Third_Party/FreeRTOS/Source/portable/GCC/ARM_CM4F/port.o
 .debug_rnglists
                0x0000000000000e4c       0x42 ./Middlewares/Third_Party/FreeRTOS/Source/portable/MemMang/heap_4.o

.debug_macro    0x0000000000000000    0x179ee
 .debug_macro   0x0000000000000000      0x245 ./Core/Src/freertos.o
 .debug_macro   0x0000000000000245      0xaa8 ./Core/Src/freertos.o
 .debug_macro   0x0000000000000ced      0x174 ./Core/Src/freertos.o
 .debug_macro   0x0000000000000e61       0x22 ./Core/Src/freertos.o
 .debug_macro   0x0000000000000e83       0x8e ./Core/Src/freertos.o
 .debug_macro   0x0000000000000f11       0x51 ./Core/Src/freertos.o
 .debug_macro   0x0000000000000f62      0x103 ./Core/Src/freertos.o
 .debug_macro   0x0000000000001065       0x6a ./Core/Src/freertos.o
 .debug_macro   0x00000000000010cf      0x1df ./Core/Src/freertos.o
 .debug_macro   0x00000000000012ae       0xea ./Core/Src/freertos.o
 .debug_macro   0x0000000000001398      0x15a ./Core/Src/freertos.o
 .debug_macro   0x00000000000014f2       0xde ./Core/Src/freertos.o
 .debug_macro   0x00000000000015d0       0x1c ./Core/Src/freertos.o
 .debug_macro   0x00000000000015ec       0x26 ./Core/Src/freertos.o
 .debug_macro   0x0000000000001612      0x504 ./Core/Src/freertos.o
 .debug_macro   0x0000000000001b16       0xb5 ./Core/Src/freertos.o
 .debug_macro   0x0000000000001bcb       0xaa ./Core/Src/freertos.o
 .debug_macro   0x0000000000001c75      0x29b ./Core/Src/freertos.o
 .debug_macro   0x0000000000001f10       0x2e ./Core/Src/freertos.o
 .debug_macro   0x0000000000001f3e       0x28 ./Core/Src/freertos.o
 .debug_macro   0x0000000000001f66       0x1c ./Core/Src/freertos.o
 .debug_macro   0x0000000000001f82       0x22 ./Core/Src/freertos.o
 .debug_macro   0x0000000000001fa4       0xd9 ./Core/Src/freertos.o
 .debug_macro   0x000000000000207d     0x102d ./Core/Src/freertos.o
 .debug_macro   0x00000000000030aa      0x11f ./Core/Src/freertos.o
 .debug_macro   0x00000000000031c9     0xb953 ./Core/Src/freertos.o
 .debug_macro   0x000000000000eb1c       0x6d ./Core/Src/freertos.o
 .debug_macro   0x000000000000eb89     0x367e ./Core/Src/freertos.o
 .debug_macro   0x0000000000012207       0x5c ./Core/Src/freertos.o
 .debug_macro   0x0000000000012263      0x447 ./Core/Src/freertos.o
 .debug_macro   0x00000000000126aa      0x9fe ./Core/Src/freertos.o
 .debug_macro   0x00000000000130a8      0x115 ./Core/Src/freertos.o
 .debug_macro   0x00000000000131bd      0x11b ./Core/Src/freertos.o
 .debug_macro   0x00000000000132d8       0xa5 ./Core/Src/freertos.o
 .debug_macro   0x000000000001337d      0x15f ./Core/Src/freertos.o
 .debug_macro   0x00000000000134dc      0x287 ./Core/Src/freertos.o
 .debug_macro   0x0000000000013763       0x5f ./Core/Src/freertos.o
 .debug_macro   0x00000000000137c2      0x236 ./Core/Src/freertos.o
 .debug_macro   0x00000000000139f8      0x132 ./Core/Src/freertos.o
 .debug_macro   0x0000000000013b2a      0x264 ./Core/Src/freertos.o
 .debug_macro   0x0000000000013d8e       0x2e ./Core/Src/freertos.o
 .debug_macro   0x0000000000013dbc      0x11a ./Core/Src/freertos.o
 .debug_macro   0x0000000000013ed6       0x85 ./Core/Src/freertos.o
 .debug_macro   0x0000000000013f5b       0x89 ./Core/Src/freertos.o
 .debug_macro   0x0000000000013fe4      0x8e6 ./Core/Src/freertos.o
 .debug_macro   0x00000000000148ca       0x47 ./Core/Src/freertos.o
 .debug_macro   0x0000000000014911      0x295 ./Core/Src/freertos.o
 .debug_macro   0x0000000000014ba6      0x126 ./Core/Src/freertos.o
 .debug_macro   0x0000000000014ccc       0x28 ./Core/Src/freertos.o
 .debug_macro   0x0000000000014cf4      0x290 ./Core/Src/main.o
 .debug_macro   0x0000000000014f84       0xea ./Core/Src/main.o
 .debug_macro   0x000000000001506e       0x91 ./Core/Src/main.o
 .debug_macro   0x00000000000150ff       0x8d ./Core/Src/main.o
 .debug_macro   0x000000000001518c       0x7e ./Core/Src/main.o
 .debug_macro   0x000000000001520a       0x19 ./Core/Src/main.o
 .debug_macro   0x0000000000015223       0xf2 ./Core/Src/main.o
 .debug_macro   0x0000000000015315      0x1dd ./Core/Src/stm32f4xx_hal_msp.o
 .debug_macro   0x00000000000154f2      0x1ce ./Core/Src/stm32f4xx_hal_timebase_tim.o
 .debug_macro   0x00000000000156c0      0x1e7 ./Core/Src/stm32f4xx_it.o
 .debug_macro   0x00000000000158a7      0x1ce ./Core/Src/system_stm32f4xx.o
 .debug_macro   0x0000000000015a75      0x22e ./Drivers/STM32F4xx_HAL_Driver/Src/stm32f4xx_hal.o
 .debug_macro   0x0000000000015ca3      0x1ce ./Drivers/STM32F4xx_HAL_Driver/Src/stm32f4xx_hal_cortex.o
 .debug_macro   0x0000000000015e71      0x1d4 ./Drivers/STM32F4xx_HAL_Driver/Src/stm32f4xx_hal_dma.o
 .debug_macro   0x0000000000016045      0x1d4 ./Drivers/STM32F4xx_HAL_Driver/Src/stm32f4xx_hal_gpio.o
 .debug_macro   0x0000000000016219      0x1f2 ./Drivers/STM32F4xx_HAL_Driver/Src/stm32f4xx_hal_rcc.o
 .debug_macro   0x000000000001640b      0x1cf ./Drivers/STM32F4xx_HAL_Driver/Src/stm32f4xx_hal_tim.o
 .debug_macro   0x00000000000165da      0x1ce ./Drivers/STM32F4xx_HAL_Driver/Src/stm32f4xx_hal_tim_ex.o
 .debug_macro   0x00000000000167a8      0x1cf ./Drivers/STM32F4xx_HAL_Driver/Src/stm32f4xx_hal_uart.o
 .debug_macro   0x0000000000016977      0x1fe ./Middlewares/Third_Party/FreeRTOS/Source/CMSIS_RTOS/cmsis_os.o
 .debug_macro   0x0000000000016b75       0x10 ./Middlewares/Third_Party/FreeRTOS/Source/CMSIS_RTOS/cmsis_os.o
 .debug_macro   0x0000000000016b85       0x20 ./Middlewares/Third_Party/FreeRTOS/Source/CMSIS_RTOS/cmsis_os.o
 .debug_macro   0x0000000000016ba5       0xc7 ./Middlewares/Third_Party/FreeRTOS/Source/CMSIS_RTOS/cmsis_os.o
 .debug_macro   0x0000000000016c6c      0x1e0 ./Middlewares/Third_Party/FreeRTOS/Source/event_groups.o
 .debug_macro   0x0000000000016e4c      0x10e ./Middlewares/Third_Party/FreeRTOS/Source/event_groups.o
 .debug_macro   0x0000000000016f5a       0x8d ./Middlewares/Third_Party/FreeRTOS/Source/event_groups.o
 .debug_macro   0x0000000000016fe7      0x187 ./Middlewares/Third_Party/FreeRTOS/Source/list.o
 .debug_macro   0x000000000001716e      0x216 ./Middlewares/Third_Party/FreeRTOS/Source/queue.o
 .debug_macro   0x0000000000017384       0x16 ./Middlewares/Third_Party/FreeRTOS/Source/queue.o
 .debug_macro   0x000000000001739a       0x87 ./Middlewares/Third_Party/FreeRTOS/Source/queue.o
 .debug_macro   0x0000000000017421      0x279 ./Middlewares/Third_Party/FreeRTOS/Source/tasks.o
 .debug_macro   0x000000000001769a       0x10 ./Middlewares/Third_Party/FreeRTOS/Source/tasks.o
 .debug_macro   0x00000000000176aa      0x196 ./Middlewares/Third_Party/FreeRTOS/Source/portable/GCC/ARM_CM4F/port.o
 .debug_macro   0x0000000000017840      0x1ae ./Middlewares/Third_Party/FreeRTOS/Source/portable/MemMang/heap_4.o

.debug_line     0x0000000000000000    0x150c8
 .debug_line    0x0000000000000000      0x819 ./Core/Src/freertos.o
 .debug_line    0x0000000000000819      0xca1 ./Core/Src/main.o
 .debug_line    0x00000000000014ba      0x7d3 ./Core/Src/stm32f4xx_hal_msp.o
 .debug_line    0x0000000000001c8d      0x796 ./Core/Src/stm32f4xx_hal_timebase_tim.o
 .debug_line    0x0000000000002423      0x7da ./Core/Src/stm32f4xx_it.o
 .debug_line    0x0000000000002bfd      0x79c ./Core/Src/system_stm32f4xx.o
 .debug_line    0x0000000000003399       0x7a ./Core/Startup/startup_stm32f411ceux.o
 .debug_line    0x0000000000003413      0xa02 ./Drivers/STM32F4xx_HAL_Driver/Src/stm32f4xx_hal.o
 .debug_line    0x0000000000003e15      0xcb1 ./Drivers/STM32F4xx_HAL_Driver/Src/stm32f4xx_hal_cortex.o
 .debug_line    0x0000000000004ac6      0xf66 ./Drivers/STM32F4xx_HAL_Driver/Src/stm32f4xx_hal_dma.o
 .debug_line    0x0000000000005a2c      0xb3a ./Drivers/STM32F4xx_HAL_Driver/Src/stm32f4xx_hal_gpio.o
 .debug_line    0x0000000000006566      0xd79 ./Drivers/STM32F4xx_HAL_Driver/Src/stm32f4xx_hal_rcc.o
 .debug_line    0x00000000000072df     0x34c8 ./Drivers/STM32F4xx_HAL_Driver/Src/stm32f4xx_hal_tim.o
 .debug_line    0x000000000000a7a7     0x199a ./Drivers/STM32F4xx_HAL_Driver/Src/stm32f4xx_hal_tim_ex.o
 .debug_line    0x000000000000c141     0x2aa4 ./Drivers/STM32F4xx_HAL_Driver/Src/stm32f4xx_hal_uart.o
 .debug_line    0x000000000000ebe5     0x1249 ./Middlewares/Third_Party/FreeRTOS/Source/CMSIS_RTOS/cmsis_os.o
 .debug_line    0x000000000000fe2e      0xb03 ./Middlewares/Third_Party/FreeRTOS/Source/event_groups.o
 .debug_line    0x0000000000010931      0x779 ./Middlewares/Third_Party/FreeRTOS/Source/list.o
 .debug_line    0x00000000000110aa     0x14fa ./Middlewares/Third_Party/FreeRTOS/Source/queue.o
 .debug_line    0x00000000000125a4     0x1988 ./Middlewares/Third_Party/FreeRTOS/Source/tasks.o
 .debug_line    0x0000000000013f2c      0x7fc ./Middlewares/Third_Party/FreeRTOS/Source/portable/GCC/ARM_CM4F/port.o
 .debug_line    0x0000000000014728      0x9a0 ./Middlewares/Third_Party/FreeRTOS/Source/portable/MemMang/heap_4.o

.debug_str      0x0000000000000000    0x969c2
 .debug_str     0x0000000000000000    0x8a67b ./Core/Src/freertos.o
                                      0x8a929 (size before relaxing)
 .debug_str     0x000000000008a67b     0x3261 ./Core/Src/main.o
                                      0x8dbe7 (size before relaxing)
 .debug_str     0x000000000008d8dc      0x46e ./Core/Src/stm32f4xx_hal_msp.o
                                      0x8771c (size before relaxing)
 .debug_str     0x000000000008dd4a       0xdf ./Core/Src/stm32f4xx_hal_timebase_tim.o
                                      0x874ce (size before relaxing)
 .debug_str     0x000000000008de29       0xdb ./Core/Src/stm32f4xx_it.o
                                      0x871fa (size before relaxing)
 .debug_str     0x000000000008df04       0xdb ./Core/Src/system_stm32f4xx.o
                                      0x86b2f (size before relaxing)
 .debug_str     0x000000000008dfdf       0x34 ./Core/Startup/startup_stm32f411ceux.o
                                         0x79 (size before relaxing)
 .debug_str     0x000000000008e013      0x5d3 ./Drivers/STM32F4xx_HAL_Driver/Src/stm32f4xx_hal.o
                                      0x8755b (size before relaxing)
 .debug_str     0x000000000008e5e6      0x31d ./Drivers/STM32F4xx_HAL_Driver/Src/stm32f4xx_hal_cortex.o
                                      0x8727c (size before relaxing)
 .debug_str     0x000000000008e903      0x323 ./Drivers/STM32F4xx_HAL_Driver/Src/stm32f4xx_hal_dma.o
                                      0x86f37 (size before relaxing)
 .debug_str     0x000000000008ec26      0x11c ./Drivers/STM32F4xx_HAL_Driver/Src/stm32f4xx_hal_gpio.o
                                      0x86caa (size before relaxing)
 .debug_str     0x000000000008ed42      0x1fd ./Drivers/STM32F4xx_HAL_Driver/Src/stm32f4xx_hal_rcc.o
                                      0x86f63 (size before relaxing)
 .debug_str     0x000000000008ef3f      0xd72 ./Drivers/STM32F4xx_HAL_Driver/Src/stm32f4xx_hal_tim.o
                                      0x87e97 (size before relaxing)
 .debug_str     0x000000000008fcb1      0x503 ./Drivers/STM32F4xx_HAL_Driver/Src/stm32f4xx_hal_tim_ex.o
                                      0x876b3 (size before relaxing)
 .debug_str     0x00000000000901b4      0x5d7 ./Drivers/STM32F4xx_HAL_Driver/Src/stm32f4xx_hal_uart.o
                                      0x874f0 (size before relaxing)
 .debug_str     0x000000000009078b     0x3b7d ./Middlewares/Third_Party/FreeRTOS/Source/CMSIS_RTOS/cmsis_os.o
                                       0xe796 (size before relaxing)
 .debug_str     0x0000000000094308      0x535 ./Middlewares/Third_Party/FreeRTOS/Source/event_groups.o
                                       0xbfe9 (size before relaxing)
 .debug_str     0x000000000009483d       0xaf ./Middlewares/Third_Party/FreeRTOS/Source/list.o
                                       0xaa99 (size before relaxing)
 .debug_str     0x00000000000948ec      0x75c ./Middlewares/Third_Party/FreeRTOS/Source/queue.o
                                       0xc42c (size before relaxing)
 .debug_str     0x0000000000095048      0xeca ./Middlewares/Third_Party/FreeRTOS/Source/tasks.o
                                       0xce04 (size before relaxing)
 .debug_str     0x0000000000095f12      0x783 ./Middlewares/Third_Party/FreeRTOS/Source/portable/GCC/ARM_CM4F/port.o
                                       0x86de (size before relaxing)
 .debug_str     0x0000000000096695      0x32d ./Middlewares/Third_Party/FreeRTOS/Source/portable/MemMang/heap_4.o
                                       0xb3db (size before relaxing)

.debug_frame    0x0000000000000000     0x4e04
 .debug_frame   0x0000000000000000       0x38 ./Core/Src/freertos.o
 .debug_frame   0x0000000000000038      0x25c ./Core/Src/main.o
 .debug_frame   0x0000000000000294       0xf0 ./Core/Src/stm32f4xx_hal_msp.o
 .debug_frame   0x0000000000000384       0x74 ./Core/Src/stm32f4xx_hal_timebase_tim.o
 .debug_frame   0x00000000000003f8       0xe0 ./Core/Src/stm32f4xx_it.o
 .debug_frame   0x00000000000004d8       0x58 ./Core/Src/system_stm32f4xx.o
 .debug_frame   0x0000000000000530      0x374 ./Drivers/STM32F4xx_HAL_Driver/Src/stm32f4xx_hal.o
 .debug_frame   0x00000000000008a4      0x498 ./Drivers/STM32F4xx_HAL_Driver/Src/stm32f4xx_hal_cortex.o
 .debug_frame   0x0000000000000d3c      0x250 ./Drivers/STM32F4xx_HAL_Driver/Src/stm32f4xx_hal_dma.o
 .debug_frame   0x0000000000000f8c      0x14c ./Drivers/STM32F4xx_HAL_Driver/Src/stm32f4xx_hal_gpio.o
 .debug_frame   0x00000000000010d8      0x1f4 ./Drivers/STM32F4xx_HAL_Driver/Src/stm32f4xx_hal_rcc.o
 .debug_frame   0x00000000000012cc     0x11bc ./Drivers/STM32F4xx_HAL_Driver/Src/stm32f4xx_hal_tim.o
 .debug_frame   0x0000000000002488      0x638 ./Drivers/STM32F4xx_HAL_Driver/Src/stm32f4xx_hal_tim_ex.o
 .debug_frame   0x0000000000002ac0      0x92c ./Drivers/STM32F4xx_HAL_Driver/Src/stm32f4xx_hal_uart.o
 .debug_frame   0x00000000000033ec      0x80c ./Middlewares/Third_Party/FreeRTOS/Source/CMSIS_RTOS/cmsis_os.o
 .debug_frame   0x0000000000003bf8      0x1a4 ./Middlewares/Third_Party/FreeRTOS/Source/event_groups.o
 .debug_frame   0x0000000000003d9c       0xd8 ./Middlewares/Third_Party/FreeRTOS/Source/list.o
 .debug_frame   0x0000000000003e74      0x46c ./Middlewares/Third_Party/FreeRTOS/Source/queue.o
 .debug_frame   0x00000000000042e0      0x77c ./Middlewares/Third_Party/FreeRTOS/Source/tasks.o
 .debug_frame   0x0000000000004a5c      0x1a8 ./Middlewares/Third_Party/FreeRTOS/Source/portable/GCC/ARM_CM4F/port.o
 .debug_frame   0x0000000000004c04      0x12c ./Middlewares/Third_Party/FreeRTOS/Source/portable/MemMang/heap_4.o
 .debug_frame   0x0000000000004d30       0x20 O:/programs/STMicroelectronics/STM32CubeIDE_1.13.1/STM32CubeIDE/plugins/com.st.stm32cube.ide.mcu.externaltools.gnu-tools-for-stm32.11.3.rel1.win32_1.1.0.202305231506/tools/bin/../lib/gcc/arm-none-eabi/11.3.1/../../../../arm-none-eabi/lib/thumb/v7e-m+fp/hard\libc_nano.a(libc_a-memset.o)
 .debug_frame   0x0000000000004d50       0x2c O:/programs/STMicroelectronics/STM32CubeIDE_1.13.1/STM32CubeIDE/plugins/com.st.stm32cube.ide.mcu.externaltools.gnu-tools-for-stm32.11.3.rel1.win32_1.1.0.202305231506/tools/bin/../lib/gcc/arm-none-eabi/11.3.1/../../../../arm-none-eabi/lib/thumb/v7e-m+fp/hard\libc_nano.a(libc_a-init.o)
 .debug_frame   0x0000000000004d7c       0x28 O:/programs/STMicroelectronics/STM32CubeIDE_1.13.1/STM32CubeIDE/plugins/com.st.stm32cube.ide.mcu.externaltools.gnu-tools-for-stm32.11.3.rel1.win32_1.1.0.202305231506/tools/bin/../lib/gcc/arm-none-eabi/11.3.1/../../../../arm-none-eabi/lib/thumb/v7e-m+fp/hard\libc_nano.a(libc_a-memcpy-stub.o)
 .debug_frame   0x0000000000004da4       0x2c O:/programs/STMicroelectronics/STM32CubeIDE_1.13.1/STM32CubeIDE/plugins/com.st.stm32cube.ide.mcu.externaltools.gnu-tools-for-stm32.11.3.rel1.win32_1.1.0.202305231506/tools/bin/../lib/gcc/arm-none-eabi/11.3.1/thumb/v7e-m+fp/hard\libgcc.a(_aeabi_uldivmod.o)
 .debug_frame   0x0000000000004dd0       0x34 O:/programs/STMicroelectronics/STM32CubeIDE_1.13.1/STM32CubeIDE/plugins/com.st.stm32cube.ide.mcu.externaltools.gnu-tools-for-stm32.11.3.rel1.win32_1.1.0.202305231506/tools/bin/../lib/gcc/arm-none-eabi/11.3.1/thumb/v7e-m+fp/hard\libgcc.a(_udivmoddi4.o)

.debug_line_str
                0x0000000000000000       0x6d
 .debug_line_str
                0x0000000000000000       0x6d ./Core/Startup/startup_stm32f411ceux.o
                                         0x85 (size before relaxing)
