Archive member included to satisfy reference by file (symbol)

O:/programs/STMicroelectronics/STM32CubeIDE_1.13.1/STM32CubeIDE/plugins/com.st.stm32cube.ide.mcu.externaltools.gnu-tools-for-stm32.11.3.rel1.win32_1.1.0.202305231506/tools/bin/../lib/gcc/arm-none-eabi/11.3.1/../../../../arm-none-eabi/lib/thumb/v7e-m+fp/hard\libc_nano.a(libc_a-exit.o)
                              O:/programs/STMicroelectronics/STM32CubeIDE_1.13.1/STM32CubeIDE/plugins/com.st.stm32cube.ide.mcu.externaltools.gnu-tools-for-stm32.11.3.rel1.win32_1.1.0.202305231506/tools/bin/../lib/gcc/arm-none-eabi/11.3.1/../../../../arm-none-eabi/lib/thumb/v7e-m+fp/hard/crt0.o (exit)
O:/programs/STMicroelectronics/STM32CubeIDE_1.13.1/STM32CubeIDE/plugins/com.st.stm32cube.ide.mcu.externaltools.gnu-tools-for-stm32.11.3.rel1.win32_1.1.0.202305231506/tools/bin/../lib/gcc/arm-none-eabi/11.3.1/../../../../arm-none-eabi/lib/thumb/v7e-m+fp/hard\libc_nano.a(libc_a-findfp.o)
                              O:/programs/STMicroelectronics/STM32CubeIDE_1.13.1/STM32CubeIDE/plugins/com.st.stm32cube.ide.mcu.externaltools.gnu-tools-for-stm32.11.3.rel1.win32_1.1.0.202305231506/tools/bin/../lib/gcc/arm-none-eabi/11.3.1/../../../../arm-none-eabi/lib/thumb/v7e-m+fp/hard\libc_nano.a(libc_a-exit.o) (__stdio_exit_handler)
O:/programs/STMicroelectronics/STM32CubeIDE_1.13.1/STM32CubeIDE/plugins/com.st.stm32cube.ide.mcu.externaltools.gnu-tools-for-stm32.11.3.rel1.win32_1.1.0.202305231506/tools/bin/../lib/gcc/arm-none-eabi/11.3.1/../../../../arm-none-eabi/lib/thumb/v7e-m+fp/hard\libc_nano.a(libc_a-fwalk.o)
                              O:/programs/STMicroelectronics/STM32CubeIDE_1.13.1/STM32CubeIDE/plugins/com.st.stm32cube.ide.mcu.externaltools.gnu-tools-for-stm32.11.3.rel1.win32_1.1.0.202305231506/tools/bin/../lib/gcc/arm-none-eabi/11.3.1/../../../../arm-none-eabi/lib/thumb/v7e-m+fp/hard\libc_nano.a(libc_a-findfp.o) (_fwalk_sglue)
O:/programs/STMicroelectronics/STM32CubeIDE_1.13.1/STM32CubeIDE/plugins/com.st.stm32cube.ide.mcu.externaltools.gnu-tools-for-stm32.11.3.rel1.win32_1.1.0.202305231506/tools/bin/../lib/gcc/arm-none-eabi/11.3.1/../../../../arm-none-eabi/lib/thumb/v7e-m+fp/hard\libc_nano.a(libc_a-stdio.o)
                              O:/programs/STMicroelectronics/STM32CubeIDE_1.13.1/STM32CubeIDE/plugins/com.st.stm32cube.ide.mcu.externaltools.gnu-tools-for-stm32.11.3.rel1.win32_1.1.0.202305231506/tools/bin/../lib/gcc/arm-none-eabi/11.3.1/../../../../arm-none-eabi/lib/thumb/v7e-m+fp/hard\libc_nano.a(libc_a-findfp.o) (__sread)
O:/programs/STMicroelectronics/STM32CubeIDE_1.13.1/STM32CubeIDE/plugins/com.st.stm32cube.ide.mcu.externaltools.gnu-tools-for-stm32.11.3.rel1.win32_1.1.0.202305231506/tools/bin/../lib/gcc/arm-none-eabi/11.3.1/../../../../arm-none-eabi/lib/thumb/v7e-m+fp/hard\libc_nano.a(libc_a-memset.o)
                              O:/programs/STMicroelectronics/STM32CubeIDE_1.13.1/STM32CubeIDE/plugins/com.st.stm32cube.ide.mcu.externaltools.gnu-tools-for-stm32.11.3.rel1.win32_1.1.0.202305231506/tools/bin/../lib/gcc/arm-none-eabi/11.3.1/../../../../arm-none-eabi/lib/thumb/v7e-m+fp/hard/crt0.o (memset)
O:/programs/STMicroelectronics/STM32CubeIDE_1.13.1/STM32CubeIDE/plugins/com.st.stm32cube.ide.mcu.externaltools.gnu-tools-for-stm32.11.3.rel1.win32_1.1.0.202305231506/tools/bin/../lib/gcc/arm-none-eabi/11.3.1/../../../../arm-none-eabi/lib/thumb/v7e-m+fp/hard\libc_nano.a(libc_a-closer.o)
                              O:/programs/STMicroelectronics/STM32CubeIDE_1.13.1/STM32CubeIDE/plugins/com.st.stm32cube.ide.mcu.externaltools.gnu-tools-for-stm32.11.3.rel1.win32_1.1.0.202305231506/tools/bin/../lib/gcc/arm-none-eabi/11.3.1/../../../../arm-none-eabi/lib/thumb/v7e-m+fp/hard\libc_nano.a(libc_a-stdio.o) (_close_r)
O:/programs/STMicroelectronics/STM32CubeIDE_1.13.1/STM32CubeIDE/plugins/com.st.stm32cube.ide.mcu.externaltools.gnu-tools-for-stm32.11.3.rel1.win32_1.1.0.202305231506/tools/bin/../lib/gcc/arm-none-eabi/11.3.1/../../../../arm-none-eabi/lib/thumb/v7e-m+fp/hard\libc_nano.a(libc_a-reent.o)
                              O:/programs/STMicroelectronics/STM32CubeIDE_1.13.1/STM32CubeIDE/plugins/com.st.stm32cube.ide.mcu.externaltools.gnu-tools-for-stm32.11.3.rel1.win32_1.1.0.202305231506/tools/bin/../lib/gcc/arm-none-eabi/11.3.1/../../../../arm-none-eabi/lib/thumb/v7e-m+fp/hard\libc_nano.a(libc_a-closer.o) (errno)
O:/programs/STMicroelectronics/STM32CubeIDE_1.13.1/STM32CubeIDE/plugins/com.st.stm32cube.ide.mcu.externaltools.gnu-tools-for-stm32.11.3.rel1.win32_1.1.0.202305231506/tools/bin/../lib/gcc/arm-none-eabi/11.3.1/../../../../arm-none-eabi/lib/thumb/v7e-m+fp/hard\libc_nano.a(libc_a-impure.o)
                              O:/programs/STMicroelectronics/STM32CubeIDE_1.13.1/STM32CubeIDE/plugins/com.st.stm32cube.ide.mcu.externaltools.gnu-tools-for-stm32.11.3.rel1.win32_1.1.0.202305231506/tools/bin/../lib/gcc/arm-none-eabi/11.3.1/../../../../arm-none-eabi/lib/thumb/v7e-m+fp/hard\libc_nano.a(libc_a-reent.o) (_impure_ptr)
[...]
Memory Configuration

Name             Origin             Length             Attributes
RAM              0x0000000020000000 0x0000000000018000 xrw
FLASH            0x0000000008000000 0x0000000000080000 xr
*default*        0x0000000000000000 0xffffffffffffffff

Linker script and memory map

LOAD O:/programs/STMicroelectronics/STM32CubeIDE_1.13.1/STM32CubeIDE/plugins/com.st.stm32cube.ide.mcu.externaltools.gnu-tools-for-stm32.11.3.rel1.win32_1.1.0.202305231506/tools/bin/../lib/gcc/arm-none-eabi/11.3.1/thumb/v7e-m+fp/hard/crti.o
LOAD O:/programs/STMicroelectronics/STM32CubeIDE_1.13.1/STM32CubeIDE/plugins/com.st.stm32cube.ide.mcu.externaltools.gnu-tools-for-stm32.11.3.rel1.win32_1.1.0.202305231506/tools/bin/../lib/gcc/arm-none-eabi/11.3.1/thumb/v7e-m+fp/hard/crtbegin.o
LOAD O:/programs/STMicroelectronics/STM32CubeIDE_1.13.1/STM32CubeIDE/plugins/com.st.stm32cube.ide.mcu.externaltools.gnu-tools-for-stm32.11.3.rel1.win32_1.1.0.202305231506/tools/bin/../lib/gcc/arm-none-eabi/11.3.1/../../../../arm-none-eabi/lib/thumb/v7e-m+fp/hard/crt0.o
LOAD ./Core/Src/freertos.o
LOAD ./Core/Src/main.o
LOAD ./Core/Src/stm32f4xx_hal_msp.o
LOAD ./Core/Src/stm32f4xx_hal_timebase_tim.o
LOAD ./Core/Src/stm32f4xx_it.o
LOAD ./Core/Src/syscalls.o
LOAD ./Core/Src/sysmem.o
LOAD ./Core/Src/system_stm32f4xx.o
LOAD ./Core/Startup/startup_stm32f401retx.o
LOAD ./Drivers/STM32F4xx_HAL_Driver/Src/stm32f4xx_hal.o
LOAD ./Drivers/STM32F4xx_HAL_Driver/Src/stm32f4xx_hal_cortex.o
LOAD ./Drivers/STM32F4xx_HAL_Driver/Src/stm32f4xx_hal_dma.o
LOAD ./Drivers/STM32F4xx_HAL_Driver/Src/stm32f4xx_hal_dma_ex.o
LOAD ./Drivers/STM32F4xx_HAL_Driver/Src/stm32f4xx_hal_exti.o
LOAD ./Drivers/STM32F4xx_HAL_Driver/Src/stm32f4xx_hal_flash.o
LOAD ./Drivers/STM32F4xx_HAL_Driver/Src/stm32f4xx_hal_flash_ex.o
LOAD ./Drivers/STM32F4xx_HAL_Driver/Src/stm32f4xx_hal_flash_ramfunc.o
LOAD ./Drivers/STM32F4xx_HAL_Driver/Src/stm32f4xx_hal_gpio.o
LOAD ./Drivers/STM32F4xx_HAL_Driver/Src/stm32f4xx_hal_pwr.o
LOAD ./Drivers/STM32F4xx_HAL_Driver/Src/stm32f4xx_hal_pwr_ex.o
LOAD ./Drivers/STM32F4xx_HAL_Driver/Src/stm32f4xx_hal_rcc.o
LOAD ./Drivers/STM32F4xx_HAL_Driver/Src/stm32f4xx_hal_rcc_ex.o
LOAD ./Drivers/STM32F4xx_HAL_Driver/Src/stm32f4xx_hal_tim.o
LOAD ./Drivers/STM32F4xx_HAL_Driver/Src/stm32f4xx_hal_tim_ex.o
LOAD ./Drivers/STM32F4xx_HAL_Driver/Src/stm32f4xx_hal_uart.o
LOAD ./Middlewares/Third_Party/FreeRTOS/Source/CMSIS_RTOS/cmsis_os.o
LOAD ./Middlewares/Third_Party/FreeRTOS/Source/croutine.o
LOAD ./Middlewares/Third_Party/FreeRTOS/Source/event_groups.o
LOAD ./Middlewares/Third_Party/FreeRTOS/Source/list.o
LOAD ./Middlewares/Third_Party/FreeRTOS/Source/queue.o
LOAD ./Middlewares/Third_Party/FreeRTOS/Source/stream_buffer.o
LOAD ./Middlewares/Third_Party/FreeRTOS/Source/tasks.o
LOAD ./Middlewares/Third_Party/FreeRTOS/Source/timers.o
LOAD ./Middlewares/Third_Party/FreeRTOS/Source/portable/GCC/ARM_CM4F/port.o
LOAD ./Middlewares/Third_Party/FreeRTOS/Source/portable/MemMang/heap_4.o
START GROUP
LOAD O:/programs/STMicroelectronics/STM32CubeIDE_1.13.1/STM32CubeIDE/plugins/com.st.stm32cube.ide.mcu.externaltools.gnu-tools-for-stm32.11.3.rel1.win32_1.1.0.202305231506/tools/bin/../lib/gcc/arm-none-eabi/11.3.1/../../../../arm-none-eabi/lib/thumb/v7e-m+fp/hard\libc_nano.a
LOAD O:/programs/STMicroelectronics/STM32CubeIDE_1.13.1/STM32CubeIDE/plugins/com.st.stm32cube.ide.mcu.externaltools.gnu-tools-for-stm32.11.3.rel1.win32_1.1.0.202305231506/tools/bin/../lib/gcc/arm-none-eabi/11.3.1/../../../../arm-none-eabi/lib/thumb/v7e-m+fp/hard\libm.a
END GROUP
START GROUP
LOAD O:/programs/STMicroelectronics/STM32CubeIDE_1.13.1/STM32CubeIDE/plugins/com.st.stm32cube.ide.mcu.externaltools.gnu-tools-for-stm32.11.3.rel1.win32_1.1.0.202305231506/tools/bin/../lib/gcc/arm-none-eabi/11.3.1/thumb/v7e-m+fp/hard\libgcc.a
LOAD O:/programs/STMicroelectronics/STM32CubeIDE_1.13.1/STM32CubeIDE/plugins/com.st.stm32cube.ide.mcu.externaltools.gnu-tools-for-stm32.11.3.rel1.win32_1.1.0.202305231506/tools/bin/../lib/gcc/arm-none-eabi/11.3.1/../../../../arm-none-eabi/lib/thumb/v7e-m+fp/hard\libc_nano.a
END GROUP
START GROUP
LOAD O:/programs/STMicroelectronics/STM32CubeIDE_1.13.1/STM32CubeIDE/plugins/com.st.stm32cube.ide.mcu.externaltools.gnu-tools-for-stm32.11.3.rel1.win32_1.1.0.202305231506/tools/bin/../lib/gcc/arm-none-eabi/11.3.1/thumb/v7e-m+fp/hard\libgcc.a
LOAD O:/programs/STMicroelectronics/STM32CubeIDE_1.13.1/STM32CubeIDE/plugins/com.st.stm32cube.ide.mcu.externaltools.gnu-tools-for-stm32.11.3.rel1.win32_1.1.0.202305231506/tools/bin/../lib/gcc/arm-none-eabi/11.3.1/../../../../arm-none-eabi/lib/thumb/v7e-m+fp/hard\libc_nano.a
LOAD O:/programs/STMicroelectronics/STM32CubeIDE_1.13.1/STM32CubeIDE/plugins/com.st.stm32cube.ide.mcu.externaltools.gnu-tools-for-stm32.11.3.rel1.win32_1.1.0.202305231506/tools/bin/../lib/gcc/arm-none-eabi/11.3.1/../../../../arm-none-eabi/lib/thumb/v7e-m+fp/hard\libnosys.a
END GROUP
START GROUP
LOAD O:/programs/STMicroelectronics/STM32CubeIDE_1.13.1/STM32CubeIDE/plugins/com.st.stm32cube.ide.mcu.externaltools.gnu-tools-for-stm32.11.3.rel1.win32_1.1.0.202305231506/tools/bin/../lib/gcc/arm-none-eabi/11.3.1/thumb/v7e-m+fp/hard\libgcc.a
LOAD O:/programs/STMicroelectronics/STM32CubeIDE_1.13.1/STM32CubeIDE/plugins/com.st.stm32cube.ide.mcu.externaltools.gnu-tools-for-stm32.11.3.rel1.win32_1.1.0.202305231506/tools/bin/../lib/gcc/arm-none-eabi/11.3.1/../../../../arm-none-eabi/lib/thumb/v7e-m+fp/hard\libc_nano.a
LOAD O:/programs/STMicroelectronics/STM32CubeIDE_1.13.1/STM32CubeIDE/plugins/com.st.stm32cube.ide.mcu.externaltools.gnu-tools-for-stm32.11.3.rel1.win32_1.1.0.202305231506/tools/bin/../lib/gcc/arm-none-eabi/11.3.1/../../../../arm-none-eabi/lib/thumb/v7e-m+fp/hard\libnosys.a
END GROUP
LOAD O:/programs/STMicroelectronics/STM32CubeIDE_1.13.1/STM32CubeIDE/plugins/com.st.stm32cube.ide.mcu.externaltools.gnu-tools-for-stm32.11.3.rel1.win32_1.1.0.202305231506/tools/bin/../lib/gcc/arm-none-eabi/11.3.1/thumb/v7e-m+fp/hard/crtend.o
LOAD O:/programs/STMicroelectronics/STM32CubeIDE_1.13.1/STM32CubeIDE/plugins/com.st.stm32cube.ide.mcu.externaltools.gnu-tools-for-stm32.11.3.rel1.win32_1.1.0.202305231506/tools/bin/../lib/gcc/arm-none-eabi/11.3.1/thumb/v7e-m+fp/hard/crtn.o
                0x0000000020018000                _estack = (ORIGIN (RAM) + LENGTH (RAM))
                0x0000000000000200                _Min_Heap_Size = 0x200
                0x0000000000000400                _Min_Stack_Size = 0x400

.isr_vector     0x0000000008000000      0x194
                0x0000000008000000                . = ALIGN (0x4)
 *(.isr_vector)
 .isr_vector    0x0000000008000000      0x194 ./Core/Startup/startup_stm32f401retx.o
                0x0000000008000000                g_pfnVectors
                0x0000000008000194                . = ALIGN (0x4)

.text           0x00000000080001a0     0x7598
                0x00000000080001a0                . = ALIGN (0x4)
 *(.text)
 .text          0x00000000080001a0       0x40 O:/programs/STMicroelectronics/STM32CubeIDE_1.13.1/STM32CubeIDE/plugins/com.st.stm32cube.ide.mcu.externaltools.gnu-tools-for-stm32.11.3.rel1.win32_1.1.0.202305231506/tools/bin/../lib/gcc/arm-none-eabi/11.3.1/thumb/v7e-m+fp/hard/crtbegin.o
 .text          0x00000000080001e0      0x254 O:/programs/STMicroelectronics/STM32CubeIDE_1.13.1/STM32CubeIDE/plugins/com.st.stm32cube.ide.mcu.externaltools.gnu-tools-for-stm32.11.3.rel1.win32_1.1.0.202305231506/tools/bin/../lib/gcc/arm-none-eabi/11.3.1/thumb/v7e-m+fp/hard\libgcc.a(_arm_muldf3.o)
                0x00000000080001e0                __muldf3
                0x00000000080001e0                __aeabi_dmul
 .text          0x0000000008000434      0x378 O:/programs/STMicroelectronics/STM32CubeIDE_1.13.1/STM32CubeIDE/plugins/com.st.stm32cube.ide.mcu.externaltools.gnu-tools-for-stm32.11.3.rel1.win32_1.1.0.202305231506/tools/bin/../lib/gcc/arm-none-eabi/11.3.1/thumb/v7e-m+fp/hard\libgcc.a(_arm_addsubdf3.o)
                0x0000000008000434                __aeabi_drsub
                0x000000000800043c                __aeabi_dsub
                0x000000000800043c                __subdf3
                0x0000000008000440                __aeabi_dadd
                0x0000000008000440                __adddf3
                0x00000000080006b8                __floatunsidf
                0x00000000080006b8                __aeabi_ui2d
                0x00000000080006d8                __floatsidf
                0x00000000080006d8                __aeabi_i2d
                0x00000000080006fc                __aeabi_f2d
                0x00000000080006fc                __extendsfdf2
                0x0000000008000740                __floatundidf
                0x0000000008000740                __aeabi_ul2d
                0x0000000008000750                __floatdidf
                0x0000000008000750                __aeabi_l2d
 .text          0x00000000080007ac       0x40 O:/programs/STMicroelectronics/STM32CubeIDE_1.13.1/STM32CubeIDE/plugins/com.st.stm32cube.ide.mcu.externaltools.gnu-tools-for-stm32.11.3.rel1.win32_1.1.0.202305231506/tools/bin/../lib/gcc/arm-none-eabi/11.3.1/thumb/v7e-m+fp/hard\libgcc.a(_arm_fixunsdfsi.o)
                0x00000000080007ac                __aeabi_d2uiz
                0x00000000080007ac                __fixunsdfsi
 .text          0x00000000080007ec       0x30 O:/programs/STMicroelectronics/STM32CubeIDE_1.13.1/STM32CubeIDE/plugins/com.st.stm32cube.ide.mcu.externaltools.gnu-tools-for-stm32.11.3.rel1.win32_1.1.0.202305231506/tools/bin/../lib/gcc/arm-none-eabi/11.3.1/thumb/v7e-m+fp/hard\libgcc.a(_aeabi_uldivmod.o)
                0x00000000080007ec                __aeabi_uldivmod
 .text          0x000000000800081c      0x2c8 O:/programs/STMicroelectronics/STM32CubeIDE_1.13.1/STM32CubeIDE/plugins/com.st.stm32cube.ide.mcu.externaltools.gnu-tools-for-stm32.11.3.rel1.win32_1.1.0.202305231506/tools/bin/../lib/gcc/arm-none-eabi/11.3.1/thumb/v7e-m+fp/hard\libgcc.a(_udivmoddi4.o)
                0x000000000800081c                __udivmoddi4
 .text          0x0000000008000ae4        0x4 O:/programs/STMicroelectronics/STM32CubeIDE_1.13.1/STM32CubeIDE/plugins/com.st.stm32cube.ide.mcu.externaltools.gnu-tools-for-stm32.11.3.rel1.win32_1.1.0.202305231506/tools/bin/../lib/gcc/arm-none-eabi/11.3.1/thumb/v7e-m+fp/hard\libgcc.a(_dvmd_tls.o)
                0x0000000008000ae4                __aeabi_idiv0
                0x0000000008000ae4                __aeabi_ldiv0
 *(.text*)
 .text.vApplicationGetIdleTaskMemory
                0x0000000008000ae8       0x34 ./Core/Src/freertos.o
                0x0000000008000ae8                vApplicationGetIdleTaskMemory
 .text.vApplicationGetTimerTaskMemory
                0x0000000008000b1c       0x34 ./Core/Src/freertos.o
                0x0000000008000b1c                vApplicationGetTimerTaskMemory
 .text.main     0x0000000008000b50      0x224 ./Core/Src/main.o
                0x0000000008000b50                main
 .text.SystemClock_Config
                0x0000000008000d74       0xc0 ./Core/Src/main.o
                0x0000000008000d74                SystemClock_Config
 .text.MX_TIM3_Init
                0x0000000008000e34      0x130 ./Core/Src/main.o
 .text.MX_USART1_UART_Init
                0x0000000008000f64       0x58 ./Core/Src/main.o
 .text.MX_GPIO_Init
                0x0000000008000fbc       0x50 ./Core/Src/main.o
 .text.uart1_rx_callback
                0x000000000800100c       0x20 ./Core/Src/main.o
                0x000000000800100c                uart1_rx_callback
 .text.programing_mode
                0x000000000800102c       0x3c ./Core/Src/main.o
                0x000000000800102c                programing_mode
 .text.interpreter
                0x0000000008001068      0x24c ./Core/Src/main.o
                0x0000000008001068                interpreter
 .text.uart_comunication
                0x00000000080012b4        0xa ./Core/Src/main.o
                0x00000000080012b4                uart_comunication
 *fill*         0x00000000080012be        0x2 
 .text.execution_from_memory
                0x00000000080012c0       0x3c ./Core/Src/main.o
                0x00000000080012c0                execution_from_memory
 .text.HAL_TIM_PeriodElapsedCallback
                0x00000000080012fc       0xfc ./Core/Src/main.o
                0x00000000080012fc                HAL_TIM_PeriodElapsedCallback
 .text.Error_Handler
                0x00000000080013f8        0xa ./Core/Src/main.o
                0x00000000080013f8                Error_Handler
 *fill*         0x0000000008001402        0x2 
 .text.HAL_MspInit
                0x0000000008001404       0x58 ./Core/Src/stm32f4xx_hal_msp.o
                0x0000000008001404                HAL_MspInit
 .text.HAL_TIM_Base_MspInit
                0x000000000800145c       0x50 ./Core/Src/stm32f4xx_hal_msp.o
                0x000000000800145c                HAL_TIM_Base_MspInit
 .text.HAL_TIM_MspPostInit
                0x00000000080014ac       0xb4 ./Core/Src/stm32f4xx_hal_msp.o
                0x00000000080014ac                HAL_TIM_MspPostInit
 .text.HAL_UART_MspInit
                0x0000000008001560       0xa0 ./Core/Src/stm32f4xx_hal_msp.o
                0x0000000008001560                HAL_UART_MspInit
 .text.HAL_InitTick
                0x0000000008001600       0xf8 ./Core/Src/stm32f4xx_hal_timebase_tim.o
                0x0000000008001600                HAL_InitTick
 .text.NMI_Handler
                0x00000000080016f8        0x6 ./Core/Src/stm32f4xx_it.o
                0x00000000080016f8                NMI_Handler
 .text.HardFault_Handler
                0x00000000080016fe        0x6 ./Core/Src/stm32f4xx_it.o
                0x00000000080016fe                HardFault_Handler
 .text.MemManage_Handler
                0x0000000008001704        0x6 ./Core/Src/stm32f4xx_it.o
                0x0000000008001704                MemManage_Handler
 .text.BusFault_Handler
                0x000000000800170a        0x6 ./Core/Src/stm32f4xx_it.o
                0x000000000800170a                BusFault_Handler
 .text.UsageFault_Handler
                0x0000000008001710        0x6 ./Core/Src/stm32f4xx_it.o
                0x0000000008001710                UsageFault_Handler
 .text.DebugMon_Handler
                0x0000000008001716        0xe ./Core/Src/stm32f4xx_it.o
                0x0000000008001716                DebugMon_Handler
 .text.TIM2_IRQHandler
                0x0000000008001724       0x14 ./Core/Src/stm32f4xx_it.o
                0x0000000008001724                TIM2_IRQHandler
 .text.TIM3_IRQHandler
                0x0000000008001738       0x14 ./Core/Src/stm32f4xx_it.o
                0x0000000008001738                TIM3_IRQHandler
 .text.USART1_IRQHandler
                0x000000000800174c       0x28 ./Core/Src/stm32f4xx_it.o
                0x000000000800174c                USART1_IRQHandler
 .text.SystemInit
                0x0000000008001774       0x24 ./Core/Src/system_stm32f4xx.o
                0x0000000008001774                SystemInit
 .text.Reset_Handler
                0x0000000008001798       0x50 ./Core/Startup/startup_stm32f401retx.o
                0x0000000008001798                Reset_Handler
 .text.Default_Handler
                0x00000000080017e8        0x2 ./Core/Startup/startup_stm32f401retx.o
                0x00000000080017e8                RTC_Alarm_IRQHandler
                0x00000000080017e8                EXTI2_IRQHandler
                0x00000000080017e8                SPI4_IRQHandler
                0x00000000080017e8                TIM1_CC_IRQHandler
                0x00000000080017e8                DMA2_Stream5_IRQHandler
                0x00000000080017e8                DMA1_Stream5_IRQHandler
                0x00000000080017e8                PVD_IRQHandler
                0x00000000080017e8                SDIO_IRQHandler
                0x00000000080017e8                TAMP_STAMP_IRQHandler
                0x00000000080017e8                EXTI3_IRQHandler
                0x00000000080017e8                TIM1_UP_TIM10_IRQHandler
                0x00000000080017e8                I2C3_ER_IRQHandler
                0x00000000080017e8                EXTI0_IRQHandler
                0x00000000080017e8                I2C2_EV_IRQHandler
                0x00000000080017e8                DMA1_Stream2_IRQHandler
                0x00000000080017e8                FPU_IRQHandler
                0x00000000080017e8                DMA2_Stream2_IRQHandler
                0x00000000080017e8                SPI1_IRQHandler
                0x00000000080017e8                TIM1_BRK_TIM9_IRQHandler
                0x00000000080017e8                DMA2_Stream3_IRQHandler
                0x00000000080017e8                USART6_IRQHandler
                0x00000000080017e8                DMA2_Stream0_IRQHandler
                0x00000000080017e8                TIM4_IRQHandler
                0x00000000080017e8                I2C1_EV_IRQHandler
                0x00000000080017e8                DMA1_Stream6_IRQHandler
                0x00000000080017e8                DMA1_Stream1_IRQHandler
                0x00000000080017e8                RCC_IRQHandler
                0x00000000080017e8                Default_Handler
                0x00000000080017e8                EXTI15_10_IRQHandler
                0x00000000080017e8                ADC_IRQHandler
                0x00000000080017e8                DMA1_Stream7_IRQHandler
                0x00000000080017e8                TIM5_IRQHandler
                0x00000000080017e8                DMA2_Stream7_IRQHandler
                0x00000000080017e8                I2C3_EV_IRQHandler
                0x00000000080017e8                EXTI9_5_IRQHandler
                0x00000000080017e8                RTC_WKUP_IRQHandler
                0x00000000080017e8                SPI2_IRQHandler
                0x00000000080017e8                DMA1_Stream0_IRQHandler
                0x00000000080017e8                EXTI4_IRQHandler
                0x00000000080017e8                WWDG_IRQHandler
                0x00000000080017e8                OTG_FS_WKUP_IRQHandler
                0x00000000080017e8                TIM1_TRG_COM_TIM11_IRQHandler
                0x00000000080017e8                EXTI1_IRQHandler
                0x00000000080017e8                USART2_IRQHandler
                0x00000000080017e8                I2C2_ER_IRQHandler
                0x00000000080017e8                DMA2_Stream1_IRQHandler
                0x00000000080017e8                FLASH_IRQHandler
                0x00000000080017e8                DMA2_Stream4_IRQHandler
                0x00000000080017e8                OTG_FS_IRQHandler
                0x00000000080017e8                SPI3_IRQHandler
                0x00000000080017e8                DMA1_Stream4_IRQHandler
                0x00000000080017e8                I2C1_ER_IRQHandler
                0x00000000080017e8                DMA2_Stream6_IRQHandler
                0x00000000080017e8                DMA1_Stream3_IRQHandler
 *fill*         0x00000000080017ea        0x2 
 .text.HAL_Init
                0x00000000080017ec       0x44 ./Drivers/STM32F4xx_HAL_Driver/Src/stm32f4xx_hal.o
                0x00000000080017ec                HAL_Init
 .text.HAL_IncTick
                0x0000000008001830       0x28 ./Drivers/STM32F4xx_HAL_Driver/Src/stm32f4xx_hal.o
                0x0000000008001830                HAL_IncTick
 .text.HAL_GetTick
                0x0000000008001858       0x18 ./Drivers/STM32F4xx_HAL_Driver/Src/stm32f4xx_hal.o
                0x0000000008001858                HAL_GetTick
 .text.__NVIC_SetPriorityGrouping
                0x0000000008001870       0x48 ./Drivers/STM32F4xx_HAL_Driver/Src/stm32f4xx_hal_cortex.o
 .text.__NVIC_GetPriorityGrouping
                0x00000000080018b8       0x1c ./Drivers/STM32F4xx_HAL_Driver/Src/stm32f4xx_hal_cortex.o
 .text.__NVIC_EnableIRQ
                0x00000000080018d4       0x3c ./Drivers/STM32F4xx_HAL_Driver/Src/stm32f4xx_hal_cortex.o
 .text.__NVIC_SetPriority
                0x0000000008001910       0x54 ./Drivers/STM32F4xx_HAL_Driver/Src/stm32f4xx_hal_cortex.o
 .text.NVIC_EncodePriority
                0x0000000008001964       0x66 ./Drivers/STM32F4xx_HAL_Driver/Src/stm32f4xx_hal_cortex.o
 .text.HAL_NVIC_SetPriorityGrouping
                0x00000000080019ca       0x16 ./Drivers/STM32F4xx_HAL_Driver/Src/stm32f4xx_hal_cortex.o
                0x00000000080019ca                HAL_NVIC_SetPriorityGrouping
 .text.HAL_NVIC_SetPriority
                0x00000000080019e0       0x38 ./Drivers/STM32F4xx_HAL_Driver/Src/stm32f4xx_hal_cortex.o
                0x00000000080019e0                HAL_NVIC_SetPriority
 .text.HAL_NVIC_EnableIRQ
                0x0000000008001a18       0x1c ./Drivers/STM32F4xx_HAL_Driver/Src/stm32f4xx_hal_cortex.o
                0x0000000008001a18                HAL_NVIC_EnableIRQ
 .text.HAL_DMA_Abort
                0x0000000008001a34       0xe0 ./Drivers/STM32F4xx_HAL_Driver/Src/stm32f4xx_hal_dma.o
                0x0000000008001a34                HAL_DMA_Abort
 .text.HAL_DMA_Abort_IT
                0x0000000008001b14       0x44 ./Drivers/STM32F4xx_HAL_Driver/Src/stm32f4xx_hal_dma.o
                0x0000000008001b14                HAL_DMA_Abort_IT
 .text.HAL_GPIO_Init
                0x0000000008001b58      0x308 ./Drivers/STM32F4xx_HAL_Driver/Src/stm32f4xx_hal_gpio.o
                0x0000000008001b58                HAL_GPIO_Init
 .text.HAL_RCC_OscConfig
                0x0000000008001e60      0x4f0 ./Drivers/STM32F4xx_HAL_Driver/Src/stm32f4xx_hal_rcc.o
                0x0000000008001e60                HAL_RCC_OscConfig
 .text.HAL_RCC_ClockConfig
                0x0000000008002350      0x1cc ./Drivers/STM32F4xx_HAL_Driver/Src/stm32f4xx_hal_rcc.o
                0x0000000008002350                HAL_RCC_ClockConfig
 .text.HAL_RCC_GetSysClockFreq
                0x000000000800251c      0x18c ./Drivers/STM32F4xx_HAL_Driver/Src/stm32f4xx_hal_rcc.o
                0x000000000800251c                HAL_RCC_GetSysClockFreq
 .text.HAL_RCC_GetHCLKFreq
                0x00000000080026a8       0x18 ./Drivers/STM32F4xx_HAL_Driver/Src/stm32f4xx_hal_rcc.o
                0x00000000080026a8                HAL_RCC_GetHCLKFreq
 .text.HAL_RCC_GetPCLK1Freq
                0x00000000080026c0       0x28 ./Drivers/STM32F4xx_HAL_Driver/Src/stm32f4xx_hal_rcc.o
                0x00000000080026c0                HAL_RCC_GetPCLK1Freq
 .text.HAL_RCC_GetPCLK2Freq
                0x00000000080026e8       0x28 ./Drivers/STM32F4xx_HAL_Driver/Src/stm32f4xx_hal_rcc.o
                0x00000000080026e8                HAL_RCC_GetPCLK2Freq
 .text.HAL_RCC_GetClockConfig
                0x0000000008002710       0x64 ./Drivers/STM32F4xx_HAL_Driver/Src/stm32f4xx_hal_rcc.o
                0x0000000008002710                HAL_RCC_GetClockConfig
 .text.HAL_TIM_Base_Init
                0x0000000008002774       0x9e ./Drivers/STM32F4xx_HAL_Driver/Src/stm32f4xx_hal_tim.o
                0x0000000008002774                HAL_TIM_Base_Init
 *fill*         0x0000000008002812        0x2 
 .text.HAL_TIM_Base_Start_IT
                0x0000000008002814       0xc4 ./Drivers/STM32F4xx_HAL_Driver/Src/stm32f4xx_hal_tim.o
                0x0000000008002814                HAL_TIM_Base_Start_IT
 .text.HAL_TIM_PWM_Init
                0x00000000080028d8       0x9e ./Drivers/STM32F4xx_HAL_Driver/Src/stm32f4xx_hal_tim.o
                0x00000000080028d8                HAL_TIM_PWM_Init
 .text.HAL_TIM_PWM_MspInit
                0x0000000008002976       0x14 ./Drivers/STM32F4xx_HAL_Driver/Src/stm32f4xx_hal_tim.o
                0x0000000008002976                HAL_TIM_PWM_MspInit
 *fill*         0x000000000800298a        0x2 
 .text.HAL_TIM_PWM_Start
                0x000000000800298c      0x160 ./Drivers/STM32F4xx_HAL_Driver/Src/stm32f4xx_hal_tim.o
                0x000000000800298c                HAL_TIM_PWM_Start
 .text.HAL_TIM_PWM_Stop
                0x0000000008002aec       0xc8 ./Drivers/STM32F4xx_HAL_Driver/Src/stm32f4xx_hal_tim.o
                0x0000000008002aec                HAL_TIM_PWM_Stop
 .text.HAL_TIM_IRQHandler
                0x0000000008002bb4      0x210 ./Drivers/STM32F4xx_HAL_Driver/Src/stm32f4xx_hal_tim.o
                0x0000000008002bb4                HAL_TIM_IRQHandler
 .text.HAL_TIM_PWM_ConfigChannel
                0x0000000008002dc4      0x184 ./Drivers/STM32F4xx_HAL_Driver/Src/stm32f4xx_hal_tim.o
                0x0000000008002dc4                HAL_TIM_PWM_ConfigChannel
 .text.HAL_TIM_ConfigClockSource
                0x0000000008002f48      0x18e ./Drivers/STM32F4xx_HAL_Driver/Src/stm32f4xx_hal_tim.o
                0x0000000008002f48                HAL_TIM_ConfigClockSource
 .text.HAL_TIM_OC_DelayElapsedCallback
                0x00000000080030d6       0x14 ./Drivers/STM32F4xx_HAL_Driver/Src/stm32f4xx_hal_tim.o
                0x00000000080030d6                HAL_TIM_OC_DelayElapsedCallback
 .text.HAL_TIM_IC_CaptureCallback
                0x00000000080030ea       0x14 ./Drivers/STM32F4xx_HAL_Driver/Src/stm32f4xx_hal_tim.o
                0x00000000080030ea                HAL_TIM_IC_CaptureCallback
 .text.HAL_TIM_PWM_PulseFinishedCallback
                0x00000000080030fe       0x14 ./Drivers/STM32F4xx_HAL_Driver/Src/stm32f4xx_hal_tim.o
                0x00000000080030fe                HAL_TIM_PWM_PulseFinishedCallback
 .text.HAL_TIM_TriggerCallback
                0x0000000008003112       0x14 ./Drivers/STM32F4xx_HAL_Driver/Src/stm32f4xx_hal_tim.o
                0x0000000008003112                HAL_TIM_TriggerCallback
 *fill*         0x0000000008003126        0x2 
 .text.TIM_Base_SetConfig
                0x0000000008003128      0x100 ./Drivers/STM32F4xx_HAL_Driver/Src/stm32f4xx_hal_tim.o
                0x0000000008003128                TIM_Base_SetConfig
 .text.TIM_OC1_SetConfig
                0x0000000008003228       0xcc ./Drivers/STM32F4xx_HAL_Driver/Src/stm32f4xx_hal_tim.o
 .text.TIM_OC2_SetConfig
                0x00000000080032f4       0xd8 ./Drivers/STM32F4xx_HAL_Driver/Src/stm32f4xx_hal_tim.o
                0x00000000080032f4                TIM_OC2_SetConfig
 .text.TIM_OC3_SetConfig
                0x00000000080033cc       0xd4 ./Drivers/STM32F4xx_HAL_Driver/Src/stm32f4xx_hal_tim.o
 .text.TIM_OC4_SetConfig
                0x00000000080034a0       0xa0 ./Drivers/STM32F4xx_HAL_Driver/Src/stm32f4xx_hal_tim.o
 .text.TIM_TI1_ConfigInputStage
                0x0000000008003540       0x5e ./Drivers/STM32F4xx_HAL_Driver/Src/stm32f4xx_hal_tim.o
 .text.TIM_TI2_ConfigInputStage
                0x000000000800359e       0x60 ./Drivers/STM32F4xx_HAL_Driver/Src/stm32f4xx_hal_tim.o
 .text.TIM_ITRx_SetConfig
                0x00000000080035fe       0x36 ./Drivers/STM32F4xx_HAL_Driver/Src/stm32f4xx_hal_tim.o
 .text.TIM_ETR_SetConfig
                0x0000000008003634       0x40 ./Drivers/STM32F4xx_HAL_Driver/Src/stm32f4xx_hal_tim.o
                0x0000000008003634                TIM_ETR_SetConfig
 .text.TIM_CCxChannelCmd
                0x0000000008003674       0x4a ./Drivers/STM32F4xx_HAL_Driver/Src/stm32f4xx_hal_tim.o
                0x0000000008003674                TIM_CCxChannelCmd
 *fill*         0x00000000080036be        0x2 
 .text.HAL_TIMEx_MasterConfigSynchronization
                0x00000000080036c0       0xdc ./Drivers/STM32F4xx_HAL_Driver/Src/stm32f4xx_hal_tim_ex.o
                0x00000000080036c0                HAL_TIMEx_MasterConfigSynchronization
 .text.HAL_TIMEx_CommutCallback
                0x000000000800379c       0x14 ./Drivers/STM32F4xx_HAL_Driver/Src/stm32f4xx_hal_tim_ex.o
                0x000000000800379c                HAL_TIMEx_CommutCallback
 .text.HAL_TIMEx_BreakCallback
                0x00000000080037b0       0x14 ./Drivers/STM32F4xx_HAL_Driver/Src/stm32f4xx_hal_tim_ex.o
                0x00000000080037b0                HAL_TIMEx_BreakCallback
 .text.HAL_UART_Init
                0x00000000080037c4       0x9a ./Drivers/STM32F4xx_HAL_Driver/Src/stm32f4xx_hal_uart.o
                0x00000000080037c4                HAL_UART_Init
 .text.HAL_UART_Transmit
                0x000000000800385e      0x124 ./Drivers/STM32F4xx_HAL_Driver/Src/stm32f4xx_hal_uart.o
                0x000000000800385e                HAL_UART_Transmit
 *fill*         0x0000000008003982        0x2 
 .text.HAL_UART_IRQHandler
                0x0000000008003984      0x51c ./Drivers/STM32F4xx_HAL_Driver/Src/stm32f4xx_hal_uart.o
                0x0000000008003984                HAL_UART_IRQHandler
 .text.HAL_UART_TxCpltCallback
                0x0000000008003ea0       0x14 ./Drivers/STM32F4xx_HAL_Driver/Src/stm32f4xx_hal_uart.o
                0x0000000008003ea0                HAL_UART_TxCpltCallback
 .text.HAL_UART_RxCpltCallback
                0x0000000008003eb4       0x14 ./Drivers/STM32F4xx_HAL_Driver/Src/stm32f4xx_hal_uart.o
                0x0000000008003eb4                HAL_UART_RxCpltCallback
 .text.HAL_UART_ErrorCallback
                0x0000000008003ec8       0x14 ./Drivers/STM32F4xx_HAL_Driver/Src/stm32f4xx_hal_uart.o
                0x0000000008003ec8                HAL_UART_ErrorCallback
 .text.HAL_UARTEx_RxEventCallback
                0x0000000008003edc       0x18 ./Drivers/STM32F4xx_HAL_Driver/Src/stm32f4xx_hal_uart.o
                0x0000000008003edc                HAL_UARTEx_RxEventCallback
 .text.UART_WaitOnFlagUntilTimeout
                0x0000000008003ef4       0xdc ./Drivers/STM32F4xx_HAL_Driver/Src/stm32f4xx_hal_uart.o
 .text.UART_EndRxTransfer
                0x0000000008003fd0       0xc6 ./Drivers/STM32F4xx_HAL_Driver/Src/stm32f4xx_hal_uart.o
 .text.UART_DMAAbortOnError
                0x0000000008004096       0x28 ./Drivers/STM32F4xx_HAL_Driver/Src/stm32f4xx_hal_uart.o
 .text.UART_Transmit_IT
                0x00000000080040be       0xa0 ./Drivers/STM32F4xx_HAL_Driver/Src/stm32f4xx_hal_uart.o
 .text.UART_EndTransmit_IT
                0x000000000800415e       0x30 ./Drivers/STM32F4xx_HAL_Driver/Src/stm32f4xx_hal_uart.o
 .text.UART_Receive_IT
                0x000000000800418e      0x176 ./Drivers/STM32F4xx_HAL_Driver/Src/stm32f4xx_hal_uart.o
 .text.UART_SetConfig
                0x0000000008004304      0x4e8 ./Drivers/STM32F4xx_HAL_Driver/Src/stm32f4xx_hal_uart.o
 .text.makeFreeRtosPriority
                0x00000000080047ec       0x30 ./Middlewares/Third_Party/FreeRTOS/Source/CMSIS_RTOS/cmsis_os.o
 .text.osKernelStart
                0x000000000800481c        0xe ./Middlewares/Third_Party/FreeRTOS/Source/CMSIS_RTOS/cmsis_os.o
                0x000000000800481c                osKernelStart
 .text.osThreadCreate
                0x000000000800482a       0x98 ./Middlewares/Third_Party/FreeRTOS/Source/CMSIS_RTOS/cmsis_os.o
                0x000000000800482a                osThreadCreate
 .text.xEventGroupCreate
                0x00000000080048c2       0x34 ./Middlewares/Third_Party/FreeRTOS/Source/event_groups.o
                0x00000000080048c2                xEventGroupCreate
 *fill*         0x00000000080048f6        0x2 
 .text.xEventGroupWaitBits
                0x00000000080048f8      0x19c ./Middlewares/Third_Party/FreeRTOS/Source/event_groups.o
                0x00000000080048f8                xEventGroupWaitBits
 .text.xEventGroupClearBits
                0x0000000008004a94       0x70 ./Middlewares/Third_Party/FreeRTOS/Source/event_groups.o
                0x0000000008004a94                xEventGroupClearBits
 .text.xEventGroupSetBits
                0x0000000008004b04      0x116 ./Middlewares/Third_Party/FreeRTOS/Source/event_groups.o
                0x0000000008004b04                xEventGroupSetBits
 .text.prvTestWaitCondition
                0x0000000008004c1a       0x44 ./Middlewares/Third_Party/FreeRTOS/Source/event_groups.o
 .text.vListInitialise
                0x0000000008004c5e       0x40 ./Middlewares/Third_Party/FreeRTOS/Source/list.o
                0x0000000008004c5e                vListInitialise
 .text.vListInitialiseItem
                0x0000000008004c9e       0x1a ./Middlewares/Third_Party/FreeRTOS/Source/list.o
                0x0000000008004c9e                vListInitialiseItem
 .text.vListInsertEnd
                0x0000000008004cb8       0x48 ./Middlewares/Third_Party/FreeRTOS/Source/list.o
                0x0000000008004cb8                vListInsertEnd
 .text.vListInsert
                0x0000000008004d00       0x72 ./Middlewares/Third_Party/FreeRTOS/Source/list.o
                0x0000000008004d00                vListInsert
 .text.uxListRemove
                0x0000000008004d72       0x54 ./Middlewares/Third_Party/FreeRTOS/Source/list.o
                0x0000000008004d72                uxListRemove
 *fill*         0x0000000008004dc6        0x2 
 .text.xQueueGenericReset
                0x0000000008004dc8       0xd0 ./Middlewares/Third_Party/FreeRTOS/Source/queue.o
                0x0000000008004dc8                xQueueGenericReset
 .text.xQueueGenericCreateStatic
                0x0000000008004e98       0xf0 ./Middlewares/Third_Party/FreeRTOS/Source/queue.o
                0x0000000008004e98                xQueueGenericCreateStatic
 .text.xQueueGenericCreate
                0x0000000008004f88       0x74 ./Middlewares/Third_Party/FreeRTOS/Source/queue.o
                0x0000000008004f88                xQueueGenericCreate
 .text.prvInitialiseNewQueue
                0x0000000008004ffc       0x3e ./Middlewares/Third_Party/FreeRTOS/Source/queue.o
 *fill*         0x000000000800503a        0x2 
 .text.xQueueGenericSend
                0x000000000800503c      0x1fc ./Middlewares/Third_Party/FreeRTOS/Source/queue.o
                0x000000000800503c                xQueueGenericSend
 .text.xQueueGenericSendFromISR
                0x0000000008005238      0x136 ./Middlewares/Third_Party/FreeRTOS/Source/queue.o
                0x0000000008005238                xQueueGenericSendFromISR
 *fill*         0x000000000800536e        0x2 
 .text.xQueueReceive
                0x0000000008005370      0x1c0 ./Middlewares/Third_Party/FreeRTOS/Source/queue.o
                0x0000000008005370                xQueueReceive
 .text.prvCopyDataToQueue
                0x0000000008005530       0xd4 ./Middlewares/Third_Party/FreeRTOS/Source/queue.o
 .text.prvCopyDataFromQueue
                0x0000000008005604       0x4c ./Middlewares/Third_Party/FreeRTOS/Source/queue.o
 .text.prvUnlockQueue
                0x0000000008005650       0xa4 ./Middlewares/Third_Party/FreeRTOS/Source/queue.o
 .text.prvIsQueueEmpty
                0x00000000080056f4       0x2c ./Middlewares/Third_Party/FreeRTOS/Source/queue.o
 .text.prvIsQueueFull
                0x0000000008005720       0x30 ./Middlewares/Third_Party/FreeRTOS/Source/queue.o
 .text.vQueueAddToRegistry
                0x0000000008005750       0x54 ./Middlewares/Third_Party/FreeRTOS/Source/queue.o
                0x0000000008005750                vQueueAddToRegistry
 .text.vQueueWaitForMessageRestricted
                0x00000000080057a4       0x68 ./Middlewares/Third_Party/FreeRTOS/Source/queue.o
                0x00000000080057a4                vQueueWaitForMessageRestricted
 .text.xTaskCreateStatic
                0x000000000800580c       0xba ./Middlewares/Third_Party/FreeRTOS/Source/tasks.o
                0x000000000800580c                xTaskCreateStatic
 .text.xTaskCreate
                0x00000000080058c6       0x8a ./Middlewares/Third_Party/FreeRTOS/Source/tasks.o
                0x00000000080058c6                xTaskCreate
 .text.prvInitialiseNewTask
                0x0000000008005950      0x10e ./Middlewares/Third_Party/FreeRTOS/Source/tasks.o
 *fill*         0x0000000008005a5e        0x2 
 .text.prvAddNewTaskToReadyList
                0x0000000008005a60       0xd4 ./Middlewares/Third_Party/FreeRTOS/Source/tasks.o
 .text.vTaskDelay
                0x0000000008005b34       0x68 ./Middlewares/Third_Party/FreeRTOS/Source/tasks.o
                0x0000000008005b34                vTaskDelay
 .text.vTaskStartScheduler
                0x0000000008005b9c       0xcc ./Middlewares/Third_Party/FreeRTOS/Source/tasks.o
                0x0000000008005b9c                vTaskStartScheduler
 .text.vTaskSuspendAll
                0x0000000008005c68       0x1c ./Middlewares/Third_Party/FreeRTOS/Source/tasks.o
                0x0000000008005c68                vTaskSuspendAll
 .text.xTaskResumeAll
                0x0000000008005c84      0x138 ./Middlewares/Third_Party/FreeRTOS/Source/tasks.o
                0x0000000008005c84                xTaskResumeAll
 .text.xTaskGetTickCount
                0x0000000008005dbc       0x20 ./Middlewares/Third_Party/FreeRTOS/Source/tasks.o
                0x0000000008005dbc                xTaskGetTickCount
 .text.xTaskIncrementTick
                0x0000000008005ddc      0x170 ./Middlewares/Third_Party/FreeRTOS/Source/tasks.o
                0x0000000008005ddc                xTaskIncrementTick
 .text.vTaskSwitchContext
                0x0000000008005f4c       0xb8 ./Middlewares/Third_Party/FreeRTOS/Source/tasks.o
                0x0000000008005f4c                vTaskSwitchContext
 .text.vTaskPlaceOnEventList
                0x0000000008006004       0x48 ./Middlewares/Third_Party/FreeRTOS/Source/tasks.o
                0x0000000008006004                vTaskPlaceOnEventList
 .text.vTaskPlaceOnUnorderedEventList
                0x000000000800604c       0x78 ./Middlewares/Third_Party/FreeRTOS/Source/tasks.o
                0x000000000800604c                vTaskPlaceOnUnorderedEventList
 .text.vTaskPlaceOnEventListRestricted
                0x00000000080060c4       0x58 ./Middlewares/Third_Party/FreeRTOS/Source/tasks.o
                0x00000000080060c4                vTaskPlaceOnEventListRestricted
 .text.xTaskRemoveFromEventList
                0x000000000800611c       0xc4 ./Middlewares/Third_Party/FreeRTOS/Source/tasks.o
                0x000000000800611c                xTaskRemoveFromEventList
 .text.vTaskRemoveFromUnorderedEventList
                0x00000000080061e0       0xc4 ./Middlewares/Third_Party/FreeRTOS/Source/tasks.o
                0x00000000080061e0                vTaskRemoveFromUnorderedEventList
 .text.vTaskInternalSetTimeOutState
                0x00000000080062a4       0x2c ./Middlewares/Third_Party/FreeRTOS/Source/tasks.o
                0x00000000080062a4                vTaskInternalSetTimeOutState
 .text.xTaskCheckForTimeOut
                0x00000000080062d0       0xc4 ./Middlewares/Third_Party/FreeRTOS/Source/tasks.o
                0x00000000080062d0                xTaskCheckForTimeOut
 .text.vTaskMissedYield
                0x0000000008006394       0x18 ./Middlewares/Third_Party/FreeRTOS/Source/tasks.o
                0x0000000008006394                vTaskMissedYield
 .text.prvIdleTask
                0x00000000080063ac       0x30 ./Middlewares/Third_Party/FreeRTOS/Source/tasks.o
 .text.prvInitialiseTaskLists
                0x00000000080063dc       0x80 ./Middlewares/Third_Party/FreeRTOS/Source/tasks.o
 .text.prvCheckTasksWaitingTermination
                0x000000000800645c       0x5c ./Middlewares/Third_Party/FreeRTOS/Source/tasks.o
 .text.prvDeleteTCB
                0x00000000080064b8       0x5e ./Middlewares/Third_Party/FreeRTOS/Source/tasks.o
 *fill*         0x0000000008006516        0x2 
 .text.prvResetNextTaskUnblockTime
                0x0000000008006518       0x40 ./Middlewares/Third_Party/FreeRTOS/Source/tasks.o
 .text.xTaskGetSchedulerState
                0x0000000008006558       0x3c ./Middlewares/Third_Party/FreeRTOS/Source/tasks.o
                0x0000000008006558                xTaskGetSchedulerState
 .text.xTaskPriorityDisinherit
                0x0000000008006594      0x10c ./Middlewares/Third_Party/FreeRTOS/Source/tasks.o
                0x0000000008006594                xTaskPriorityDisinherit
 .text.uxTaskResetEventItemValue
                0x00000000080066a0       0x30 ./Middlewares/Third_Party/FreeRTOS/Source/tasks.o
                0x00000000080066a0                uxTaskResetEventItemValue
 .text.prvAddCurrentTaskToDelayedList
                0x00000000080066d0       0xcc ./Middlewares/Third_Party/FreeRTOS/Source/tasks.o
 .text.xTimerCreateTimerTask
                0x000000000800679c       0x90 ./Middlewares/Third_Party/FreeRTOS/Source/timers.o
                0x000000000800679c                xTimerCreateTimerTask
 .text.xTimerGenericCommand
                0x000000000800682c       0x9c ./Middlewares/Third_Party/FreeRTOS/Source/timers.o
                0x000000000800682c                xTimerGenericCommand
 .text.prvProcessExpiredTimer
                0x00000000080068c8       0x98 ./Middlewares/Third_Party/FreeRTOS/Source/timers.o
 .text.prvTimerTask
                0x0000000008006960       0x24 ./Middlewares/Third_Party/FreeRTOS/Source/timers.o
 .text.prvProcessTimerOrBlockTask
                0x0000000008006984       0x9c ./Middlewares/Third_Party/FreeRTOS/Source/timers.o
 .text.prvGetNextExpireTime
                0x0000000008006a20       0x48 ./Middlewares/Third_Party/FreeRTOS/Source/timers.o
 .text.prvSampleTimeNow
                0x0000000008006a68       0x40 ./Middlewares/Third_Party/FreeRTOS/Source/timers.o
 .text.prvInsertTimerInActiveList
                0x0000000008006aa8       0x84 ./Middlewares/Third_Party/FreeRTOS/Source/timers.o
 .text.prvProcessReceivedCommands
                0x0000000008006b2c      0x1c4 ./Middlewares/Third_Party/FreeRTOS/Source/timers.o
 .text.prvSwitchTimerLists
                0x0000000008006cf0       0xc8 ./Middlewares/Third_Party/FreeRTOS/Source/timers.o
 .text.prvCheckForValidListAndQueue
                0x0000000008006db8       0x80 ./Middlewares/Third_Party/FreeRTOS/Source/timers.o
 .text.pxPortInitialiseStack
                0x0000000008006e38       0x68 ./Middlewares/Third_Party/FreeRTOS/Source/portable/GCC/ARM_CM4F/port.o
                0x0000000008006e38                pxPortInitialiseStack
 .text.prvTaskExitError
                0x0000000008006ea0       0x58 ./Middlewares/Third_Party/FreeRTOS/Source/portable/GCC/ARM_CM4F/port.o
 *fill*         0x0000000008006ef8        0x8 
 .text.SVC_Handler
                0x0000000008006f00       0x28 ./Middlewares/Third_Party/FreeRTOS/Source/portable/GCC/ARM_CM4F/port.o
                0x0000000008006f00                SVC_Handler
 .text.prvPortStartFirstTask
                0x0000000008006f28       0x28 ./Middlewares/Third_Party/FreeRTOS/Source/portable/GCC/ARM_CM4F/port.o
 .text.xPortStartScheduler
                0x0000000008006f50      0x144 ./Middlewares/Third_Party/FreeRTOS/Source/portable/GCC/ARM_CM4F/port.o
                0x0000000008006f50                xPortStartScheduler
 .text.vPortEnterCritical
                0x0000000008007094       0x60 ./Middlewares/Third_Party/FreeRTOS/Source/portable/GCC/ARM_CM4F/port.o
                0x0000000008007094                vPortEnterCritical
 .text.vPortExitCritical
                0x00000000080070f4       0x54 ./Middlewares/Third_Party/FreeRTOS/Source/portable/GCC/ARM_CM4F/port.o
                0x00000000080070f4                vPortExitCritical
 *fill*         0x0000000008007148        0x8 
 .text.PendSV_Handler
                0x0000000008007150       0x68 ./Middlewares/Third_Party/FreeRTOS/Source/portable/GCC/ARM_CM4F/port.o
                0x0000000008007150                PendSV_Handler
 .text.SysTick_Handler
                0x00000000080071b8       0x44 ./Middlewares/Third_Party/FreeRTOS/Source/portable/GCC/ARM_CM4F/port.o
                0x00000000080071b8                SysTick_Handler
 .text.vPortSetupTimerInterrupt
                0x00000000080071fc       0x48 ./Middlewares/Third_Party/FreeRTOS/Source/portable/GCC/ARM_CM4F/port.o
                0x00000000080071fc                vPortSetupTimerInterrupt
 .text.vPortEnableVFP
                0x0000000008007244       0x14 ./Middlewares/Third_Party/FreeRTOS/Source/portable/GCC/ARM_CM4F/port.o
 .text.vPortValidateInterruptPriority
                0x0000000008007258       0x80 ./Middlewares/Third_Party/FreeRTOS/Source/portable/GCC/ARM_CM4F/port.o
                0x0000000008007258                vPortValidateInterruptPriority
 .text.pvPortMalloc
                0x00000000080072d8      0x198 ./Middlewares/Third_Party/FreeRTOS/Source/portable/MemMang/heap_4.o
                0x00000000080072d8                pvPortMalloc
 .text.vPortFree
                0x0000000008007470       0xc4 ./Middlewares/Third_Party/FreeRTOS/Source/portable/MemMang/heap_4.o
                0x0000000008007470                vPortFree
 .text.prvHeapInit
                0x0000000008007534       0xc4 ./Middlewares/Third_Party/FreeRTOS/Source/portable/MemMang/heap_4.o
 .text.prvInsertBlockIntoFreeList
                0x00000000080075f8       0xb4 ./Middlewares/Third_Party/FreeRTOS/Source/portable/MemMang/heap_4.o
 .text.memset   0x00000000080076ac       0x10 O:/programs/STMicroelectronics/STM32CubeIDE_1.13.1/STM32CubeIDE/plugins/com.st.stm32cube.ide.mcu.externaltools.gnu-tools-for-stm32.11.3.rel1.win32_1.1.0.202305231506/tools/bin/../lib/gcc/arm-none-eabi/11.3.1/../../../../arm-none-eabi/lib/thumb/v7e-m+fp/hard\libc_nano.a(libc_a-memset.o)
                0x00000000080076ac                memset
 .text.__libc_init_array
                0x00000000080076bc       0x48 O:/programs/STMicroelectronics/STM32CubeIDE_1.13.1/STM32CubeIDE/plugins/com.st.stm32cube.ide.mcu.externaltools.gnu-tools-for-stm32.11.3.rel1.win32_1.1.0.202305231506/tools/bin/../lib/gcc/arm-none-eabi/11.3.1/../../../../arm-none-eabi/lib/thumb/v7e-m+fp/hard\libc_nano.a(libc_a-init.o)
                0x00000000080076bc                __libc_init_array
 .text.memcpy   0x0000000008007704       0x1c O:/programs/STMicroelectronics/STM32CubeIDE_1.13.1/STM32CubeIDE/plugins/com.st.stm32cube.ide.mcu.externaltools.gnu-tools-for-stm32.11.3.rel1.win32_1.1.0.202305231506/tools/bin/../lib/gcc/arm-none-eabi/11.3.1/../../../../arm-none-eabi/lib/thumb/v7e-m+fp/hard\libc_nano.a(libc_a-memcpy-stub.o)
                0x0000000008007704                memcpy
 *(.glue_7)
 .glue_7        0x0000000008007720        0x0 linker stubs
 *(.glue_7t)
 .glue_7t       0x0000000008007720        0x0 linker stubs
 *(.eh_frame)
 .eh_frame      0x0000000008007720        0x0 O:/programs/STMicroelectronics/STM32CubeIDE_1.13.1/STM32CubeIDE/plugins/com.st.stm32cube.ide.mcu.externaltools.gnu-tools-for-stm32.11.3.rel1.win32_1.1.0.202305231506/tools/bin/../lib/gcc/arm-none-eabi/11.3.1/thumb/v7e-m+fp/hard/crtbegin.o
 *(.init)
 .init          0x0000000008007720        0x4 O:/programs/STMicroelectronics/STM32CubeIDE_1.13.1/STM32CubeIDE/plugins/com.st.stm32cube.ide.mcu.externaltools.gnu-tools-for-stm32.11.3.rel1.win32_1.1.0.202305231506/tools/bin/../lib/gcc/arm-none-eabi/11.3.1/thumb/v7e-m+fp/hard/crti.o
                0x0000000008007720                _init
 .init          0x0000000008007724        0x8 O:/programs/STMicroelectronics/STM32CubeIDE_1.13.1/STM32CubeIDE/plugins/com.st.stm32cube.ide.mcu.externaltools.gnu-tools-for-stm32.11.3.rel1.win32_1.1.0.202305231506/tools/bin/../lib/gcc/arm-none-eabi/11.3.1/thumb/v7e-m+fp/hard/crtn.o
 *(.fini)
 .fini          0x000000000800772c        0x4 O:/programs/STMicroelectronics/STM32CubeIDE_1.13.1/STM32CubeIDE/plugins/com.st.stm32cube.ide.mcu.externaltools.gnu-tools-for-stm32.11.3.rel1.win32_1.1.0.202305231506/tools/bin/../lib/gcc/arm-none-eabi/11.3.1/thumb/v7e-m+fp/hard/crti.o
                0x000000000800772c                _fini
 .fini          0x0000000008007730        0x8 O:/programs/STMicroelectronics/STM32CubeIDE_1.13.1/STM32CubeIDE/plugins/com.st.stm32cube.ide.mcu.externaltools.gnu-tools-for-stm32.11.3.rel1.win32_1.1.0.202305231506/tools/bin/../lib/gcc/arm-none-eabi/11.3.1/thumb/v7e-m+fp/hard/crtn.o
                0x0000000008007738                . = ALIGN (0x4)
                0x0000000008007738                _etext = .

.vfp11_veneer   0x0000000008007738        0x0
 .vfp11_veneer  0x0000000008007738        0x0 linker stubs

.v4_bx          0x0000000008007738        0x0
 .v4_bx         0x0000000008007738        0x0 linker stubs

.iplt           0x0000000008007738        0x0
 .iplt          0x0000000008007738        0x0 O:/programs/STMicroelectronics/STM32CubeIDE_1.13.1/STM32CubeIDE/plugins/com.st.stm32cube.ide.mcu.externaltools.gnu-tools-for-stm32.11.3.rel1.win32_1.1.0.202305231506/tools/bin/../lib/gcc/arm-none-eabi/11.3.1/thumb/v7e-m+fp/hard/crtbegin.o

.rodata         0x0000000008007738      0x108
                0x0000000008007738                . = ALIGN (0x4)
 *(.rodata)
 .rodata        0x0000000008007738       0xd7 ./Core/Src/main.o
 *fill*         0x000000000800780f        0x1 
 .rodata        0x0000000008007810        0x5 ./Middlewares/Third_Party/FreeRTOS/Source/tasks.o
 *fill*         0x0000000008007815        0x3 
 .rodata        0x0000000008007818        0xd ./Middlewares/Third_Party/FreeRTOS/Source/timers.o
 *(.rodata*)
 *fill*         0x0000000008007825        0x3 
 .rodata.AHBPrescTable
                0x0000000008007828       0x10 ./Core/Src/system_stm32f4xx.o
                0x0000000008007828                AHBPrescTable
 .rodata.APBPrescTable
                0x0000000008007838        0x8 ./Core/Src/system_stm32f4xx.o
                0x0000000008007838                APBPrescTable
                0x0000000008007840                . = ALIGN (0x4)

.ARM.extab      0x0000000008007840        0x0
                0x0000000008007840                . = ALIGN (0x4)
 *(.ARM.extab* .gnu.linkonce.armextab.*)
                0x0000000008007840                . = ALIGN (0x4)

.ARM            0x0000000008007840        0x8
                0x0000000008007840                . = ALIGN (0x4)
                0x0000000008007840                __exidx_start = .
 *(.ARM.exidx*)
 .ARM.exidx     0x0000000008007840        0x8 O:/programs/STMicroelectronics/STM32CubeIDE_1.13.1/STM32CubeIDE/plugins/com.st.stm32cube.ide.mcu.externaltools.gnu-tools-for-stm32.11.3.rel1.win32_1.1.0.202305231506/tools/bin/../lib/gcc/arm-none-eabi/11.3.1/thumb/v7e-m+fp/hard\libgcc.a(_udivmoddi4.o)
                0x0000000008007848                __exidx_end = .
                0x0000000008007848                . = ALIGN (0x4)

.rel.dyn        0x0000000008007848        0x0
 .rel.iplt      0x0000000008007848        0x0 O:/programs/STMicroelectronics/STM32CubeIDE_1.13.1/STM32CubeIDE/plugins/com.st.stm32cube.ide.mcu.externaltools.gnu-tools-for-stm32.11.3.rel1.win32_1.1.0.202305231506/tools/bin/../lib/gcc/arm-none-eabi/11.3.1/thumb/v7e-m+fp/hard/crtbegin.o

.preinit_array  0x0000000008007848        0x0
                0x0000000008007848                . = ALIGN (0x4)
                0x0000000008007848                PROVIDE (__preinit_array_start = .)
 *(.preinit_array*)
                0x0000000008007848                PROVIDE (__preinit_array_end = .)
                0x0000000008007848                . = ALIGN (0x4)

.init_array     0x0000000008007848        0x4
                0x0000000008007848                . = ALIGN (0x4)
                0x0000000008007848                PROVIDE (__init_array_start = .)
 *(SORT_BY_NAME(.init_array.*))
 *(.init_array*)
 .init_array    0x0000000008007848        0x4 O:/programs/STMicroelectronics/STM32CubeIDE_1.13.1/STM32CubeIDE/plugins/com.st.stm32cube.ide.mcu.externaltools.gnu-tools-for-stm32.11.3.rel1.win32_1.1.0.202305231506/tools/bin/../lib/gcc/arm-none-eabi/11.3.1/thumb/v7e-m+fp/hard/crtbegin.o
                0x000000000800784c                PROVIDE (__init_array_end = .)
                0x000000000800784c                . = ALIGN (0x4)

.fini_array     0x000000000800784c        0x4
                0x000000000800784c                . = ALIGN (0x4)
                [!provide]                        PROVIDE (__fini_array_start = .)
 *(SORT_BY_NAME(.fini_array.*))
 *(.fini_array*)
 .fini_array    0x000000000800784c        0x4 O:/programs/STMicroelectronics/STM32CubeIDE_1.13.1/STM32CubeIDE/plugins/com.st.stm32cube.ide.mcu.externaltools.gnu-tools-for-stm32.11.3.rel1.win32_1.1.0.202305231506/tools/bin/../lib/gcc/arm-none-eabi/11.3.1/thumb/v7e-m+fp/hard/crtbegin.o
                [!provide]                        PROVIDE (__fini_array_end = .)
                0x0000000008007850                . = ALIGN (0x4)
                0x0000000008007850                _sidata = LOADADDR (.data)

.data           0x0000000020000000       0x10 load address 0x0000000008007850
                0x0000000020000000                . = ALIGN (0x4)
                0x0000000020000000                _sdata = .
 *(.data)
 *(.data*)
 .data.SystemCoreClock
                0x0000000020000000        0x4 ./Core/Src/system_stm32f4xx.o
                0x0000000020000000                SystemCoreClock
 .data.uwTickPrio
                0x0000000020000004        0x4 ./Drivers/STM32F4xx_HAL_Driver/Src/stm32f4xx_hal.o
                0x0000000020000004                uwTickPrio
 .data.uwTickFreq
                0x0000000020000008        0x1 ./Drivers/STM32F4xx_HAL_Driver/Src/stm32f4xx_hal.o
                0x0000000020000008                uwTickFreq
 *fill*         0x0000000020000009        0x3 
 .data.uxCriticalNesting
                0x000000002000000c        0x4 ./Middlewares/Third_Party/FreeRTOS/Source/portable/GCC/ARM_CM4F/port.o
 *(.RamFunc)
 *(.RamFunc*)
                0x0000000020000010                . = ALIGN (0x4)
                0x0000000020000010                _edata = .

.igot.plt       0x0000000020000010        0x0 load address 0x0000000008007860
 .igot.plt      0x0000000020000010        0x0 O:/programs/STMicroelectronics/STM32CubeIDE_1.13.1/STM32CubeIDE/plugins/com.st.stm32cube.ide.mcu.externaltools.gnu-tools-for-stm32.11.3.rel1.win32_1.1.0.202305231506/tools/bin/../lib/gcc/arm-none-eabi/11.3.1/thumb/v7e-m+fp/hard/crtbegin.o
                0x0000000020000010                . = ALIGN (0x4)

.bss            0x0000000020000010     0x4708 load address 0x0000000008007860
                0x0000000020000010                _sbss = .
                0x0000000020000010                __bss_start__ = _sbss
 *(.bss)
 .bss           0x0000000020000010       0x1c O:/programs/STMicroelectronics/STM32CubeIDE_1.13.1/STM32CubeIDE/plugins/com.st.stm32cube.ide.mcu.externaltools.gnu-tools-for-stm32.11.3.rel1.win32_1.1.0.202305231506/tools/bin/../lib/gcc/arm-none-eabi/11.3.1/thumb/v7e-m+fp/hard/crtbegin.o
 *(.bss*)
 .bss.xIdleTaskTCBBuffer
                0x000000002000002c       0x64 ./Core/Src/freertos.o
 .bss.xIdleStack
                0x0000000020000090      0x200 ./Core/Src/freertos.o
 .bss.xTimerTaskTCBBuffer
                0x0000000020000290       0x64 ./Core/Src/freertos.o
 .bss.xTimerStack
                0x00000000200002f4      0x400 ./Core/Src/freertos.o
 .bss.htim3     0x00000000200006f4       0x48 ./Core/Src/main.o
                0x00000000200006f4                htim3
 .bss.huart1    0x000000002000073c       0x44 ./Core/Src/main.o
                0x000000002000073c                huart1
 .bss.ProgramingModeHandle
                0x0000000020000780        0x4 ./Core/Src/main.o
                0x0000000020000780                ProgramingModeHandle
 .bss.InterpreterHandle
                0x0000000020000784        0x4 ./Core/Src/main.o
                0x0000000020000784                InterpreterHandle
 .bss.UART_comunicationHandle
                0x0000000020000788        0x4 ./Core/Src/main.o
                0x0000000020000788                UART_comunicationHandle
 .bss.ExecutionFromMemoryHandle
                0x000000002000078c        0x4 ./Core/Src/main.o
                0x000000002000078c                ExecutionFromMemoryHandle
 .bss.counter_for_steps
                0x0000000020000790        0x1 ./Core/Src/main.o
                0x0000000020000790                counter_for_steps
 *fill*         0x0000000020000791        0x3 
 .bss.uart_queue_rx
                0x0000000020000794        0x4 ./Core/Src/main.o
                0x0000000020000794                uart_queue_rx
 .bss.execution_memory
                0x0000000020000798       0x77 ./Core/Src/main.o
                0x0000000020000798                execution_memory
 *fill*         0x000000002000080f        0x1 
 .bss.EventGroup
                0x0000000020000810        0x4 ./Core/Src/main.o
                0x0000000020000810                EventGroup
 .bss.htim2     0x0000000020000814       0x48 ./Core/Src/stm32f4xx_hal_timebase_tim.o
                0x0000000020000814                htim2
 .bss.uwTick    0x000000002000085c        0x4 ./Drivers/STM32F4xx_HAL_Driver/Src/stm32f4xx_hal.o
                0x000000002000085c                uwTick
 .bss.xQueueRegistry
                0x0000000020000860       0x40 ./Middlewares/Third_Party/FreeRTOS/Source/queue.o
                0x0000000020000860                xQueueRegistry
 .bss.pxCurrentTCB
                0x00000000200008a0        0x4 ./Middlewares/Third_Party/FreeRTOS/Source/tasks.o
                0x00000000200008a0                pxCurrentTCB
 .bss.pxReadyTasksLists
                0x00000000200008a4       0x8c ./Middlewares/Third_Party/FreeRTOS/Source/tasks.o
 .bss.xDelayedTaskList1
                0x0000000020000930       0x14 ./Middlewares/Third_Party/FreeRTOS/Source/tasks.o
 .bss.xDelayedTaskList2
                0x0000000020000944       0x14 ./Middlewares/Third_Party/FreeRTOS/Source/tasks.o
 .bss.pxDelayedTaskList
                0x0000000020000958        0x4 ./Middlewares/Third_Party/FreeRTOS/Source/tasks.o
 .bss.pxOverflowDelayedTaskList
                0x000000002000095c        0x4 ./Middlewares/Third_Party/FreeRTOS/Source/tasks.o
 .bss.xPendingReadyList
                0x0000000020000960       0x14 ./Middlewares/Third_Party/FreeRTOS/Source/tasks.o
 .bss.xTasksWaitingTermination
                0x0000000020000974       0x14 ./Middlewares/Third_Party/FreeRTOS/Source/tasks.o
 .bss.uxDeletedTasksWaitingCleanUp
                0x0000000020000988        0x4 ./Middlewares/Third_Party/FreeRTOS/Source/tasks.o
 .bss.xSuspendedTaskList
                0x000000002000098c       0x14 ./Middlewares/Third_Party/FreeRTOS/Source/tasks.o
 .bss.uxCurrentNumberOfTasks
                0x00000000200009a0        0x4 ./Middlewares/Third_Party/FreeRTOS/Source/tasks.o
 .bss.xTickCount
                0x00000000200009a4        0x4 ./Middlewares/Third_Party/FreeRTOS/Source/tasks.o
 .bss.uxTopReadyPriority
                0x00000000200009a8        0x4 ./Middlewares/Third_Party/FreeRTOS/Source/tasks.o
 .bss.xSchedulerRunning
                0x00000000200009ac        0x4 ./Middlewares/Third_Party/FreeRTOS/Source/tasks.o
 .bss.xPendedTicks
                0x00000000200009b0        0x4 ./Middlewares/Third_Party/FreeRTOS/Source/tasks.o
 .bss.xYieldPending
                0x00000000200009b4        0x4 ./Middlewares/Third_Party/FreeRTOS/Source/tasks.o
 .bss.xNumOfOverflows
                0x00000000200009b8        0x4 ./Middlewares/Third_Party/FreeRTOS/Source/tasks.o
 .bss.uxTaskNumber
                0x00000000200009bc        0x4 ./Middlewares/Third_Party/FreeRTOS/Source/tasks.o
 .bss.xNextTaskUnblockTime
                0x00000000200009c0        0x4 ./Middlewares/Third_Party/FreeRTOS/Source/tasks.o
 .bss.xIdleTaskHandle
                0x00000000200009c4        0x4 ./Middlewares/Third_Party/FreeRTOS/Source/tasks.o
 .bss.uxSchedulerSuspended
                0x00000000200009c8        0x4 ./Middlewares/Third_Party/FreeRTOS/Source/tasks.o
 .bss.xActiveTimerList1
                0x00000000200009cc       0x14 ./Middlewares/Third_Party/FreeRTOS/Source/timers.o
 .bss.xActiveTimerList2
                0x00000000200009e0       0x14 ./Middlewares/Third_Party/FreeRTOS/Source/timers.o
 .bss.pxCurrentTimerList
                0x00000000200009f4        0x4 ./Middlewares/Third_Party/FreeRTOS/Source/timers.o
 .bss.pxOverflowTimerList
                0x00000000200009f8        0x4 ./Middlewares/Third_Party/FreeRTOS/Source/timers.o
 .bss.xTimerQueue
                0x00000000200009fc        0x4 ./Middlewares/Third_Party/FreeRTOS/Source/timers.o
 .bss.xTimerTaskHandle
                0x0000000020000a00        0x4 ./Middlewares/Third_Party/FreeRTOS/Source/timers.o
 .bss.xLastTime.2
                0x0000000020000a04        0x4 ./Middlewares/Third_Party/FreeRTOS/Source/timers.o
 .bss.ucStaticTimerQueueStorage.1
                0x0000000020000a08       0xa0 ./Middlewares/Third_Party/FreeRTOS/Source/timers.o
 .bss.xStaticTimerQueue.0
                0x0000000020000aa8       0x48 ./Middlewares/Third_Party/FreeRTOS/Source/timers.o
 .bss.ucMaxSysCallPriority
                0x0000000020000af0        0x1 ./Middlewares/Third_Party/FreeRTOS/Source/portable/GCC/ARM_CM4F/port.o
 *fill*         0x0000000020000af1        0x3 
 .bss.ulMaxPRIGROUPValue
                0x0000000020000af4        0x4 ./Middlewares/Third_Party/FreeRTOS/Source/portable/GCC/ARM_CM4F/port.o
 .bss.ucHeap    0x0000000020000af8     0x3c00 ./Middlewares/Third_Party/FreeRTOS/Source/portable/MemMang/heap_4.o
 .bss.xStart    0x00000000200046f8        0x8 ./Middlewares/Third_Party/FreeRTOS/Source/portable/MemMang/heap_4.o
 .bss.pxEnd     0x0000000020004700        0x4 ./Middlewares/Third_Party/FreeRTOS/Source/portable/MemMang/heap_4.o
 .bss.xFreeBytesRemaining
                0x0000000020004704        0x4 ./Middlewares/Third_Party/FreeRTOS/Source/portable/MemMang/heap_4.o
 .bss.xMinimumEverFreeBytesRemaining
                0x0000000020004708        0x4 ./Middlewares/Third_Party/FreeRTOS/Source/portable/MemMang/heap_4.o
 .bss.xNumberOfSuccessfulAllocations
                0x000000002000470c        0x4 ./Middlewares/Third_Party/FreeRTOS/Source/portable/MemMang/heap_4.o
 .bss.xNumberOfSuccessfulFrees
                0x0000000020004710        0x4 ./Middlewares/Third_Party/FreeRTOS/Source/portable/MemMang/heap_4.o
 .bss.xBlockAllocatedBit
                0x0000000020004714        0x4 ./Middlewares/Third_Party/FreeRTOS/Source/portable/MemMang/heap_4.o
 *(COMMON)
                0x0000000020004718                . = ALIGN (0x4)
                0x0000000020004718                _ebss = .
                0x0000000020004718                __bss_end__ = _ebss

._user_heap_stack
                0x0000000020004718      0x600 load address 0x0000000008007860
                0x0000000020004718                . = ALIGN (0x8)
                [!provide]                        PROVIDE (end = .)
                0x0000000020004718                PROVIDE (_end = .)
                0x0000000020004918                . = (. + _Min_Heap_Size)
 *fill*         0x0000000020004718      0x200 
                0x0000000020004d18                . = (. + _Min_Stack_Size)
 *fill*         0x0000000020004918      0x400 
                0x0000000020004d18                . = ALIGN (0x8)

/DISCARD/
 libc.a(*)
 libm.a(*)
 libgcc.a(*)

.ARM.attributes
                0x0000000000000000       0x30
 *(.ARM.attributes)
 .ARM.attributes
                0x0000000000000000       0x1e O:/programs/STMicroelectronics/STM32CubeIDE_1.13.1/STM32CubeIDE/plugins/com.st.stm32cube.ide.mcu.externaltools.gnu-tools-for-stm32.11.3.rel1.win32_1.1.0.202305231506/tools/bin/../lib/gcc/arm-none-eabi/11.3.1/thumb/v7e-m+fp/hard/crti.o
 .ARM.attributes
                0x000000000000001e       0x34 O:/programs/STMicroelectronics/STM32CubeIDE_1.13.1/STM32CubeIDE/plugins/com.st.stm32cube.ide.mcu.externaltools.gnu-tools-for-stm32.11.3.rel1.win32_1.1.0.202305231506/tools/bin/../lib/gcc/arm-none-eabi/11.3.1/thumb/v7e-m+fp/hard/crtbegin.o
 .ARM.attributes
                0x0000000000000052       0x34 ./Core/Src/freertos.o
 .ARM.attributes
                0x0000000000000086       0x34 ./Core/Src/main.o
 .ARM.attributes
                0x00000000000000ba       0x34 ./Core/Src/stm32f4xx_hal_msp.o
 .ARM.attributes
                0x00000000000000ee       0x34 ./Core/Src/stm32f4xx_hal_timebase_tim.o
 .ARM.attributes
                0x0000000000000122       0x34 ./Core/Src/stm32f4xx_it.o
 .ARM.attributes
                0x0000000000000156       0x34 ./Core/Src/system_stm32f4xx.o
 .ARM.attributes
                0x000000000000018a       0x21 ./Core/Startup/startup_stm32f401retx.o
 .ARM.attributes
                0x00000000000001ab       0x34 ./Drivers/STM32F4xx_HAL_Driver/Src/stm32f4xx_hal.o
 .ARM.attributes
                0x00000000000001df       0x34 ./Drivers/STM32F4xx_HAL_Driver/Src/stm32f4xx_hal_cortex.o
 .ARM.attributes
                0x0000000000000213       0x34 ./Drivers/STM32F4xx_HAL_Driver/Src/stm32f4xx_hal_dma.o
 .ARM.attributes
                0x0000000000000247       0x34 ./Drivers/STM32F4xx_HAL_Driver/Src/stm32f4xx_hal_gpio.o
 .ARM.attributes
                0x000000000000027b       0x34 ./Drivers/STM32F4xx_HAL_Driver/Src/stm32f4xx_hal_rcc.o
 .ARM.attributes
                0x00000000000002af       0x34 ./Drivers/STM32F4xx_HAL_Driver/Src/stm32f4xx_hal_tim.o
 .ARM.attributes
                0x00000000000002e3       0x34 ./Drivers/STM32F4xx_HAL_Driver/Src/stm32f4xx_hal_tim_ex.o
 .ARM.attributes
                0x0000000000000317       0x34 ./Drivers/STM32F4xx_HAL_Driver/Src/stm32f4xx_hal_uart.o
 .ARM.attributes
                0x000000000000034b       0x34 ./Middlewares/Third_Party/FreeRTOS/Source/CMSIS_RTOS/cmsis_os.o
 .ARM.attributes
                0x000000000000037f       0x34 ./Middlewares/Third_Party/FreeRTOS/Source/event_groups.o
 .ARM.attributes
                0x00000000000003b3       0x34 ./Middlewares/Third_Party/FreeRTOS/Source/list.o
 .ARM.attributes
                0x00000000000003e7       0x34 ./Middlewares/Third_Party/FreeRTOS/Source/queue.o
 .ARM.attributes
                0x000000000000041b       0x34 ./Middlewares/Third_Party/FreeRTOS/Source/tasks.o
 .ARM.attributes
                0x000000000000044f       0x34 ./Middlewares/Third_Party/FreeRTOS/Source/timers.o
 .ARM.attributes
                0x0000000000000483       0x34 ./Middlewares/Third_Party/FreeRTOS/Source/portable/GCC/ARM_CM4F/port.o
 .ARM.attributes
                0x00000000000004b7       0x34 ./Middlewares/Third_Party/FreeRTOS/Source/portable/MemMang/heap_4.o
 .ARM.attributes
                0x00000000000004eb       0x34 O:/programs/STMicroelectronics/STM32CubeIDE_1.13.1/STM32CubeIDE/plugins/com.st.stm32cube.ide.mcu.externaltools.gnu-tools-for-stm32.11.3.rel1.win32_1.1.0.202305231506/tools/bin/../lib/gcc/arm-none-eabi/11.3.1/../../../../arm-none-eabi/lib/thumb/v7e-m+fp/hard\libc_nano.a(libc_a-memset.o)
 .ARM.attributes
                0x000000000000051f       0x34 O:/programs/STMicroelectronics/STM32CubeIDE_1.13.1/STM32CubeIDE/plugins/com.st.stm32cube.ide.mcu.externaltools.gnu-tools-for-stm32.11.3.rel1.win32_1.1.0.202305231506/tools/bin/../lib/gcc/arm-none-eabi/11.3.1/../../../../arm-none-eabi/lib/thumb/v7e-m+fp/hard\libc_nano.a(libc_a-init.o)
 .ARM.attributes
                0x0000000000000553       0x34 O:/programs/STMicroelectronics/STM32CubeIDE_1.13.1/STM32CubeIDE/plugins/com.st.stm32cube.ide.mcu.externaltools.gnu-tools-for-stm32.11.3.rel1.win32_1.1.0.202305231506/tools/bin/../lib/gcc/arm-none-eabi/11.3.1/../../../../arm-none-eabi/lib/thumb/v7e-m+fp/hard\libc_nano.a(libc_a-memcpy-stub.o)
 .ARM.attributes
                0x0000000000000587       0x1e O:/programs/STMicroelectronics/STM32CubeIDE_1.13.1/STM32CubeIDE/plugins/com.st.stm32cube.ide.mcu.externaltools.gnu-tools-for-stm32.11.3.rel1.win32_1.1.0.202305231506/tools/bin/../lib/gcc/arm-none-eabi/11.3.1/thumb/v7e-m+fp/hard\libgcc.a(_arm_muldf3.o)
 .ARM.attributes
                0x00000000000005a5       0x1e O:/programs/STMicroelectronics/STM32CubeIDE_1.13.1/STM32CubeIDE/plugins/com.st.stm32cube.ide.mcu.externaltools.gnu-tools-for-stm32.11.3.rel1.win32_1.1.0.202305231506/tools/bin/../lib/gcc/arm-none-eabi/11.3.1/thumb/v7e-m+fp/hard\libgcc.a(_arm_addsubdf3.o)
 .ARM.attributes
                0x00000000000005c3       0x1e O:/programs/STMicroelectronics/STM32CubeIDE_1.13.1/STM32CubeIDE/plugins/com.st.stm32cube.ide.mcu.externaltools.gnu-tools-for-stm32.11.3.rel1.win32_1.1.0.202305231506/tools/bin/../lib/gcc/arm-none-eabi/11.3.1/thumb/v7e-m+fp/hard\libgcc.a(_arm_fixunsdfsi.o)
 .ARM.attributes
                0x00000000000005e1       0x1e O:/programs/STMicroelectronics/STM32CubeIDE_1.13.1/STM32CubeIDE/plugins/com.st.stm32cube.ide.mcu.externaltools.gnu-tools-for-stm32.11.3.rel1.win32_1.1.0.202305231506/tools/bin/../lib/gcc/arm-none-eabi/11.3.1/thumb/v7e-m+fp/hard\libgcc.a(_aeabi_uldivmod.o)
 .ARM.attributes
                0x00000000000005ff       0x34 O:/programs/STMicroelectronics/STM32CubeIDE_1.13.1/STM32CubeIDE/plugins/com.st.stm32cube.ide.mcu.externaltools.gnu-tools-for-stm32.11.3.rel1.win32_1.1.0.202305231506/tools/bin/../lib/gcc/arm-none-eabi/11.3.1/thumb/v7e-m+fp/hard\libgcc.a(_udivmoddi4.o)
 .ARM.attributes
                0x0000000000000633       0x1e O:/programs/STMicroelectronics/STM32CubeIDE_1.13.1/STM32CubeIDE/plugins/com.st.stm32cube.ide.mcu.externaltools.gnu-tools-for-stm32.11.3.rel1.win32_1.1.0.202305231506/tools/bin/../lib/gcc/arm-none-eabi/11.3.1/thumb/v7e-m+fp/hard\libgcc.a(_dvmd_tls.o)
 .ARM.attributes
                0x0000000000000651       0x1e O:/programs/STMicroelectronics/STM32CubeIDE_1.13.1/STM32CubeIDE/plugins/com.st.stm32cube.ide.mcu.externaltools.gnu-tools-for-stm32.11.3.rel1.win32_1.1.0.202305231506/tools/bin/../lib/gcc/arm-none-eabi/11.3.1/thumb/v7e-m+fp/hard/crtn.o
OUTPUT(stepper_motor_simple.elf elf32-littlearm)
LOAD linker stubs
LOAD O:/programs/STMicroelectronics/STM32CubeIDE_1.13.1/STM32CubeIDE/plugins/com.st.stm32cube.ide.mcu.externaltools.gnu-tools-for-stm32.11.3.rel1.win32_1.1.0.202305231506/tools/bin/../lib/gcc/arm-none-eabi/11.3.1/../../../../arm-none-eabi/lib/thumb/v7e-m+fp/hard\libc.a
LOAD O:/programs/STMicroelectronics/STM32CubeIDE_1.13.1/STM32CubeIDE/plugins/com.st.stm32cube.ide.mcu.externaltools.gnu-tools-for-stm32.11.3.rel1.win32_1.1.0.202305231506/tools/bin/../lib/gcc/arm-none-eabi/11.3.1/../../../../arm-none-eabi/lib/thumb/v7e-m+fp/hard\libm.a
LOAD O:/programs/STMicroelectronics/STM32CubeIDE_1.13.1/STM32CubeIDE/plugins/com.st.stm32cube.ide.mcu.externaltools.gnu-tools-for-stm32.11.3.rel1.win32_1.1.0.202305231506/tools/bin/../lib/gcc/arm-none-eabi/11.3.1/thumb/v7e-m+fp/hard\libgcc.a

.comment        0x0000000000000000       0x43
 .comment       0x0000000000000000       0x43 O:/programs/STMicroelectronics/STM32CubeIDE_1.13.1/STM32CubeIDE/plugins/com.st.stm32cube.ide.mcu.externaltools.gnu-tools-for-stm32.11.3.rel1.win32_1.1.0.202305231506/tools/bin/../lib/gcc/arm-none-eabi/11.3.1/thumb/v7e-m+fp/hard/crtbegin.o
                                         0x44 (size before relaxing)
 .comment       0x0000000000000043       0x44 ./Core/Src/freertos.o
 .comment       0x0000000000000043       0x44 ./Core/Src/main.o
 .comment       0x0000000000000043       0x44 ./Core/Src/stm32f4xx_hal_msp.o
 .comment       0x0000000000000043       0x44 ./Core/Src/stm32f4xx_hal_timebase_tim.o
 .comment       0x0000000000000043       0x44 ./Core/Src/stm32f4xx_it.o
 .comment       0x0000000000000043       0x44 ./Core/Src/system_stm32f4xx.o
 .comment       0x0000000000000043       0x44 ./Drivers/STM32F4xx_HAL_Driver/Src/stm32f4xx_hal.o
 .comment       0x0000000000000043       0x44 ./Drivers/STM32F4xx_HAL_Driver/Src/stm32f4xx_hal_cortex.o
 .comment       0x0000000000000043       0x44 ./Drivers/STM32F4xx_HAL_Driver/Src/stm32f4xx_hal_dma.o
 .comment       0x0000000000000043       0x44 ./Drivers/STM32F4xx_HAL_Driver/Src/stm32f4xx_hal_gpio.o
 .comment       0x0000000000000043       0x44 ./Drivers/STM32F4xx_HAL_Driver/Src/stm32f4xx_hal_rcc.o
 .comment       0x0000000000000043       0x44 ./Drivers/STM32F4xx_HAL_Driver/Src/stm32f4xx_hal_tim.o
 .comment       0x0000000000000043       0x44 ./Drivers/STM32F4xx_HAL_Driver/Src/stm32f4xx_hal_tim_ex.o
 .comment       0x0000000000000043       0x44 ./Drivers/STM32F4xx_HAL_Driver/Src/stm32f4xx_hal_uart.o
 .comment       0x0000000000000043       0x44 ./Middlewares/Third_Party/FreeRTOS/Source/CMSIS_RTOS/cmsis_os.o
 .comment       0x0000000000000043       0x44 ./Middlewares/Third_Party/FreeRTOS/Source/event_groups.o
 .comment       0x0000000000000043       0x44 ./Middlewares/Third_Party/FreeRTOS/Source/list.o
 .comment       0x0000000000000043       0x44 ./Middlewares/Third_Party/FreeRTOS/Source/queue.o
 .comment       0x0000000000000043       0x44 ./Middlewares/Third_Party/FreeRTOS/Source/tasks.o
 .comment       0x0000000000000043       0x44 ./Middlewares/Third_Party/FreeRTOS/Source/timers.o
 .comment       0x0000000000000043       0x44 ./Middlewares/Third_Party/FreeRTOS/Source/portable/GCC/ARM_CM4F/port.o
 .comment       0x0000000000000043       0x44 ./Middlewares/Third_Party/FreeRTOS/Source/portable/MemMang/heap_4.o

.debug_info     0x0000000000000000    0x15bca
 .debug_info    0x0000000000000000      0x2eb ./Core/Src/freertos.o
 .debug_info    0x00000000000002eb     0x1667 ./Core/Src/main.o
 .debug_info    0x0000000000001952      0xf01 ./Core/Src/stm32f4xx_hal_msp.o
 .debug_info    0x0000000000002853      0xb7d ./Core/Src/stm32f4xx_hal_timebase_tim.o
 .debug_info    0x00000000000033d0      0x95e ./Core/Src/stm32f4xx_it.o
 .debug_info    0x0000000000003d2e      0x53e ./Core/Src/system_stm32f4xx.o
 .debug_info    0x000000000000426c       0x23 ./Core/Startup/startup_stm32f401retx.o
 .debug_info    0x000000000000428f      0x8bb ./Drivers/STM32F4xx_HAL_Driver/Src/stm32f4xx_hal.o
 .debug_info    0x0000000000004b4a      0xcb0 ./Drivers/STM32F4xx_HAL_Driver/Src/stm32f4xx_hal_cortex.o
 .debug_info    0x00000000000057fa      0x8e6 ./Drivers/STM32F4xx_HAL_Driver/Src/stm32f4xx_hal_dma.o
 .debug_info    0x00000000000060e0      0x6f9 ./Drivers/STM32F4xx_HAL_Driver/Src/stm32f4xx_hal_gpio.o
 .debug_info    0x00000000000067d9      0x8f3 ./Drivers/STM32F4xx_HAL_Driver/Src/stm32f4xx_hal_rcc.o
 .debug_info    0x00000000000070cc     0x2941 ./Drivers/STM32F4xx_HAL_Driver/Src/stm32f4xx_hal_tim.o
 .debug_info    0x0000000000009a0d     0x14a7 ./Drivers/STM32F4xx_HAL_Driver/Src/stm32f4xx_hal_tim_ex.o
 .debug_info    0x000000000000aeb4     0x2fbf ./Drivers/STM32F4xx_HAL_Driver/Src/stm32f4xx_hal_uart.o
 .debug_info    0x000000000000de73     0x1c33 ./Middlewares/Third_Party/FreeRTOS/Source/CMSIS_RTOS/cmsis_os.o
 .debug_info    0x000000000000faa6      0xa51 ./Middlewares/Third_Party/FreeRTOS/Source/event_groups.o
 .debug_info    0x00000000000104f7      0x2af ./Middlewares/Third_Party/FreeRTOS/Source/list.o
 .debug_info    0x00000000000107a6     0x183b ./Middlewares/Third_Party/FreeRTOS/Source/queue.o
 .debug_info    0x0000000000011fe1     0x1e4f ./Middlewares/Third_Party/FreeRTOS/Source/tasks.o
 .debug_info    0x0000000000013e30     0x13e7 ./Middlewares/Third_Party/FreeRTOS/Source/timers.o
 .debug_info    0x0000000000015217      0x4de ./Middlewares/Third_Party/FreeRTOS/Source/portable/GCC/ARM_CM4F/port.o
 .debug_info    0x00000000000156f5      0x4d5 ./Middlewares/Third_Party/FreeRTOS/Source/portable/MemMang/heap_4.o

.debug_abbrev   0x0000000000000000     0x35aa
 .debug_abbrev  0x0000000000000000       0xea ./Core/Src/freertos.o
 .debug_abbrev  0x00000000000000ea      0x35b ./Core/Src/main.o
 .debug_abbrev  0x0000000000000445      0x1de ./Core/Src/stm32f4xx_hal_msp.o
 .debug_abbrev  0x0000000000000623      0x207 ./Core/Src/stm32f4xx_hal_timebase_tim.o
 .debug_abbrev  0x000000000000082a      0x1b4 ./Core/Src/stm32f4xx_it.o
 .debug_abbrev  0x00000000000009de      0x11a ./Core/Src/system_stm32f4xx.o
 .debug_abbrev  0x0000000000000af8       0x12 ./Core/Startup/startup_stm32f401retx.o
 .debug_abbrev  0x0000000000000b0a      0x24b ./Drivers/STM32F4xx_HAL_Driver/Src/stm32f4xx_hal.o
 .debug_abbrev  0x0000000000000d55      0x327 ./Drivers/STM32F4xx_HAL_Driver/Src/stm32f4xx_hal_cortex.o
 .debug_abbrev  0x000000000000107c      0x221 ./Drivers/STM32F4xx_HAL_Driver/Src/stm32f4xx_hal_dma.o
 .debug_abbrev  0x000000000000129d      0x1d3 ./Drivers/STM32F4xx_HAL_Driver/Src/stm32f4xx_hal_gpio.o
 .debug_abbrev  0x0000000000001470      0x2b5 ./Drivers/STM32F4xx_HAL_Driver/Src/stm32f4xx_hal_rcc.o
 .debug_abbrev  0x0000000000001725      0x284 ./Drivers/STM32F4xx_HAL_Driver/Src/stm32f4xx_hal_tim.o
 .debug_abbrev  0x00000000000019a9      0x28f ./Drivers/STM32F4xx_HAL_Driver/Src/stm32f4xx_hal_tim_ex.o
 .debug_abbrev  0x0000000000001c38      0x31b ./Drivers/STM32F4xx_HAL_Driver/Src/stm32f4xx_hal_uart.o
 .debug_abbrev  0x0000000000001f53      0x3a7 ./Middlewares/Third_Party/FreeRTOS/Source/CMSIS_RTOS/cmsis_os.o
 .debug_abbrev  0x00000000000022fa      0x2e6 ./Middlewares/Third_Party/FreeRTOS/Source/event_groups.o
 .debug_abbrev  0x00000000000025e0       0xf5 ./Middlewares/Third_Party/FreeRTOS/Source/list.o
 .debug_abbrev  0x00000000000026d5      0x3b6 ./Middlewares/Third_Party/FreeRTOS/Source/queue.o
 .debug_abbrev  0x0000000000002a8b      0x36f ./Middlewares/Third_Party/FreeRTOS/Source/tasks.o
 .debug_abbrev  0x0000000000002dfa      0x337 ./Middlewares/Third_Party/FreeRTOS/Source/timers.o
 .debug_abbrev  0x0000000000003131      0x25c ./Middlewares/Third_Party/FreeRTOS/Source/portable/GCC/ARM_CM4F/port.o
 .debug_abbrev  0x000000000000338d      0x21d ./Middlewares/Third_Party/FreeRTOS/Source/portable/MemMang/heap_4.o

.debug_aranges  0x0000000000000000     0x1398
 .debug_aranges
                0x0000000000000000       0x28 ./Core/Src/freertos.o
 .debug_aranges
                0x0000000000000028       0x78 ./Core/Src/main.o
 .debug_aranges
                0x00000000000000a0       0x48 ./Core/Src/stm32f4xx_hal_msp.o
 .debug_aranges
                0x00000000000000e8       0x30 ./Core/Src/stm32f4xx_hal_timebase_tim.o
 .debug_aranges
                0x0000000000000118       0x60 ./Core/Src/stm32f4xx_it.o
 .debug_aranges
                0x0000000000000178       0x28 ./Core/Src/system_stm32f4xx.o
 .debug_aranges
                0x00000000000001a0       0x28 ./Core/Startup/startup_stm32f401retx.o
 .debug_aranges
                0x00000000000001c8       0xf0 ./Drivers/STM32F4xx_HAL_Driver/Src/stm32f4xx_hal.o
 .debug_aranges
                0x00000000000002b8      0x118 ./Drivers/STM32F4xx_HAL_Driver/Src/stm32f4xx_hal_cortex.o
 .debug_aranges
                0x00000000000003d0       0x90 ./Drivers/STM32F4xx_HAL_Driver/Src/stm32f4xx_hal_dma.o
 .debug_aranges
                0x0000000000000460       0x58 ./Drivers/STM32F4xx_HAL_Driver/Src/stm32f4xx_hal_gpio.o
 .debug_aranges
                0x00000000000004b8       0x88 ./Drivers/STM32F4xx_HAL_Driver/Src/stm32f4xx_hal_rcc.o
 .debug_aranges
                0x0000000000000540      0x3d0 ./Drivers/STM32F4xx_HAL_Driver/Src/stm32f4xx_hal_tim.o
 .debug_aranges
                0x0000000000000910      0x168 ./Drivers/STM32F4xx_HAL_Driver/Src/stm32f4xx_hal_tim_ex.o
 .debug_aranges
                0x0000000000000a78      0x200 ./Drivers/STM32F4xx_HAL_Driver/Src/stm32f4xx_hal_uart.o
 .debug_aranges
                0x0000000000000c78      0x1d8 ./Middlewares/Third_Party/FreeRTOS/Source/CMSIS_RTOS/cmsis_os.o
 .debug_aranges
                0x0000000000000e50       0x70 ./Middlewares/Third_Party/FreeRTOS/Source/event_groups.o
 .debug_aranges
                0x0000000000000ec0       0x40 ./Middlewares/Third_Party/FreeRTOS/Source/list.o
 .debug_aranges
                0x0000000000000f00      0x110 ./Middlewares/Third_Party/FreeRTOS/Source/queue.o
 .debug_aranges
                0x0000000000001010      0x1d0 ./Middlewares/Third_Party/FreeRTOS/Source/tasks.o
 .debug_aranges
                0x00000000000011e0       0xe0 ./Middlewares/Third_Party/FreeRTOS/Source/timers.o
 .debug_aranges
                0x00000000000012c0       0x80 ./Middlewares/Third_Party/FreeRTOS/Source/portable/GCC/ARM_CM4F/port.o
 .debug_aranges
                0x0000000000001340       0x58 ./Middlewares/Third_Party/FreeRTOS/Source/portable/MemMang/heap_4.o

.debug_rnglists
                0x0000000000000000      0xf3c
 .debug_rnglists
                0x0000000000000000       0x19 ./Core/Src/freertos.o
 .debug_rnglists
                0x0000000000000019       0x5a ./Core/Src/main.o
 .debug_rnglists
                0x0000000000000073       0x33 ./Core/Src/stm32f4xx_hal_msp.o
 .debug_rnglists
                0x00000000000000a6       0x20 ./Core/Src/stm32f4xx_hal_timebase_tim.o
 .debug_rnglists
                0x00000000000000c6       0x43 ./Core/Src/stm32f4xx_it.o
 .debug_rnglists
                0x0000000000000109       0x1a ./Core/Src/system_stm32f4xx.o
 .debug_rnglists
                0x0000000000000123       0x19 ./Core/Startup/startup_stm32f401retx.o
 .debug_rnglists
                0x000000000000013c       0xaf ./Drivers/STM32F4xx_HAL_Driver/Src/stm32f4xx_hal.o
 .debug_rnglists
                0x00000000000001eb       0xce ./Drivers/STM32F4xx_HAL_Driver/Src/stm32f4xx_hal_cortex.o
 .debug_rnglists
                0x00000000000002b9       0x70 ./Drivers/STM32F4xx_HAL_Driver/Src/stm32f4xx_hal_dma.o
 .debug_rnglists
                0x0000000000000329       0x3f ./Drivers/STM32F4xx_HAL_Driver/Src/stm32f4xx_hal_gpio.o
 .debug_rnglists
                0x0000000000000368       0x66 ./Drivers/STM32F4xx_HAL_Driver/Src/stm32f4xx_hal_rcc.o
 .debug_rnglists
                0x00000000000003ce      0x31a ./Drivers/STM32F4xx_HAL_Driver/Src/stm32f4xx_hal_tim.o
 .debug_rnglists
                0x00000000000006e8      0x125 ./Drivers/STM32F4xx_HAL_Driver/Src/stm32f4xx_hal_tim_ex.o
 .debug_rnglists
                0x000000000000080d      0x1b7 ./Drivers/STM32F4xx_HAL_Driver/Src/stm32f4xx_hal_uart.o
 .debug_rnglists
                0x00000000000009c4      0x16b ./Middlewares/Third_Party/FreeRTOS/Source/CMSIS_RTOS/cmsis_os.o
 .debug_rnglists
                0x0000000000000b2f       0x52 ./Middlewares/Third_Party/FreeRTOS/Source/event_groups.o
 .debug_rnglists
                0x0000000000000b81       0x2b ./Middlewares/Third_Party/FreeRTOS/Source/list.o
 .debug_rnglists
                0x0000000000000bac       0xd3 ./Middlewares/Third_Party/FreeRTOS/Source/queue.o
 .debug_rnglists
                0x0000000000000c7f      0x173 ./Middlewares/Third_Party/FreeRTOS/Source/tasks.o
 .debug_rnglists
                0x0000000000000df2       0xab ./Middlewares/Third_Party/FreeRTOS/Source/timers.o
 .debug_rnglists
                0x0000000000000e9d       0x5d ./Middlewares/Third_Party/FreeRTOS/Source/portable/GCC/ARM_CM4F/port.o
 .debug_rnglists
                0x0000000000000efa       0x42 ./Middlewares/Third_Party/FreeRTOS/Source/portable/MemMang/heap_4.o

.debug_macro    0x0000000000000000    0x17be0
 .debug_macro   0x0000000000000000      0x240 ./Core/Src/freertos.o
 .debug_macro   0x0000000000000240      0xaa8 ./Core/Src/freertos.o
 .debug_macro   0x0000000000000ce8      0x174 ./Core/Src/freertos.o
 .debug_macro   0x0000000000000e5c       0x22 ./Core/Src/freertos.o
 .debug_macro   0x0000000000000e7e       0x8e ./Core/Src/freertos.o
 .debug_macro   0x0000000000000f0c       0x51 ./Core/Src/freertos.o
 .debug_macro   0x0000000000000f5d      0x103 ./Core/Src/freertos.o
 .debug_macro   0x0000000000001060       0x6a ./Core/Src/freertos.o
 .debug_macro   0x00000000000010ca      0x1df ./Core/Src/freertos.o
 .debug_macro   0x00000000000012a9      0x116 ./Core/Src/freertos.o
 .debug_macro   0x00000000000013bf      0x15a ./Core/Src/freertos.o
 .debug_macro   0x0000000000001519       0xde ./Core/Src/freertos.o
 .debug_macro   0x00000000000015f7       0x1c ./Core/Src/freertos.o
 .debug_macro   0x0000000000001613       0x26 ./Core/Src/freertos.o
 .debug_macro   0x0000000000001639      0x4ef ./Core/Src/freertos.o
 .debug_macro   0x0000000000001b28       0xb5 ./Core/Src/freertos.o
 .debug_macro   0x0000000000001bdd       0xaa ./Core/Src/freertos.o
 .debug_macro   0x0000000000001c87      0x29b ./Core/Src/freertos.o
 .debug_macro   0x0000000000001f22       0x2e ./Core/Src/freertos.o
 .debug_macro   0x0000000000001f50       0x28 ./Core/Src/freertos.o
 .debug_macro   0x0000000000001f78       0x1c ./Core/Src/freertos.o
 .debug_macro   0x0000000000001f94       0x22 ./Core/Src/freertos.o
 .debug_macro   0x0000000000001fb6       0xd9 ./Core/Src/freertos.o
 .debug_macro   0x000000000000208f     0x102d ./Core/Src/freertos.o
 .debug_macro   0x00000000000030bc      0x11f ./Core/Src/freertos.o
 .debug_macro   0x00000000000031db     0xb86c ./Core/Src/freertos.o
 .debug_macro   0x000000000000ea47       0x6d ./Core/Src/freertos.o
 .debug_macro   0x000000000000eab4     0x367e ./Core/Src/freertos.o
 .debug_macro   0x0000000000012132       0x5c ./Core/Src/freertos.o
 .debug_macro   0x000000000001218e      0x416 ./Core/Src/freertos.o
 .debug_macro   0x00000000000125a4      0x9fe ./Core/Src/freertos.o
 .debug_macro   0x0000000000012fa2      0x115 ./Core/Src/freertos.o
 .debug_macro   0x00000000000130b7       0xf8 ./Core/Src/freertos.o
 .debug_macro   0x00000000000131af       0xa5 ./Core/Src/freertos.o
 .debug_macro   0x0000000000013254      0x15f ./Core/Src/freertos.o
 .debug_macro   0x00000000000133b3      0x287 ./Core/Src/freertos.o
 .debug_macro   0x000000000001363a       0x5f ./Core/Src/freertos.o
 .debug_macro   0x0000000000013699      0x236 ./Core/Src/freertos.o
 .debug_macro   0x00000000000138cf      0x132 ./Core/Src/freertos.o
 .debug_macro   0x0000000000013a01      0x264 ./Core/Src/freertos.o
 .debug_macro   0x0000000000013c65       0x2e ./Core/Src/freertos.o
 .debug_macro   0x0000000000013c93      0x11a ./Core/Src/freertos.o
 .debug_macro   0x0000000000013dad       0x85 ./Core/Src/freertos.o
 .debug_macro   0x0000000000013e32       0x89 ./Core/Src/freertos.o
 .debug_macro   0x0000000000013ebb      0x8e6 ./Core/Src/freertos.o
 .debug_macro   0x00000000000147a1       0x47 ./Core/Src/freertos.o
 .debug_macro   0x00000000000147e8      0x295 ./Core/Src/freertos.o
 .debug_macro   0x0000000000014a7d      0x126 ./Core/Src/freertos.o
 .debug_macro   0x0000000000014ba3      0x28b ./Core/Src/main.o
 .debug_macro   0x0000000000014e2e      0x116 ./Core/Src/main.o
 .debug_macro   0x0000000000014f44       0x91 ./Core/Src/main.o
 .debug_macro   0x0000000000014fd5       0x8d ./Core/Src/main.o
 .debug_macro   0x0000000000015062       0x7e ./Core/Src/main.o
 .debug_macro   0x00000000000150e0       0x19 ./Core/Src/main.o
 .debug_macro   0x00000000000150f9       0xf2 ./Core/Src/main.o
 .debug_macro   0x00000000000151eb      0x1d8 ./Core/Src/stm32f4xx_hal_msp.o
 .debug_macro   0x00000000000153c3      0x1ce ./Core/Src/stm32f4xx_hal_timebase_tim.o
 .debug_macro   0x0000000000015591      0x295 ./Core/Src/stm32f4xx_it.o
 .debug_macro   0x0000000000015826      0x1ce ./Core/Src/system_stm32f4xx.o
 .debug_macro   0x00000000000159f4      0x22e ./Drivers/STM32F4xx_HAL_Driver/Src/stm32f4xx_hal.o
 .debug_macro   0x0000000000015c22      0x1ce ./Drivers/STM32F4xx_HAL_Driver/Src/stm32f4xx_hal_cortex.o
 .debug_macro   0x0000000000015df0      0x1d4 ./Drivers/STM32F4xx_HAL_Driver/Src/stm32f4xx_hal_dma.o
 .debug_macro   0x0000000000015fc4      0x1d4 ./Drivers/STM32F4xx_HAL_Driver/Src/stm32f4xx_hal_gpio.o
 .debug_macro   0x0000000000016198      0x1f2 ./Drivers/STM32F4xx_HAL_Driver/Src/stm32f4xx_hal_rcc.o
 .debug_macro   0x000000000001638a      0x1cf ./Drivers/STM32F4xx_HAL_Driver/Src/stm32f4xx_hal_tim.o
 .debug_macro   0x0000000000016559      0x1ce ./Drivers/STM32F4xx_HAL_Driver/Src/stm32f4xx_hal_tim_ex.o
 .debug_macro   0x0000000000016727      0x1cf ./Drivers/STM32F4xx_HAL_Driver/Src/stm32f4xx_hal_uart.o
 .debug_macro   0x00000000000168f6      0x1fe ./Middlewares/Third_Party/FreeRTOS/Source/CMSIS_RTOS/cmsis_os.o
 .debug_macro   0x0000000000016af4       0x10 ./Middlewares/Third_Party/FreeRTOS/Source/CMSIS_RTOS/cmsis_os.o
 .debug_macro   0x0000000000016b04       0x20 ./Middlewares/Third_Party/FreeRTOS/Source/CMSIS_RTOS/cmsis_os.o
 .debug_macro   0x0000000000016b24       0xc7 ./Middlewares/Third_Party/FreeRTOS/Source/CMSIS_RTOS/cmsis_os.o
 .debug_macro   0x0000000000016beb      0x1e0 ./Middlewares/Third_Party/FreeRTOS/Source/event_groups.o
 .debug_macro   0x0000000000016dcb      0x10e ./Middlewares/Third_Party/FreeRTOS/Source/event_groups.o
 .debug_macro   0x0000000000016ed9       0x8d ./Middlewares/Third_Party/FreeRTOS/Source/event_groups.o
 .debug_macro   0x0000000000016f66      0x187 ./Middlewares/Third_Party/FreeRTOS/Source/list.o
 .debug_macro   0x00000000000170ed      0x216 ./Middlewares/Third_Party/FreeRTOS/Source/queue.o
 .debug_macro   0x0000000000017303       0x16 ./Middlewares/Third_Party/FreeRTOS/Source/queue.o
 .debug_macro   0x0000000000017319       0x87 ./Middlewares/Third_Party/FreeRTOS/Source/queue.o
 .debug_macro   0x00000000000173a0      0x279 ./Middlewares/Third_Party/FreeRTOS/Source/tasks.o
 .debug_macro   0x0000000000017619       0x10 ./Middlewares/Third_Party/FreeRTOS/Source/tasks.o
 .debug_macro   0x0000000000017629      0x1dc ./Middlewares/Third_Party/FreeRTOS/Source/timers.o
 .debug_macro   0x0000000000017805       0x97 ./Middlewares/Third_Party/FreeRTOS/Source/timers.o
 .debug_macro   0x000000000001789c      0x196 ./Middlewares/Third_Party/FreeRTOS/Source/portable/GCC/ARM_CM4F/port.o
 .debug_macro   0x0000000000017a32      0x1ae ./Middlewares/Third_Party/FreeRTOS/Source/portable/MemMang/heap_4.o

.debug_line     0x0000000000000000    0x16208
 .debug_line    0x0000000000000000      0x838 ./Core/Src/freertos.o
 .debug_line    0x0000000000000838      0xc52 ./Core/Src/main.o
 .debug_line    0x000000000000148a      0x7e7 ./Core/Src/stm32f4xx_hal_msp.o
 .debug_line    0x0000000000001c71      0x796 ./Core/Src/stm32f4xx_hal_timebase_tim.o
 .debug_line    0x0000000000002407      0x96e ./Core/Src/stm32f4xx_it.o
 .debug_line    0x0000000000002d75      0x79c ./Core/Src/system_stm32f4xx.o
 .debug_line    0x0000000000003511       0x7a ./Core/Startup/startup_stm32f401retx.o
 .debug_line    0x000000000000358b      0xa02 ./Drivers/STM32F4xx_HAL_Driver/Src/stm32f4xx_hal.o
 .debug_line    0x0000000000003f8d      0xcb1 ./Drivers/STM32F4xx_HAL_Driver/Src/stm32f4xx_hal_cortex.o
 .debug_line    0x0000000000004c3e      0xf66 ./Drivers/STM32F4xx_HAL_Driver/Src/stm32f4xx_hal_dma.o
 .debug_line    0x0000000000005ba4      0xb3a ./Drivers/STM32F4xx_HAL_Driver/Src/stm32f4xx_hal_gpio.o
 .debug_line    0x00000000000066de      0xd79 ./Drivers/STM32F4xx_HAL_Driver/Src/stm32f4xx_hal_rcc.o
 .debug_line    0x0000000000007457     0x34c8 ./Drivers/STM32F4xx_HAL_Driver/Src/stm32f4xx_hal_tim.o
 .debug_line    0x000000000000a91f     0x199a ./Drivers/STM32F4xx_HAL_Driver/Src/stm32f4xx_hal_tim_ex.o
 .debug_line    0x000000000000c2b9     0x2aa4 ./Drivers/STM32F4xx_HAL_Driver/Src/stm32f4xx_hal_uart.o
 .debug_line    0x000000000000ed5d     0x12ed ./Middlewares/Third_Party/FreeRTOS/Source/CMSIS_RTOS/cmsis_os.o
 .debug_line    0x000000000001004a      0xb03 ./Middlewares/Third_Party/FreeRTOS/Source/event_groups.o
 .debug_line    0x0000000000010b4d      0x779 ./Middlewares/Third_Party/FreeRTOS/Source/list.o
 .debug_line    0x00000000000112c6     0x1541 ./Middlewares/Third_Party/FreeRTOS/Source/queue.o
 .debug_line    0x0000000000012807     0x1ab8 ./Middlewares/Third_Party/FreeRTOS/Source/tasks.o
 .debug_line    0x00000000000142bf      0xdad ./Middlewares/Third_Party/FreeRTOS/Source/timers.o
 .debug_line    0x000000000001506c      0x7fc ./Middlewares/Third_Party/FreeRTOS/Source/portable/GCC/ARM_CM4F/port.o
 .debug_line    0x0000000000015868      0x9a0 ./Middlewares/Third_Party/FreeRTOS/Source/portable/MemMang/heap_4.o

.debug_str      0x0000000000000000    0x9645d
 .debug_str     0x0000000000000000    0x89b56 ./Core/Src/freertos.o
                                      0x89e18 (size before relaxing)
 .debug_str     0x0000000000089b56     0x3196 ./Core/Src/main.o
                                      0x8cf9b (size before relaxing)
 .debug_str     0x000000000008ccec      0x4da ./Core/Src/stm32f4xx_hal_msp.o
                                      0x86afe (size before relaxing)
 .debug_str     0x000000000008d1c6       0xdf ./Core/Src/stm32f4xx_hal_timebase_tim.o
                                      0x86956 (size before relaxing)
 .debug_str     0x000000000008d2a5       0xeb ./Core/Src/stm32f4xx_it.o
                                      0x8c5f8 (size before relaxing)
 .debug_str     0x000000000008d390       0xdb ./Core/Src/system_stm32f4xx.o
                                      0x85fc1 (size before relaxing)
 .debug_str     0x000000000008d46b       0x34 ./Core/Startup/startup_stm32f401retx.o
                                         0x82 (size before relaxing)
 .debug_str     0x000000000008d49f      0x5d3 ./Drivers/STM32F4xx_HAL_Driver/Src/stm32f4xx_hal.o
                                      0x869e3 (size before relaxing)
 .debug_str     0x000000000008da72      0x31d ./Drivers/STM32F4xx_HAL_Driver/Src/stm32f4xx_hal_cortex.o
                                      0x86704 (size before relaxing)
 .debug_str     0x000000000008dd8f      0x323 ./Drivers/STM32F4xx_HAL_Driver/Src/stm32f4xx_hal_dma.o
                                      0x863c9 (size before relaxing)
 .debug_str     0x000000000008e0b2      0x158 ./Drivers/STM32F4xx_HAL_Driver/Src/stm32f4xx_hal_gpio.o
                                      0x8613c (size before relaxing)
 .debug_str     0x000000000008e20a      0x1fd ./Drivers/STM32F4xx_HAL_Driver/Src/stm32f4xx_hal_rcc.o
                                      0x863f5 (size before relaxing)
 .debug_str     0x000000000008e407      0xcf4 ./Drivers/STM32F4xx_HAL_Driver/Src/stm32f4xx_hal_tim.o
                                      0x87329 (size before relaxing)
 .debug_str     0x000000000008f0fb      0x493 ./Drivers/STM32F4xx_HAL_Driver/Src/stm32f4xx_hal_tim_ex.o
                                      0x86b45 (size before relaxing)
 .debug_str     0x000000000008f58e      0x5d7 ./Drivers/STM32F4xx_HAL_Driver/Src/stm32f4xx_hal_uart.o
                                      0x86982 (size before relaxing)
 .debug_str     0x000000000008fb65     0x3bc4 ./Middlewares/Third_Party/FreeRTOS/Source/CMSIS_RTOS/cmsis_os.o
                                       0xe86c (size before relaxing)
 .debug_str     0x0000000000093729      0x535 ./Middlewares/Third_Party/FreeRTOS/Source/event_groups.o
                                       0xc072 (size before relaxing)
 .debug_str     0x0000000000093c5e       0xaf ./Middlewares/Third_Party/FreeRTOS/Source/list.o
                                       0xab22 (size before relaxing)
 .debug_str     0x0000000000093d0d      0x7ad ./Middlewares/Third_Party/FreeRTOS/Source/queue.o
                                       0xc506 (size before relaxing)
 .debug_str     0x00000000000944ba      0xf60 ./Middlewares/Third_Party/FreeRTOS/Source/tasks.o
                                       0xcf5c (size before relaxing)
 .debug_str     0x000000000009541a      0x59c ./Middlewares/Third_Party/FreeRTOS/Source/timers.o
                                       0xcb36 (size before relaxing)
 .debug_str     0x00000000000959b6      0x783 ./Middlewares/Third_Party/FreeRTOS/Source/portable/GCC/ARM_CM4F/port.o
                                       0x8767 (size before relaxing)
 .debug_str     0x0000000000096139      0x324 ./Middlewares/Third_Party/FreeRTOS/Source/portable/MemMang/heap_4.o
                                       0xb464 (size before relaxing)

.debug_frame    0x0000000000000000     0x52ac
 .debug_frame   0x0000000000000000       0x60 ./Core/Src/freertos.o
 .debug_frame   0x0000000000000060      0x194 ./Core/Src/main.o